###############################################################################
#
# IAR ELF Linker V7.30.3.8024/W32 for ARM                 15/Apr/2018  10:58:36
# Copyright 2007-2014 IAR Systems AB.
#
#    Output file  =  
#        F:\LoRaProduct\source
#        code\LoRaMac-node\IAR\Debug\Exe\LoRaMac-node.out.tmp
#    Map file     =  
#        F:\LoRaProduct\source
#        code\LoRaMac-node\IAR\Debug\List\LoRaMac-node.map
#    Command line =  
#        "F:\LoRaProduct\source code\LoRaMac-node\IAR\Debug\Obj\acmp_8xx.o"
#        "F:\LoRaProduct\source code\LoRaMac-node\IAR\Debug\Obj\adc_8xx.o"
#        "F:\LoRaProduct\source code\LoRaMac-node\IAR\Debug\Obj\aes.o"
#        "F:\LoRaProduct\source code\LoRaMac-node\IAR\Debug\Obj\board.o"
#        "F:\LoRaProduct\source
#        code\LoRaMac-node\IAR\Debug\Obj\board_sysinit.o"
#        "F:\LoRaProduct\source code\LoRaMac-node\IAR\Debug\Obj\chip_8xx.o"
#        "F:\LoRaProduct\source code\LoRaMac-node\IAR\Debug\Obj\clock_8xx.o"
#        "F:\LoRaProduct\source code\LoRaMac-node\IAR\Debug\Obj\cmac.o"
#        "F:\LoRaProduct\source code\LoRaMac-node\IAR\Debug\Obj\crc_8xx.o"
#        "F:\LoRaProduct\source code\LoRaMac-node\IAR\Debug\Obj\delay-board.o"
#        "F:\LoRaProduct\source code\LoRaMac-node\IAR\Debug\Obj\dma_8xx.o"
#        "F:\LoRaProduct\source code\LoRaMac-node\IAR\Debug\Obj\eeprom-board.o"
#        "F:\LoRaProduct\source code\LoRaMac-node\IAR\Debug\Obj\eeprom.o"
#        "F:\LoRaProduct\source code\LoRaMac-node\IAR\Debug\Obj\frame.o"
#        "F:\LoRaProduct\source code\LoRaMac-node\IAR\Debug\Obj\gpio-board.o"
#        "F:\LoRaProduct\source code\LoRaMac-node\IAR\Debug\Obj\gpio_8xx.o"
#        "F:\LoRaProduct\source code\LoRaMac-node\IAR\Debug\Obj\hex.o"
#        "F:\LoRaProduct\source
#        code\LoRaMac-node\IAR\Debug\Obj\i2c_common_8xx.o"
#        "F:\LoRaProduct\source code\LoRaMac-node\IAR\Debug\Obj\i2cm_8xx.o"
#        "F:\LoRaProduct\source code\LoRaMac-node\IAR\Debug\Obj\i2cs_8xx.o"
#        "F:\LoRaProduct\source code\LoRaMac-node\IAR\Debug\Obj\iap.o"
#        "F:\LoRaProduct\source
#        code\LoRaMac-node\IAR\Debug\Obj\iar_startup_lpc82x.o"
#        "F:\LoRaProduct\source code\LoRaMac-node\IAR\Debug\Obj\iocon_8xx.o"
#        "F:\LoRaProduct\source code\LoRaMac-node\IAR\Debug\Obj\irc_8xx.o"
#        "F:\LoRaProduct\source code\LoRaMac-node\IAR\Debug\Obj\LoRaMac.o"
#        "F:\LoRaProduct\source
#        code\LoRaMac-node\IAR\Debug\Obj\LoRaMacCrypto.o"
#        "F:\LoRaProduct\source code\LoRaMac-node\IAR\Debug\Obj\lpc824board.o"
#        "F:\LoRaProduct\source code\LoRaMac-node\IAR\Debug\Obj\main.o"
#        "F:\LoRaProduct\source code\LoRaMac-node\IAR\Debug\Obj\modem.o"
#        "F:\LoRaProduct\source code\LoRaMac-node\IAR\Debug\Obj\pinint_8xx.o"
#        "F:\LoRaProduct\source code\LoRaMac-node\IAR\Debug\Obj\pmu_8xx.o"
#        "F:\LoRaProduct\source code\LoRaMac-node\IAR\Debug\Obj\Region.o"
#        "F:\LoRaProduct\source code\LoRaMac-node\IAR\Debug\Obj\RegionCN470.o"
#        "F:\LoRaProduct\source code\LoRaMac-node\IAR\Debug\Obj\RegionCommon.o"
#        "F:\LoRaProduct\source code\LoRaMac-node\IAR\Debug\Obj\ring_buffer.o"
#        "F:\LoRaProduct\source code\LoRaMac-node\IAR\Debug\Obj\rtc_ut.o"
#        "F:\LoRaProduct\source code\LoRaMac-node\IAR\Debug\Obj\sct_8xx.o"
#        "F:\LoRaProduct\source code\LoRaMac-node\IAR\Debug\Obj\sct_pwm_8xx.o"
#        "F:\LoRaProduct\source code\LoRaMac-node\IAR\Debug\Obj\spi-board.o"
#        "F:\LoRaProduct\source code\LoRaMac-node\IAR\Debug\Obj\spi_8xx.o"
#        "F:\LoRaProduct\source code\LoRaMac-node\IAR\Debug\Obj\spim_8xx.o"
#        "F:\LoRaProduct\source code\LoRaMac-node\IAR\Debug\Obj\spis_8xx.o"
#        "F:\LoRaProduct\source
#        code\LoRaMac-node\IAR\Debug\Obj\stopwatch_8xx.o"
#        "F:\LoRaProduct\source code\LoRaMac-node\IAR\Debug\Obj\swm_8xx.o"
#        "F:\LoRaProduct\source code\LoRaMac-node\IAR\Debug\Obj\sx1276-board.o"
#        "F:\LoRaProduct\source code\LoRaMac-node\IAR\Debug\Obj\sx1276.o"
#        "F:\LoRaProduct\source code\LoRaMac-node\IAR\Debug\Obj\syscon_8xx.o"
#        "F:\LoRaProduct\source code\LoRaMac-node\IAR\Debug\Obj\sysinit.o"
#        "F:\LoRaProduct\source code\LoRaMac-node\IAR\Debug\Obj\sysinit_8xx.o"
#        "F:\LoRaProduct\source code\LoRaMac-node\IAR\Debug\Obj\timer.o"
#        "F:\LoRaProduct\source code\LoRaMac-node\IAR\Debug\Obj\uart-board.o"
#        "F:\LoRaProduct\source code\LoRaMac-node\IAR\Debug\Obj\uart_8xx.o"
#        "F:\LoRaProduct\source code\LoRaMac-node\IAR\Debug\Obj\utilities.o"
#        "F:\LoRaProduct\source code\LoRaMac-node\IAR\Debug\Obj\wkt_8xx.o"
#        "F:\LoRaProduct\source code\LoRaMac-node\IAR\Debug\Obj\wwdt_8xx.o" -o
#        "F:\LoRaProduct\source
#        code\LoRaMac-node\IAR\Debug\Exe\LoRaMac-node.out.tmp" --map
#        "F:\LoRaProduct\source
#        code\LoRaMac-node\IAR\Debug\List\LoRaMac-node.map" --config
#        "C:\Program Files (x86)\IAR Systems\Embedded Workbench
#        7.0\arm\config\linker\NXP\LPC824M201.icf" --semihosting --entry
#        __iar_program_start --vfe
#
###############################################################################

*******************************************************************************
*** RUNTIME MODEL ATTRIBUTES
***

CppFlavor       = *
__SystemLibrary = DLib


*******************************************************************************
*** PLACEMENT SUMMARY
***

"A1":  place at 0x00000000 { ro section .intvec };
"P1":  place in [from 0x00000000 to 0x000002fb] |
                [from 0x00000300 to 0x00007fff] { ro };
"P2":  place in [from 0x10000000 to 0x10001fff] { rw, block CSTACK, block HEAP };
"P3":  place in [from 0x000002fc to 0x000002ff] { section .crp };

  Section            Kind        Address    Size  Object
  -------            ----        -------    ----  ------
"A1":                                       0xc0
  .intvec            ro code  0x00000000    0xc0  iar_startup_lpc82x.o [1]
                            - 0x000000c0    0xc0

"P1", part 1 of 2:                         0x1c4
  .text              ro code  0x000000c0    0x5c  ABImemcpy.o [5]
  .text              ro code  0x0000011c    0xc4  eeprom-board.o [1]
  .text              ro code  0x000001e0     0x2  iar_startup_lpc82x.o [1]
  .text              ro code  0x000001e4    0x40  ABImemset.o [5]
  .text              ro code  0x00000224    0x10  chip_8xx.o [1]
  .text              ro code  0x00000234     0x2  iar_startup_lpc82x.o [1]
  .text              ro code  0x00000236     0x2  iar_startup_lpc82x.o [1]
  .text              ro code  0x00000238    0x3c  wkt_8xx.o [1]
  .text              ro code  0x00000274    0x10  strlen.o [5]
  .rodata            const    0x00000284     0x0  zero_init3.o [5]
  .rodata            const    0x00000284     0x0  packbits_init.o [5]
                            - 0x00000284   0x1c4

"P3":                                        0x4
  .crp               ro code  0x000002fc     0x4  iar_startup_lpc82x.o [1]
                            - 0x00000300     0x4

"P1", part 2 of 2:                        0x7ba5
  .text              ro code  0x00000300  0x1b08  LoRaMac.o [1]
  .text              ro code  0x00001e08   0x368  timer.o [1]
  .text              ro code  0x00002170   0x134  Region.o [1]
  .text              ro code  0x000022a4   0x288  LoRaMacCrypto.o [1]
  .text              ro code  0x0000252c   0x6ec  RegionCN470.o [1]
  .text              ro code  0x00002c18    0x88  utilities.o [1]
  .text              ro code  0x00002ca0   0x174  board.o [1]
  .text              ro code  0x00002e14   0x114  frame.o [1]
  .text              ro code  0x00002f28   0x1bc  uart_8xx.o [1]
  .text              ro code  0x000030e4    0x2a  delay-board.o [1]
  .text              ro code  0x0000310e    0x2a  zero_init3.o [5]
  .text              ro code  0x00003138   0xa70  modem.o [1]
  .text              ro code  0x00003ba8   0x24a  cmac.o [1]
  .text              ro code  0x00003df2     0x2  iar_startup_lpc82x.o [1]
  .text              ro code  0x00003df4   0x7c0  aes.o [1]
  .text              ro code  0x000045b4   0x2d6  RegionCommon.o [1]
  .text              ro code  0x0000488a    0xe0  I32DivModFast.o [5]
  .text              ro code  0x0000496c    0xb0  iap.o [1]
  .text              ro code  0x00004a1c   0x29d  lpc824board.o [1]
  .text              ro code  0x00004cbc   0x160  uart-board.o [1]
  .text              ro code  0x00004e1c   0x170  spi-board.o [1]
  .text              ro code  0x00004f8c   0x260  clock_8xx.o [1]
  .text              ro code  0x000051ec   0x1d6  ring_buffer.o [1]
  .text              ro code  0x000053c4    0x60  syscon_8xx.o [1]
  .text              ro code  0x00005424    0x7e  pmu_8xx.o [1]
  .text              ro code  0x000054a4   0x228  hex.o [1]
  .text              ro code  0x000056cc   0x5a0  main.o [1]
  .text              ro code  0x00005c6c    0x34  I32ToDbl.o [4]
  .text              ro code  0x00005ca0    0xc2  DblDiv.o [4]
  .text              ro code  0x00005d62   0x184  DblMul.o [4]
  .text              ro code  0x00005ee6   0x1b4  DblAddSub.o [4]
  .text              ro code  0x0000609c    0x58  ceil.o [4]
  .text              ro code  0x000060f4    0x52  DblToI32.o [4]
  .text              ro code  0x00006148    0x1e  I32ToFlt.o [4]
  .text              ro code  0x00006166   0x116  FltAddSub.o [4]
  .text              ro code  0x0000627c    0x32  FltToDbl.o [4]
  .text              ro code  0x000062b0    0x58  floor.o [4]
  .text              ro code  0x00006308     0x2  IntDivZer.o [5]
  .text              ro code  0x0000630c    0x12  iocon_8xx.o [1]
  .text              ro code  0x00006320    0x26  gpio_8xx.o [1]
  .text              ro code  0x00006348    0x28  swm_8xx.o [1]
  .text              ro code  0x00006370    0x44  spim_8xx.o [1]
  .text              ro code  0x000063b4    0x2e  spi_8xx.o [1]
  .text              ro code  0x000063e2    0x6a  I64DivMod.o [5]
  .text              ro code  0x0000644c     0x2  I64DivZer.o [5]
  .text              ro code  0x00006450   0x350  sx1276-board.o [1]
  .text              ro code  0x000067a0    0x32  DblCmpGe.o [4]
  .text              ro code  0x000067d4   0x44c  irc_8xx.o [1]
  .text              ro code  0x00006c20    0xd8  packbits_init.o [5]
  .text              ro code  0x00006cf8     0xa  abort.o [3]
  .text              ro code  0x00006d04    0x14  exit.o [6]
  .rodata            const    0x00006d18    0xd4  modem.o [1]
  .rodata            const    0x00006dec    0x6c  sx1276-board.o [1]
  .text              ro code  0x00006e58    0x3e  board_sysinit.o [1]
  .text              ro code  0x00006e98    0x14  sysinit_8xx.o [1]
  .text              ro code  0x00006eac    0x28  data_init.o [5]
  .iar.init_table    const    0x00006ed4    0x2c  - Linker created -
  .text              ro code  0x00006f00    0x1a  cmain.o [5]
  .text              ro code  0x00006f1a     0x4  low_level_init.o [3]
  .text              ro code  0x00006f1e     0x8  exit.o [3]
  .text              ro code  0x00006f28     0xa  cexit.o [5]
  .text              ro code  0x00006f34    0x10  iar_startup_lpc82x.o [1]
  .text              ro code  0x00006f44     0xc  cstartup_M.o [5]
  .rodata            const    0x00006f50     0x8  lpc824board.o [1]
  .text              ro code  0x00006f58     0x8  sysinit.o [1]
  .text              ro code  0x00006f60     0x4  iar_startup_lpc82x.o [1]
  .text              ro code  0x00006f64   0xea4  sx1276.o [1]
  Initializer bytes  ro data  0x00007e08    0x9d  <for P2 s0>
                            - 0x00007ea5  0x7ba5

"P2":                                     0x19b8
  P2 s0                       0x10000000   0x45c  <Init block>
    .data            inited   0x10000000   0x138  LoRaMacCrypto.o [1]
    .data            inited   0x10000138   0x114  LoRaMacCrypto.o [1]
    .data            inited   0x1000024c    0xe0  LoRaMac.o [1]
    .data            inited   0x1000032c    0x80  modem.o [1]
    .data            inited   0x100003ac    0x68  main.o [1]
    .data            inited   0x10000414    0x20  sx1276.o [1]
    .data            inited   0x10000434    0x10  RegionCN470.o [1]
    .data            inited   0x10000444     0xc  board.o [1]
    .data            inited   0x10000450     0x8  RegionCN470.o [1]
    .data            inited   0x10000458     0x4  utilities.o [1]
  .bss               zero     0x1000045c   0x48c  RegionCN470.o [1]
  .bss               zero     0x100008e8   0x284  modem.o [1]
  .bss               zero     0x10000b6c   0x228  sx1276.o [1]
  .bss               zero     0x10000d94   0x228  uart-board.o [1]
  .bss               zero     0x10000fbc   0x118  LoRaMac.o [1]
  .bss               zero     0x100010d4   0x100  LoRaMac.o [1]
  .bss               zero     0x100011d4   0x100  LoRaMac.o [1]
  .bss               zero     0x100012d4    0xf4  main.o [1]
  .bss               zero     0x100013c8    0x80  eeprom-board.o [1]
  .bss               zero     0x10001448    0x70  LoRaMac.o [1]
  .bss               zero     0x100014b8    0x54  modem.o [1]
  .bss               zero     0x1000150c    0x4c  LoRaMac.o [1]
  .bss               zero     0x10001558    0x1c  LoRaMac.o [1]
  .bss               zero     0x10001574    0x14  LoRaMac.o [1]
  .bss               zero     0x10001588    0x10  frame.o [1]
  .bss               zero     0x10001598     0xc  RegionCN470.o [1]
  .bss               zero     0x100015a4     0x4  chip_8xx.o [1]
  .bss               zero     0x100015a8     0x4  timer.o [1]
  .bss               zero     0x100015ac     0x2  irc_8xx.o [1]
  .bss               zero     0x100015ae     0x1  board.o [1]
  .bss               zero     0x100015af     0x1  lpc824board.o [1]
  .bss               zero     0x100015b0     0x1  main.o [1]
  .bss               zero     0x100015b1     0x1  modem.o [1]
  .bss               zero     0x100015b2     0x1  sx1276-board.o [1]
  CSTACK                      0x100015b8   0x400  <Block>
    CSTACK           uninit   0x100015b8   0x400  <Block tail>
                            - 0x100019b8  0x19b8


*******************************************************************************
*** INIT TABLE
***

          Address     Size
          -------     ----
Zero (__iar_zero_init3)
    1 destination range, total size 0x1157:
          0x1000045c  0x1157

Copy/packbits (__iar_packbits_init3)
    1 source range, total size 0x9d (14% of destination):
          0x00007e08    0x9d
    1 destination range, total size 0x45c:
          0x10000000   0x45c



*******************************************************************************
*** MODULE SUMMARY
***

    Module                ro code  ro data  rw data
    ------                -------  -------  -------
F:\LoRaProduct\source code\LoRaMac-node\IAR\Debug\Obj: [1]
    LoRaMac.o               6 920       32    1 252
    LoRaMacCrypto.o           648       82      588
    Region.o                  308
    RegionCN470.o           1 772        3    1 200
    RegionCommon.o            726
    aes.o                   1 984
    board.o                   372        2       13
    board_sysinit.o            62
    chip_8xx.o                 16                 4
    clock_8xx.o               608
    cmac.o                    586
    delay-board.o              42
    eeprom-board.o            196               128
    frame.o                   276                16
    gpio_8xx.o                 38
    hex.o                     552
    iap.o                     176
    iar_startup_lpc82x.o      224
    iocon_8xx.o                18
    irc_8xx.o               1 100                 2
    lpc824board.o             669        8        1
    main.o                  1 440       14      349
    modem.o                 2 672      230      857
    pmu_8xx.o                 126
    ring_buffer.o             470
    spi-board.o               368
    spi_8xx.o                  46
    spim_8xx.o                 68
    swm_8xx.o                  40
    sx1276-board.o            848      108        1
    sx1276.o                3 748        5      584
    syscon_8xx.o               96
    sysinit.o                   8
    sysinit_8xx.o              20
    timer.o                   872                 4
    uart-board.o              352               552
    uart_8xx.o                444
    utilities.o               136        1        4
    wkt_8xx.o                  60
    -----------------------------------------------
    Total:                 29 107      485    5 555

command line: [2]
    -----------------------------------------------
    Total:

dl6M_tln.a: [3]
    abort.o                    10
    exit.o                      8
    low_level_init.o            4
    -----------------------------------------------
    Total:                     22

m6M_tl.a: [4]
    DblAddSub.o               436
    DblCmpGe.o                 50
    DblDiv.o                  194
    DblMul.o                  388
    DblToI32.o                 82
    FltAddSub.o               278
    FltToDbl.o                 50
    I32ToDbl.o                 52
    I32ToFlt.o                 30
    ceil.o                     88
    floor.o                    88
    -----------------------------------------------
    Total:                  1 736

rt6M_tl.a: [5]
    ABImemcpy.o                92
    ABImemset.o                64
    I32DivModFast.o           224
    I64DivMod.o               106
    I64DivZer.o                 2
    IntDivZer.o                 2
    cexit.o                    10
    cmain.o                    26
    cstartup_M.o               12
    data_init.o                40
    packbits_init.o           216
    strlen.o                   16
    zero_init3.o               42
    -----------------------------------------------
    Total:                    852

shb_l.a: [6]
    exit.o                     20
    -----------------------------------------------
    Total:                     20

    Gaps                       35
    Linker created                      44    1 024
---------------------------------------------------
    Grand Total:           31 772      529    6 579


*******************************************************************************
*** ENTRY LIST
***

Entry                      Address   Size  Type      Object
-----                      -------   ----  ----      ------
?main                   0x00006f01         Code  Gb  cmain.o [5]
AES_CMAC_Final          0x00003ca5  0x14e  Code  Gb  cmac.o [1]
AES_CMAC_Init           0x00003ba9   0x22  Code  Gb  cmac.o [1]
AES_CMAC_SetKey         0x00003bcb   0x10  Code  Gb  cmac.o [1]
AES_CMAC_Update         0x00003bdb   0xca  Code  Gb  cmac.o [1]
AckTimeoutRetries       0x10000268    0x1  Data  Lc  LoRaMac.o [1]
AckTimeoutRetriesCounter
                        0x10000269    0x1  Data  Lc  LoRaMac.o [1]
AckTimeoutRetry         0x1000026a    0x1  Data  Lc  LoRaMac.o [1]
AckTimeoutTimer         0x10001524   0x14  Data  Lc  LoRaMac.o [1]
AdrAckCounter           0x10000298    0x4  Data  Lc  LoRaMac.o [1]
AdrCtrlOn               0x1000025e    0x1  Data  Lc  LoRaMac.o [1]
AesCmacCtx              0x10000020  0x118  Data  Lc  LoRaMacCrypto.o [1]
AesContext              0x10000158   0xf4  Data  Lc  LoRaMacCrypto.o [1]
AggregatedDCycle        0x10000274    0x2  Data  Lc  LoRaMac.o [1]
AggregatedLastTxDoneTime
                        0x1000029c    0x4  Data  Lc  LoRaMac.o [1]
AggregatedTimeOff       0x100002a0    0x4  Data  Lc  LoRaMac.o [1]
AppData                 0x100012d4   0xf4  Data  Lc  main.o [1]
AppDataSize             0x100003c1    0x1  Data  Lc  main.o [1]
AppEui                  0x100003e8    0x8  Data  Lc  main.o [1]
AppKey                  0x100003f0   0x10  Data  Lc  main.o [1]
AppLedStateOn           0x100003c4    0x1  Data  Lc  main.o [1]
AppPort                 0x100003c0    0x1  Data  Lc  main.o [1]
Bands                   0x10000434   0x10  Data  Lc  RegionCN470.o [1]
BandwidthsCN470         0x00002980   0x18  Data  Lc  RegionCN470.o [1]
BoardDisableIrq         0x00002d31    0xc  Code  Gb  board.o [1]
BoardEnableIrq          0x00002d3d   0x12  Code  Gb  board.o [1]
BoardGetRandomSeed      0x00002d9f   0x1c  Code  Gb  board.o [1]
BoardGetUniqueId        0x00002dbb   0x16  Code  Gb  board.o [1]
BoardInitMcu            0x00002d4f   0x44  Code  Gb  board.o [1]
BoardResetMcu           0x00002d93    0xc  Code  Gb  board.o [1]
Board_GPIO_Init         0x00004ae1  0x1bc  Code  Gb  lpc824board.o [1]
Board_Init              0x00004ca5   0x14  Code  Gb  lpc824board.o [1]
Board_LED_Get           0x00004ac9    0x6  Code  Gb  lpc824board.o [1]
Board_LED_Init          0x00004a7d   0x2e  Code  Lc  lpc824board.o [1]
Board_LED_Set           0x00004aab   0x1e  Code  Gb  lpc824board.o [1]
Board_SetupClocking     0x00006e7f    0xc  Code  Gb  board_sysinit.o [1]
Board_SetupMuxing       0x00006e75    0xa  Code  Gb  board_sysinit.o [1]
Board_SystemInit        0x00006e8b    0xc  Code  Gb  board_sysinit.o [1]
CSTACK$$Base            0x100015b8          --   Gb  - Linker created -
CSTACK$$Limit           0x100019b8          --   Gb  - Linker created -
CalculateBackOff        0x00001089   0x38  Code  Lc  LoRaMac.o [1]
Channel                 0x10000266    0x1  Data  Lc  LoRaMac.o [1]
Channels                0x1000045c  0x480  Data  Lc  RegionCN470.o [1]
ChannelsDefaultMask     0x10001598    0xc  Data  Lc  RegionCN470.o [1]
ChannelsMask            0x100008dc    0xc  Data  Lc  RegionCN470.o [1]
ChannelsNbRepCounter    0x10000264    0x1  Data  Lc  LoRaMac.o [1]
CheckToDisableAckTimeout
                        0x00000df9   0x2c  Code  Lc  LoRaMac.o [1]
Chip_Clock_DisablePeriphClock
                        0x00004a2f   0x12  Code  Lc  lpc824board.o [1]
Chip_Clock_DisablePeriphClock
                        0x00004e63   0x12  Code  Lc  spi-board.o [1]
Chip_Clock_DisablePeriphClock
                        0x00004cdd   0x12  Code  Lc  uart-board.o [1]
Chip_Clock_EnablePeriphClock
                        0x00002d1f   0x12  Code  Lc  board.o [1]
Chip_Clock_EnablePeriphClock
                        0x00006e59   0x12  Code  Lc  board_sysinit.o [1]
Chip_Clock_EnablePeriphClock
                        0x00006321   0x12  Code  Lc  gpio_8xx.o [1]
Chip_Clock_EnablePeriphClock
                        0x00004a1d   0x12  Code  Lc  lpc824board.o [1]
Chip_Clock_EnablePeriphClock
                        0x00003187   0x12  Code  Lc  modem.o [1]
Chip_Clock_EnablePeriphClock
                        0x00004e51   0x12  Code  Lc  spi-board.o [1]
Chip_Clock_EnablePeriphClock
                        0x000064bb   0x12  Code  Lc  sx1276-board.o [1]
Chip_Clock_EnablePeriphClock
                        0x00004ccb   0x12  Code  Lc  uart-board.o [1]
Chip_Clock_EnablePeriphClock
                        0x00002f5d   0x12  Code  Lc  uart_8xx.o [1]
Chip_Clock_GetExtClockInRate
                        0x00004ff5    0x6  Code  Lc  clock_8xx.o [1]
Chip_Clock_GetIntOscRate
                        0x00004ff1    0x4  Code  Lc  clock_8xx.o [1]
Chip_Clock_GetMainClockRate
                        0x00005099   0x32  Code  Gb  clock_8xx.o [1]
Chip_Clock_GetMainOscRate
                        0x00004feb    0x6  Code  Lc  clock_8xx.o [1]
Chip_Clock_GetPLLFreq   0x0000501d    0xe  Code  Lc  clock_8xx.o [1]
Chip_Clock_GetSystemClockRate
                        0x000050cb   0x12  Code  Gb  clock_8xx.o [1]
Chip_Clock_GetSystemPLLInClockRate
                        0x00005057   0x2c  Code  Gb  clock_8xx.o [1]
Chip_Clock_GetSystemPLLOutClockRate
                        0x00005083   0x16  Code  Gb  clock_8xx.o [1]
Chip_Clock_GetUARTClockDiv
                        0x00004fc7    0x8  Code  Lc  clock_8xx.o [1]
Chip_Clock_GetUSARTNBaseClockRate
                        0x000050dd   0x44  Code  Gb  clock_8xx.o [1]
Chip_Clock_GetWDTLFORate
                        0x00004ffd   0x20  Code  Lc  clock_8xx.o [1]
Chip_Clock_GetWDTOSCRate
                        0x00005047   0x10  Code  Gb  clock_8xx.o [1]
Chip_Clock_IsSystemPLLLocked
                        0x000067e7    0xc  Code  Lc  irc_8xx.o [1]
Chip_Clock_SetMainClockSource
                        0x00005039    0xe  Code  Gb  clock_8xx.o [1]
Chip_Clock_SetSysClockDiv
                        0x000067f3    0x6  Code  Lc  irc_8xx.o [1]
Chip_Clock_SetSystemPLLSource
                        0x0000502b    0xe  Code  Gb  clock_8xx.o [1]
Chip_Clock_SetUARTClockDiv
                        0x00004fc1    0x6  Code  Lc  clock_8xx.o [1]
Chip_Clock_SetUARTClockDiv
                        0x00004cef    0x6  Code  Lc  uart-board.o [1]
Chip_Clock_SetUSARTNBaseClockRate
                        0x00005121   0x54  Code  Gb  clock_8xx.o [1]
Chip_Clock_SetupSystemPLL
                        0x000067d5   0x12  Code  Lc  irc_8xx.o [1]
Chip_FMC_ComputeSignature
                        0x0000011d   0x14  Code  Lc  eeprom-board.o [1]
Chip_FMC_ComputeSignatureBlocks
                        0x00000131    0xc  Code  Lc  eeprom-board.o [1]
Chip_FMC_IsSignatureBusy
                        0x0000013d    0x8  Code  Lc  eeprom-board.o [1]
Chip_FMC_SetFLASHAccess
                        0x000067f9    0x8  Code  Lc  irc_8xx.o [1]
Chip_GPIO_Init          0x0000633d    0xa  Code  Gb  gpio_8xx.o [1]
Chip_GPIO_SetPinDIR     0x00006511   0x12  Code  Lc  sx1276-board.o [1]
Chip_GPIO_SetPinDIRInput
                        0x00004a6b   0x10  Code  Lc  lpc824board.o [1]
Chip_GPIO_SetPinDIRInput
                        0x00006501   0x10  Code  Lc  sx1276-board.o [1]
Chip_GPIO_SetPinDIROutput
                        0x00004a5b   0x10  Code  Lc  lpc824board.o [1]
Chip_GPIO_SetPinDIROutput
                        0x000064f1   0x10  Code  Lc  sx1276-board.o [1]
Chip_GPIO_SetPinOutHigh
                        0x00004e75   0x10  Code  Lc  spi-board.o [1]
Chip_GPIO_SetPinOutHigh
                        0x00006523   0x10  Code  Lc  sx1276-board.o [1]
Chip_GPIO_SetPinOutLow  0x00006533   0x10  Code  Lc  sx1276-board.o [1]
Chip_GPIO_SetPinState   0x00004a53    0x8  Code  Lc  lpc824board.o [1]
Chip_IAP_CopyRamToFlash
                        0x00004991   0x2c  Code  Gb  iap.o [1]
Chip_IAP_ErasePage      0x000049e9   0x2a  Code  Gb  iap.o [1]
Chip_IAP_PreSectorForReadWrite
                        0x00004975   0x1c  Code  Gb  iap.o [1]
Chip_IAP_ReadUID        0x000049bd   0x2c  Code  Gb  iap.o [1]
Chip_IOCON_PinDisableOpenDrainMode
                        0x000064cd    0xe  Code  Lc  sx1276-board.o [1]
Chip_IOCON_PinSetMode   0x0000630d   0x12  Code  Gb  iocon_8xx.o [1]
Chip_IRC_SetFreq        0x0000684d   0x66  Code  Gb  irc_8xx.o [1]
Chip_PININT_ClearIntStatus
                        0x000064ed    0x4  Code  Lc  sx1276-board.o [1]
Chip_PININT_EnableIntHigh
                        0x000064e9    0x4  Code  Lc  sx1276-board.o [1]
Chip_PININT_SetPinModeEdge
                        0x000064db    0xe  Code  Lc  sx1276-board.o [1]
Chip_PMU_ClearPowerDownControl
                        0x000031a5    0xe  Code  Lc  modem.o [1]
Chip_PMU_DeepPowerDownState
                        0x00005463   0x16  Code  Gb  pmu_8xx.o [1]
Chip_PMU_DeepSleepState
                        0x00005437   0x16  Code  Gb  pmu_8xx.o [1]
Chip_PMU_PowerDownState
                        0x0000544d   0x16  Code  Gb  pmu_8xx.o [1]
Chip_PMU_SetPowerDownControl
                        0x00003199    0xc  Code  Lc  modem.o [1]
Chip_PMU_SetPowerDownControl
                        0x00001e09    0xc  Code  Lc  timer.o [1]
Chip_PMU_Sleep          0x0000547d   0x26  Code  Gb  pmu_8xx.o [1]
Chip_PMU_SleepState     0x00005425   0x12  Code  Gb  pmu_8xx.o [1]
Chip_SPIM_GetClockRate  0x00006371   0x14  Code  Gb  spim_8xx.o [1]
Chip_SPIM_SetClockRate  0x00006385   0x2c  Code  Gb  spim_8xx.o [1]
Chip_SPI_ClearCFGRegBits
                        0x00004e93    0xe  Code  Lc  spi-board.o [1]
Chip_SPI_ClearStatus    0x00006f6d    0x4  Code  Lc  sx1276.o [1]
Chip_SPI_ConfigureSPI   0x00004ecf   0x1c  Code  Lc  spi-board.o [1]
Chip_SPI_DelayConfig    0x000063b5   0x2e  Code  Gb  spi_8xx.o [1]
Chip_SPI_Enable         0x00004ec5    0xa  Code  Lc  spi-board.o [1]
Chip_SPI_GetStatus      0x00006f65    0x8  Code  Lc  sx1276.o [1]
Chip_SPI_Init           0x00004ea1   0x24  Code  Lc  spi-board.o [1]
Chip_SPI_ReceiveFrame   0x00006f9d    0x6  Code  Lc  sx1276.o [1]
Chip_SPI_SendFirstFrame
                        0x00006f71   0x14  Code  Lc  sx1276.o [1]
Chip_SPI_SendLastFrame  0x00006f89   0x14  Code  Lc  sx1276.o [1]
Chip_SPI_SendMidFrame   0x00006f85    0x4  Code  Lc  sx1276.o [1]
Chip_SPI_SetCFGRegBits  0x00004e85    0xe  Code  Lc  spi-board.o [1]
Chip_SWM_DisableFixedPin
                        0x00004a41   0x12  Code  Lc  lpc824board.o [1]
Chip_SWM_DisableFixedPin
                        0x00004cf5   0x12  Code  Lc  uart-board.o [1]
Chip_SWM_MovablePinAssign
                        0x00006349   0x22  Code  Gb  swm_8xx.o [1]
Chip_SYSCTL_AssertPeriphReset
                        0x00004f8d   0x12  Code  Lc  clock_8xx.o [1]
Chip_SYSCTL_AssertPeriphReset
                        0x00003147   0x12  Code  Lc  modem.o [1]
Chip_SYSCTL_AssertPeriphReset
                        0x00004e1d   0x12  Code  Lc  spi-board.o [1]
Chip_SYSCTL_AssertPeriphReset
                        0x00002f29   0x12  Code  Lc  uart_8xx.o [1]
Chip_SYSCTL_DeassertPeriphReset
                        0x00004f9f   0x12  Code  Lc  clock_8xx.o [1]
Chip_SYSCTL_DeassertPeriphReset
                        0x00003159   0x12  Code  Lc  modem.o [1]
Chip_SYSCTL_DeassertPeriphReset
                        0x00004e2f   0x12  Code  Lc  spi-board.o [1]
Chip_SYSCTL_DeassertPeriphReset
                        0x00002f3b   0x12  Code  Lc  uart_8xx.o [1]
Chip_SYSCTL_EnablePINTWakeup
                        0x000064ab   0x10  Code  Lc  sx1276-board.o [1]
Chip_SYSCTL_EnablePeriphWakeup
                        0x0000317b    0xc  Code  Lc  modem.o [1]
Chip_SYSCTL_GetUSARTFRGDivider
                        0x00004fd5    0x8  Code  Lc  clock_8xx.o [1]
Chip_SYSCTL_GetUSARTFRGMultiplier
                        0x00004fe3    0x8  Code  Lc  clock_8xx.o [1]
Chip_SYSCTL_PeriphReset
                        0x00004fb1   0x10  Code  Lc  clock_8xx.o [1]
Chip_SYSCTL_PeriphReset
                        0x0000316b   0x10  Code  Lc  modem.o [1]
Chip_SYSCTL_PeriphReset
                        0x00004e41   0x10  Code  Lc  spi-board.o [1]
Chip_SYSCTL_PeriphReset
                        0x00002f4d   0x10  Code  Lc  uart_8xx.o [1]
Chip_SYSCTL_PowerDown   0x000053e3   0x16  Code  Gb  syscon_8xx.o [1]
Chip_SYSCTL_PowerUp     0x000053f9   0x16  Code  Gb  syscon_8xx.o [1]
Chip_SYSCTL_SetDeepSleepPD
                        0x000053c5    0xe  Code  Gb  syscon_8xx.o [1]
Chip_SYSCTL_SetPinInterrupt
                        0x000064a3    0x8  Code  Lc  sx1276-board.o [1]
Chip_SYSCTL_SetUSARTFRGDivider
                        0x00004fcf    0x6  Code  Lc  clock_8xx.o [1]
Chip_SYSCTL_SetUSARTFRGMultiplier
                        0x00004fdd    0x6  Code  Lc  clock_8xx.o [1]
Chip_SYSCTL_SetWakeup   0x000053d3   0x10  Code  Gb  syscon_8xx.o [1]
Chip_SetupIrcClocking   0x00006e99    0xc  Code  Gb  sysinit_8xx.o [1]
Chip_UART_ClearStatus   0x00004d33    0x4  Code  Lc  uart-board.o [1]
Chip_UART_ConfigData    0x00004d27    0xc  Code  Lc  uart-board.o [1]
Chip_UART_Enable        0x00004d07    0xe  Code  Lc  uart-board.o [1]
Chip_UART_GetStatus     0x00002f93    0x8  Code  Lc  uart_8xx.o [1]
Chip_UART_IRQRBHandler  0x000030b1   0x34  Code  Gb  uart_8xx.o [1]
Chip_UART_Init          0x00002fb3   0x30  Code  Gb  uart_8xx.o [1]
Chip_UART_IntDisable    0x00004d23    0x4  Code  Lc  uart-board.o [1]
Chip_UART_IntDisable    0x00002f8f    0x4  Code  Lc  uart_8xx.o [1]
Chip_UART_IntEnable     0x00004d1f    0x4  Code  Lc  uart-board.o [1]
Chip_UART_IntEnable     0x00002f8b    0x4  Code  Lc  uart_8xx.o [1]
Chip_UART_RXIntHandlerRB
                        0x0000301b   0x24  Code  Gb  uart_8xx.o [1]
Chip_UART_ReadByte      0x00002f83    0x8  Code  Lc  uart_8xx.o [1]
Chip_UART_ReadRB        0x000030a3    0xe  Code  Gb  uart_8xx.o [1]
Chip_UART_SendByte      0x00002f7f    0x4  Code  Lc  uart_8xx.o [1]
Chip_UART_SendRB        0x00003069   0x3a  Code  Gb  uart_8xx.o [1]
Chip_UART_SetBaud       0x00003005   0x16  Code  Gb  uart_8xx.o [1]
Chip_UART_TXEnable      0x00004d15    0xa  Code  Lc  uart-board.o [1]
Chip_UART_TXIntHandlerRB
                        0x0000303f   0x2a  Code  Gb  uart_8xx.o [1]
Chip_WKT_ClearIntStatus
                        0x000031b3    0xe  Code  Lc  modem.o [1]
Chip_WKT_GetClockRate   0x00000259   0x12  Code  Gb  wkt_8xx.o [1]
Chip_WKT_GetClockSource
                        0x00000239    0xa  Code  Lc  wkt_8xx.o [1]
Chip_WKT_LoadCount      0x000031cf    0x4  Code  Lc  modem.o [1]
Chip_WKT_SetClockSource
                        0x00000243   0x16  Code  Gb  wkt_8xx.o [1]
Chip_WKT_Stop           0x000031c1    0xe  Code  Lc  modem.o [1]
Chip_WWDT_Feed          0x00000145    0xa  Code  Lc  eeprom-board.o [1]
Chip_WWDT_Feed          0x00001e25    0xa  Code  Lc  timer.o [1]
ComplianceTest          0x100003ac   0x14  Data  Gb  main.o [1]
CountChannels           0x000045b5   0x26  Code  Lc  RegionCommon.o [1]
CountNbOfEnabledChannels
                        0x00002569   0x9a  Code  Lc  RegionCN470.o [1]
DataratesCN470          0x00002af8    0x8  Data  Lc  RegionCN470.o [1]
DelayMs                 0x000030e5   0x2a  Code  Gb  delay-board.o [1]
DevEui                  0x100003e0    0x8  Data  Lc  main.o [1]
DeviceState             0x100003c6    0x1  Data  Gb  main.o [1]
DioIrq                  0x1000041c   0x18  Data  Gb  sx1276.o [1]
DownLinkCounter         0x10000294    0x4  Data  Lc  LoRaMac.o [1]
DutyCycleOn             0x10000fd1    0x1  Data  Lc  LoRaMac.o [1]
ExtRateIn               0x00006f54    0x4  Data  Gb  lpc824board.o [1]
GetBandwidth            0x00002541   0x1e  Code  Lc  RegionCN470.o [1]
GetNextLowerTxDr        0x0000252d   0x14  Code  Lc  RegionCN470.o [1]
InStream_Read           0x00006c21   0x22  Code  Lc  packbits_init.o [5]
IrqNestLevel            0x100015ae    0x1  Data  Lc  board.o [1]
IsFPortAllowed          0x00001147    0xc  Code  Lc  LoRaMac.o [1]
IsLastTxConfirmed       0x100003c3    0x1  Data  Lc  main.o [1]
IsLoRaMacNetworkJoined  0x1000025d    0x1  Data  Lc  LoRaMac.o [1]
IsRxWindowsEnabled      0x1000025c    0x1  Data  Lc  LoRaMac.o [1]
IsStickyMacCommandPending
                        0x00000ea9   0x10  Code  Lc  LoRaMac.o [1]
IsTxConfirmed           0x100003c2    0x1  Data  Lc  main.o [1]
IsUpLinkCounterFixed    0x1000156c    0x1  Data  Lc  LoRaMac.o [1]
LMIC                    0x10000a18   0xd8  Data  Gb  modem.o [1]
LastTxChannel           0x10000267    0x1  Data  Lc  LoRaMac.o [1]
LastTxIsJoinRequest     0x10000fd2    0x1  Data  Lc  LoRaMac.o [1]
Led1Timer_OffLine       0x10000b58   0x14  Data  Gb  modem.o [1]
LedIndication           0x00003319   0x1c  Code  Gb  modem.o [1]
LimitTxPower            0x0000255f    0xa  Code  Lc  RegionCN470.o [1]
LoRaMacAppEui           0x1000027c    0x4  Data  Lc  LoRaMac.o [1]
LoRaMacAppKey           0x10000280    0x4  Data  Lc  LoRaMac.o [1]
LoRaMacAppSKey          0x100002cc   0x10  Data  Lc  LoRaMac.o [1]
LoRaMacBuffer           0x100010d4  0x100  Data  Lc  LoRaMac.o [1]
LoRaMacBufferPktLen     0x10000272    0x2  Data  Lc  LoRaMac.o [1]
LoRaMacCallbacks        0x10001554    0x4  Data  Lc  LoRaMac.o [1]
LoRaMacComputeMic       0x000022a5   0x8a  Code  Gb  LoRaMacCrypto.o [1]
LoRaMacDevAddr          0x10000288    0x4  Data  Lc  LoRaMac.o [1]
LoRaMacDevEui           0x10000278    0x4  Data  Lc  LoRaMac.o [1]
LoRaMacDevNonce         0x10000270    0x2  Data  Lc  LoRaMac.o [1]
LoRaMacDeviceClass      0x10000259    0x1  Data  Lc  LoRaMac.o [1]
LoRaMacFlags            0x1000026c    0x4  Data  Gb  LoRaMac.o [1]
LoRaMacInitialization   0x000014b5  0x1f6  Code  Gb  LoRaMac.o [1]
LoRaMacInitializationTime
                        0x100002a4    0x4  Data  Lc  LoRaMac.o [1]
LoRaMacJoinComputeMic   0x00002403   0x4e  Code  Gb  LoRaMacCrypto.o [1]
LoRaMacJoinComputeSKeys
                        0x00002495   0x8e  Code  Gb  LoRaMacCrypto.o [1]
LoRaMacJoinDecrypt      0x00002451   0x44  Code  Gb  LoRaMacCrypto.o [1]
LoRaMacMcpsRequest      0x00001cad  0x14c  Code  Gb  LoRaMac.o [1]
LoRaMacMibGetRequestConfirm
                        0x00001789  0x15e  Code  Gb  LoRaMac.o [1]
LoRaMacMibSetRequestConfirm
                        0x00001931  0x2b8  Code  Gb  LoRaMac.o [1]
LoRaMacMlmeRequest      0x00001bf9   0xa4  Code  Gb  LoRaMac.o [1]
LoRaMacNetID            0x10000284    0x4  Data  Lc  LoRaMac.o [1]
LoRaMacNwkSKey          0x100002bc   0x10  Data  Lc  LoRaMac.o [1]
LoRaMacParams           0x10001448   0x38  Data  Gb  LoRaMac.o [1]
LoRaMacParamsDefaults   0x10001480   0x38  Data  Gb  LoRaMac.o [1]
LoRaMacPayloadDecrypt   0x000023ed   0x16  Code  Gb  LoRaMacCrypto.o [1]
LoRaMacPayloadEncrypt   0x0000232f   0xbe  Code  Gb  LoRaMacCrypto.o [1]
LoRaMacPrimitives       0x100002ac    0x4  Data  Lc  LoRaMac.o [1]
LoRaMacQueryTxPossible  0x000016b5   0xc2  Code  Gb  LoRaMac.o [1]
LoRaMacRegion           0x10000258    0x1  Data  Lc  LoRaMac.o [1]
LoRaMacRxPayload        0x100011d4  0x100  Data  Lc  LoRaMac.o [1]
LoRaMacState            0x100002a8    0x4  Data  Gb  LoRaMac.o [1]
LoRaMacTxPayloadLen     0x10000fd0    0x1  Data  Lc  LoRaMac.o [1]
MODEM                   0x100008e8  0x130  Data  Lc  modem.o [1]
MacCommandsBuffer       0x10000fd4   0x80  Data  Lc  LoRaMac.o [1]
MacCommandsBufferIndex  0x10000262    0x1  Data  Lc  LoRaMac.o [1]
MacCommandsBufferToRepeat
                        0x10001054   0x80  Data  Lc  LoRaMac.o [1]
MacCommandsBufferToRepeatIndex
                        0x10000263    0x1  Data  Lc  LoRaMac.o [1]
MacCommandsInNextTx     0x10000261    0x1  Data  Lc  LoRaMac.o [1]
MacStateCheckTimer      0x100002dc   0x14  Data  Lc  LoRaMac.o [1]
MaxDCycle               0x10000265    0x1  Data  Lc  LoRaMac.o [1]
MaxPayloadOfDatarateCN470
                        0x00002a3c    0x8  Data  Lc  RegionCN470.o [1]
MaxPayloadOfDatarateRepeaterCN470
                        0x00002a34    0x8  Data  Lc  RegionCN470.o [1]
McpsConfirm             0x10001558   0x14  Data  Lc  LoRaMac.o [1]
McpsConfirm             0x00005873   0x3e  Code  Lc  main.o [1]
McpsIndication          0x1000150c   0x18  Data  Lc  LoRaMac.o [1]
McpsIndication          0x000058b1   0xbc  Code  Lc  main.o [1]
Mic                     0x10000010   0x10  Data  Lc  LoRaMacCrypto.o [1]
MicBlockB0              0x10000000   0x10  Data  Lc  LoRaMacCrypto.o [1]
MlmeConfirm             0x1000024c    0xc  Data  Lc  LoRaMac.o [1]
MlmeConfirm             0x00005975   0x8c  Code  Lc  main.o [1]
MlmeIndication          0x10001570    0x4  Data  Lc  LoRaMac.o [1]
MlmeIndication          0x00005a11   0x10  Code  Lc  main.o [1]
MulticastChannels       0x1000028c    0x4  Data  Lc  LoRaMac.o [1]
NVIC_EnableIRQ          0x00003139    0xe  Code  Lc  modem.o [1]
NVIC_EnableIRQ          0x00006451    0xe  Code  Lc  sx1276-board.o [1]
NVIC_EnableIRQ          0x00004cbd    0xe  Code  Lc  uart-board.o [1]
NVIC_SetPriority        0x00002ca1   0x44  Code  Lc  board.o [1]
NVIC_SetPriority        0x0000645f   0x44  Code  Lc  sx1276-board.o [1]
NVIC_SystemReset        0x00002ce5   0x10  Code  Lc  board.o [1]
NextTx                  0x100003c5    0x1  Data  Lc  main.o [1]
NodeAckRequested        0x1000025f    0x1  Data  Lc  LoRaMac.o [1]
OnAckTimeoutTimerEvent  0x00000e25   0x30  Code  Lc  LoRaMac.o [1]
OnLed1TimerEventNetOffline
                        0x00003265   0xae  Code  Lc  modem.o [1]
OnMacStateCheckTimerEvent
                        0x00000a91  0x29e  Code  Lc  LoRaMac.o [1]
OnRadioRxDone           0x00000431  0x536  Code  Lc  LoRaMac.o [1]
OnRadioRxError          0x00000995   0x76  Code  Lc  LoRaMac.o [1]
OnRadioRxTimeout        0x00000a0b   0x76  Code  Lc  LoRaMac.o [1]
OnRadioTxDone           0x00000301   0xe6  Code  Lc  LoRaMac.o [1]
OnRadioTxTimeout        0x00000967   0x2e  Code  Lc  LoRaMac.o [1]
OnRxWindow1TimerEvent   0x00000d4b   0x4c  Code  Lc  LoRaMac.o [1]
OnRxWindow2TimerEvent   0x00000da1   0x52  Code  Lc  LoRaMac.o [1]
OnTxDelayedTimerEvent   0x00000d2f   0x1c  Code  Lc  LoRaMac.o [1]
OnTxNextPacketTimerEvent
                        0x00005801   0x72  Code  Gb  main.o [1]
OpenContinuousRx2Window
                        0x00001153    0xe  Code  Lc  LoRaMac.o [1]
OscRateIn               0x00006f50    0x4  Data  Gb  lpc824board.o [1]
PININT0_IRQHandler      0x00006749   0x10  Code  Gb  sx1276-board.o [1]
PININT1_IRQHandler      0x00006759   0x10  Code  Gb  sx1276-board.o [1]
ParseMacCommandsToRepeat
                        0x00000ed5   0x5e  Code  Lc  LoRaMac.o [1]
PrepareFrame            0x00001175  0x2ae  Code  Gb  LoRaMac.o [1]
PrepareRxDoneAbort      0x000003e7   0x34  Code  Lc  LoRaMac.o [1]
PrepareTxFrame          0x000056cd   0x64  Code  Lc  main.o [1]
ProcessMacCommands      0x00000f33    0x2  Code  Lc  LoRaMac.o [1]
PublicNetwork           0x1000025a    0x1  Data  Lc  LoRaMac.o [1]
Radio                   0x00006dec   0x6c  Data  Gb  sx1276-board.o [1]
RadioEvents             0x10001538   0x1c  Data  Lc  LoRaMac.o [1]
RadioEvents             0x10000418    0x4  Data  Lc  sx1276.o [1]
RadioIsActive           0x100015b2    0x1  Data  Lc  sx1276-board.o [1]
RadioRegsInit           0x00007dd8   0x30  Data  Gb  sx1276.o [1]
Region$$Table$$Base     0x00006ed4          --   Gb  - Linker created -
Region$$Table$$Limit    0x00006f00          --   Gb  - Linker created -
RegionAdrNext           0x000021eb   0x1a  Code  Gb  Region.o [1]
RegionAlternateDr       0x00002249   0x12  Code  Gb  Region.o [1]
RegionApplyCFList       0x000021c9   0x10  Code  Gb  Region.o [1]
RegionApplyDrOffset     0x00002285   0x1a  Code  Gb  Region.o [1]
RegionCN470AdrNext      0x000028a1   0x74  Code  Gb  RegionCN470.o [1]
RegionCN470AlternateDr  0x00002b05    0x2  Code  Gb  RegionCN470.o [1]
RegionCN470ApplyCFList  0x0000278b    0x2  Code  Gb  RegionCN470.o [1]
RegionCN470ApplyDrOffset
                        0x00002c09   0x10  Code  Gb  RegionCN470.o [1]
RegionCN470CalcBackOff  0x00002b07   0x30  Code  Gb  RegionCN470.o [1]
RegionCN470ChanMaskSet  0x000027d1   0xa2  Code  Gb  RegionCN470.o [1]
RegionCN470ComputeRxWindowParameters
                        0x00002915   0x58  Code  Gb  RegionCN470.o [1]
RegionCN470GetPhyParam  0x00002605   0xa8  Code  Gb  RegionCN470.o [1]
RegionCN470InitDefaults
                        0x000026d1   0x60  Code  Gb  RegionCN470.o [1]
RegionCN470NextChannel  0x00002b41   0xb0  Code  Gb  RegionCN470.o [1]
RegionCN470RxConfig     0x00002999   0x90  Code  Gb  RegionCN470.o [1]
RegionCN470SetBandTxDone
                        0x000026b1   0x20  Code  Gb  RegionCN470.o [1]
RegionCN470TxConfig     0x00002a45   0xae  Code  Gb  RegionCN470.o [1]
RegionCN470Verify       0x00002731   0x5a  Code  Gb  RegionCN470.o [1]
RegionCalcBackOff       0x0000225b   0x10  Code  Gb  Region.o [1]
RegionChanMaskSet       0x000021d9   0x12  Code  Gb  Region.o [1]
RegionCommonCalcBackOff
                        0x00004833   0x58  Code  Gb  RegionCommon.o [1]
RegionCommonChanMaskCopy
                        0x00004633   0x22  Code  Gb  RegionCommon.o [1]
RegionCommonComputeRxWindowParameters
                        0x00004751   0xaa  Code  Gb  RegionCommon.o [1]
RegionCommonComputeSymbolTimeLoRa
                        0x00004715   0x2e  Code  Gb  RegionCommon.o [1]
RegionCommonComputeTxPower
                        0x00004809   0x2a  Code  Gb  RegionCommon.o [1]
RegionCommonCountChannels
                        0x00004605   0x2e  Code  Gb  RegionCommon.o [1]
RegionCommonGetJoinDc   0x000045db   0x1a  Code  Gb  RegionCommon.o [1]
RegionCommonSetBandTxDone
                        0x00004655    0xa  Code  Gb  RegionCommon.o [1]
RegionCommonUpdateBandTimeOff
                        0x0000465f   0xb6  Code  Gb  RegionCommon.o [1]
RegionCommonValueInRange
                        0x000045f5   0x10  Code  Gb  RegionCommon.o [1]
RegionComputeRxWindowParameters
                        0x00002205   0x16  Code  Gb  Region.o [1]
RegionGetPhyParam       0x0000217d   0x16  Code  Gb  Region.o [1]
RegionInitDefaults      0x000021a3   0x10  Code  Gb  Region.o [1]
RegionIsActive          0x00002171    0xc  Code  Gb  Region.o [1]
RegionNextChannel       0x0000226b   0x1a  Code  Gb  Region.o [1]
RegionRxConfig          0x0000221b   0x16  Code  Gb  Region.o [1]
RegionSetBandTxDone     0x00002193   0x10  Code  Gb  Region.o [1]
RegionTxConfig          0x00002231   0x18  Code  Gb  Region.o [1]
RegionVerify            0x000021b3   0x16  Code  Gb  Region.o [1]
RepeaterSupport         0x1000025b    0x1  Data  Lc  LoRaMac.o [1]
ResetMacParameters      0x000010c5   0x82  Code  Lc  LoRaMac.o [1]
RingBuffer_GetCount     0x000051ed    0x8  Code  Lc  ring_buffer.o [1]
RingBuffer_GetFree      0x000051f5    0xe  Code  Lc  ring_buffer.o [1]
RingBuffer_Init         0x00005229   0x10  Code  Gb  ring_buffer.o [1]
RingBuffer_Insert       0x00005239   0x32  Code  Gb  ring_buffer.o [1]
RingBuffer_InsertMult   0x0000526b   0x94  Code  Gb  ring_buffer.o [1]
RingBuffer_IsEmpty      0x00005219   0x10  Code  Lc  ring_buffer.o [1]
RingBuffer_IsEmpty      0x00001e15   0x10  Code  Lc  timer.o [1]
RingBuffer_IsEmpty      0x00002f6f   0x10  Code  Lc  uart_8xx.o [1]
RingBuffer_IsFull       0x00005203   0x16  Code  Lc  ring_buffer.o [1]
RingBuffer_Pop          0x000052ff   0x32  Code  Gb  ring_buffer.o [1]
RingBuffer_PopMult      0x00005331   0x92  Code  Gb  ring_buffer.o [1]
RxChainCalibration      0x000070ed   0x8e  Code  Lc  sx1276.o [1]
RxSlot                  0x1000026b    0x1  Data  Lc  LoRaMac.o [1]
RxTimeoutSyncWord       0x10000d80   0x14  Data  Gb  sx1276.o [1]
RxTimeoutTimer          0x10000d6c   0x14  Data  Gb  sx1276.o [1]
RxTxBuffer              0x10000c58  0x100  Data  Lc  sx1276.o [1]
RxWindow1Config         0x10000fbc   0x14  Data  Lc  LoRaMac.o [1]
RxWindow1Delay          0x100002b0    0x4  Data  Lc  LoRaMac.o [1]
RxWindow2Config         0x10001574   0x14  Data  Lc  LoRaMac.o [1]
RxWindow2Delay          0x100002b4    0x4  Data  Lc  LoRaMac.o [1]
RxWindowSetup           0x00000e55   0x16  Code  Lc  LoRaMac.o [1]
RxWindowTimer1          0x10000304   0x14  Data  Gb  LoRaMac.o [1]
RxWindowTimer2          0x10000318   0x14  Data  Gb  LoRaMac.o [1]
SX1276                  0x10000b6c   0xec  Data  Gb  sx1276.o [1]
SX1276AntSwDeInit       0x0000670b   0x1a  Code  Gb  sx1276-board.o [1]
SX1276AntSwInit         0x000066f1   0x1a  Code  Gb  sx1276-board.o [1]
SX1276CheckRfFrequency  0x00006745    0x4  Code  Gb  sx1276-board.o [1]
SX1276GetBoardTcxoWakeupTime
                        0x000065e3    0x4  Code  Gb  sx1276-board.o [1]
SX1276GetPaSelect       0x000066b9    0xe  Code  Gb  sx1276-board.o [1]
SX1276GetStatus         0x00007021    0x6  Code  Gb  sx1276.o [1]
SX1276GetTimeOnAir      0x00007499  0x128  Code  Gb  sx1276.o [1]
SX1276GetWakeupTime     0x00007ba5    0xa  Code  Gb  sx1276.o [1]
SX1276Init              0x00006fa3   0x7e  Code  Gb  sx1276.o [1]
SX1276IoInit            0x00006543   0x5c  Code  Gb  sx1276-board.o [1]
SX1276IoIrqInit         0x0000659f   0x42  Code  Gb  sx1276-board.o [1]
SX1276IsChannelFree     0x00007063   0x48  Code  Gb  sx1276.o [1]
SX1276OnDio0Irq         0x00007c3d  0x150  Code  Gb  sx1276.o [1]
SX1276OnDio1Irq         0x00007d8d   0x3c  Code  Gb  sx1276.o [1]
SX1276OnTimeoutIrq      0x00007bb1   0x7c  Code  Gb  sx1276.o [1]
SX1276Random            0x000070ab   0x42  Code  Gb  sx1276.o [1]
SX1276Read              0x00007a19   0x10  Code  Gb  sx1276.o [1]
SX1276ReadBuffer        0x00007ab3   0x92  Code  Gb  sx1276.o [1]
SX1276ReadFifo          0x00007b53    0xe  Code  Gb  sx1276.o [1]
SX1276ReadRssi          0x0000793f   0x32  Code  Gb  sx1276.o [1]
SX1276Reset             0x000065e7   0x28  Code  Gb  sx1276-board.o [1]
SX1276Send              0x000075c5   0x90  Code  Gb  sx1276.o [1]
SX1276SetAntSw          0x00006725   0x20  Code  Gb  sx1276-board.o [1]
SX1276SetAntSwLowPower  0x000066c7   0x2a  Code  Gb  sx1276-board.o [1]
SX1276SetBoardTcxo      0x000065e1    0x2  Code  Lc  sx1276-board.o [1]
SX1276SetChannel        0x00007027   0x3c  Code  Gb  sx1276.o [1]
SX1276SetMaxPayloadLength
                        0x00007b61   0x18  Code  Gb  sx1276.o [1]
SX1276SetModem          0x000079a3   0x50  Code  Gb  sx1276.o [1]
SX1276SetOpMode         0x00007973   0x30  Code  Gb  sx1276.o [1]
SX1276SetPublicNetwork  0x00007b79   0x26  Code  Gb  sx1276.o [1]
SX1276SetRfTxPower      0x0000660f   0xaa  Code  Gb  sx1276-board.o [1]
SX1276SetRx             0x000076bd  0x1ca  Code  Gb  sx1276.o [1]
SX1276SetRxConfig       0x00007189  0x1b2  Code  Gb  sx1276.o [1]
SX1276SetSleep          0x00007655   0x26  Code  Gb  sx1276.o [1]
SX1276SetStby           0x0000767b   0x26  Code  Gb  sx1276.o [1]
SX1276SetTx             0x00007891   0x72  Code  Gb  sx1276.o [1]
SX1276SetTxConfig       0x0000734d  0x144  Code  Gb  sx1276.o [1]
SX1276StartCad          0x00007911   0x2e  Code  Gb  sx1276.o [1]
SX1276Write             0x00007a0d    0xc  Code  Gb  sx1276.o [1]
SX1276WriteBuffer       0x00007a29   0x8a  Code  Gb  sx1276.o [1]
SX1276WriteFifo         0x00007b45    0xe  Code  Gb  sx1276.o [1]
ScheduleTx              0x00000f75  0x108  Code  Lc  LoRaMac.o [1]
Send                    0x00000f35   0x2e  Code  Gb  LoRaMac.o [1]
SendFrame               0x00005731   0x6c  Code  Lc  main.o [1]
SendFrameOnChannel      0x00001423   0x80  Code  Gb  LoRaMac.o [1]
SetMlmeScheduleUplinkIndication
                        0x00000eb9   0x16  Code  Lc  LoRaMac.o [1]
SpiInit                 0x00004eeb   0x82  Code  Gb  spi-board.o [1]
SrvAckRequested         0x10000260    0x1  Data  Lc  LoRaMac.o [1]
SysTick_Config          0x00002cf5   0x2a  Code  Lc  board.o [1]
SysTick_Handler         0x00002dd1   0x1c  Code  Gb  board.o [1]
SystemCoreClock         0x100015a4    0x4  Data  Gb  chip_8xx.o [1]
SystemCoreClockUpdate   0x00000225   0x10  Code  Gb  chip_8xx.o [1]
SystemInit              0x00006f59    0x8  Code  Gb  sysinit.o [1]
TimerExists             0x00001fff   0x18  Code  Lc  timer.o [1]
TimerGetCurrentTime     0x00002033    0x6  Code  Gb  timer.o [1]
TimerGetElapsedTime     0x00002039   0x16  Code  Gb  timer.o [1]
TimerGetValue           0x00002027    0xc  Code  Gb  timer.o [1]
TimerInit               0x00001e2f   0x10  Code  Gb  timer.o [1]
TimerInsertNewHeadTimer
                        0x00001efb   0x22  Code  Lc  timer.o [1]
TimerInsertTimer        0x00001ea1   0x5a  Code  Lc  timer.o [1]
TimerIrqHandler         0x00001f1d   0x4e  Code  Gb  timer.o [1]
TimerListHead           0x100015a8    0x4  Data  Lc  timer.o [1]
TimerLowPowerHandler    0x00002065   0xce  Code  Gb  timer.o [1]
TimerSetTimeout         0x0000204f   0x12  Code  Lc  timer.o [1]
TimerSetValue           0x00002017   0x10  Code  Gb  timer.o [1]
TimerStart              0x00001e3f   0x62  Code  Gb  timer.o [1]
TimerStop               0x00001f6b   0x94  Code  Gb  timer.o [1]
TxDelayedTimer          0x100002f0   0x14  Data  Gb  LoRaMac.o [1]
TxDutyCycleTime         0x100003dc    0x4  Data  Lc  main.o [1]
TxNextPacketTimer       0x10000400   0x14  Data  Lc  main.o [1]
TxTimeOnAir             0x100002b8    0x4  Data  Gb  LoRaMac.o [1]
TxTimeoutTimer          0x10000d58   0x14  Data  Gb  sx1276.o [1]
UART0_IRQHandler        0x00004ddd   0x10  Code  Gb  uart-board.o [1]
UartMcuInit             0x00004d37   0xa6  Code  Gb  uart-board.o [1]
UpLinkCounter           0x10000290    0x4  Data  Gb  LoRaMac.o [1]
ValidatePayloadLength   0x00000e6b   0x3e  Code  Lc  LoRaMac.o [1]
WDT_IRQHandler          0x00003251    0x2  Code  Gb  modem.o [1]
WKT_IRQHandler          0x000031d3    0xa  Code  Gb  modem.o [1]
WakeupTest              0x000031dd   0x44  Code  Gb  modem.o [1]
__Vectors               0x00000000          --   Gb  iar_startup_lpc82x.o [1]
__Vectors_End           0x000000c0         Data  Gb  iar_startup_lpc82x.o [1]
__Vectors_Size {Abs}    0x000000c0          --   Gb  iar_startup_lpc82x.o [1]
__aeabi_cdrcmple        0x000067a1         Code  Gb  DblCmpGe.o [4]
__aeabi_d2iz            0x000060f5         Code  Gb  DblToI32.o [4]
__aeabi_d2uiz           0x00006119         Code  Gb  DblToI32.o [4]
__aeabi_dadd            0x00005ee7         Code  Gb  DblAddSub.o [4]
__aeabi_ddiv            0x00005ca1         Code  Gb  DblDiv.o [4]
__aeabi_dmul            0x00005d63         Code  Gb  DblMul.o [4]
__aeabi_dsub            0x00005fad         Code  Gb  DblAddSub.o [4]
__aeabi_f2d             0x0000627d         Code  Gb  FltToDbl.o [4]
__aeabi_fsub            0x000061cd         Code  Gb  FltAddSub.o [4]
__aeabi_i2d             0x00005c6d         Code  Gb  I32ToDbl.o [4]
__aeabi_idiv            0x000048b7         Code  Gb  I32DivModFast.o [5]
__aeabi_idiv0           0x00006309         Code  Gb  IntDivZer.o [5]
__aeabi_idivmod         0x000048b7         Code  Gb  I32DivModFast.o [5]
__aeabi_ldiv0           0x0000644d         Code  Gb  I64DivZer.o [5]
__aeabi_memclr4         0x00000221         Code  Gb  ABImemset.o [5]
__aeabi_memclr8         0x00000221         Code  Gb  ABImemset.o [5]
__aeabi_memcpy          0x000000c1         Code  Gb  ABImemcpy.o [5]
__aeabi_memcpy4         0x000000e9         Code  Wk  ABImemcpy.o [5]
__aeabi_memset4         0x000001e5         Code  Gb  ABImemset.o [5]
__aeabi_memset8         0x000001e5         Code  Gb  ABImemset.o [5]
__aeabi_ui2d            0x00005c81         Code  Gb  I32ToDbl.o [4]
__aeabi_ui2f            0x00006149         Code  Gb  I32ToFlt.o [4]
__aeabi_uidiv           0x000048bd         Code  Gb  I32DivModFast.o [5]
__aeabi_uidivmod        0x000048bd         Code  Gb  I32DivModFast.o [5]
__aeabi_uldivmod        0x000063e3         Code  Gb  I64DivMod.o [5]
__cmain                 0x00006f01         Code  Gb  cmain.o [5]
__exit                  0x00006d05   0x14  Code  Gb  exit.o [6]
__iar_Memset4_word      0x000001f1         Code  Gb  ABImemset.o [5]
__iar_ceil              0x0000609d         Code  Gb  ceil.o [4]
__iar_ceill             0x0000609d         Code  Gb  ceil.o [4]
__iar_d2uiz             0x0000611d         Code  Gb  DblToI32.o [4]
__iar_data_init3        0x00006ead   0x28  Code  Gb  data_init.o [5]
__iar_floor             0x000062b1         Code  Gb  floor.o [4]
__iar_floorl            0x000062b1         Code  Gb  floor.o [4]
__iar_packbits_init3    0x00006c43   0xb6  Code  Gb  packbits_init.o [5]
__iar_program_start     0x00006f45         Code  Gb  cstartup_M.o [5]
__iar_ui2d              0x00005c85         Code  Gb  I32ToDbl.o [4]
__iar_ui2f              0x0000614d         Code  Gb  I32ToFlt.o [4]
__iar_zero_init3        0x0000310f   0x2a  Code  Gb  zero_init3.o [5]
__low_level_init        0x00006f1b    0x4  Code  Gb  low_level_init.o [3]
__vector_table          0x00000000         Data  Gb  iar_startup_lpc82x.o [1]
__vector_table_0x1c     0x00000010         Data  Gb  iar_startup_lpc82x.o [1]
_call_main              0x00006f0d         Code  Gb  cmain.o [5]
_exit                   0x00006f29         Code  Gb  cexit.o [5]
_main                   0x00006f17         Code  Gb  cmain.o [5]
aBlock                  0x10000138   0x10  Data  Lc  LoRaMacCrypto.o [1]
aLarmTimerTime          0x10000448    0x4  Data  Gb  board.o [1]
abort                   0x00006cf9    0xa  Code  Gb  abort.o [3]
add_round_key           0x00003f55    0x8  Code  Lc  aes.o [1]
aes_encrypt             0x00004463   0x52  Code  Gb  aes.o [1]
aes_set_key             0x00004361  0x102  Code  Gb  aes.o [1]
caculateDr              0x0000278d   0x3a  Code  Gb  RegionCN470.o [1]
ceil                    0x0000609d         Code  Gb  ceil.o [4]
ceill                   0x0000609d         Code  Gb  ceil.o [4]
config_tab              0x000068cc  0x354  Data  Lc  irc_8xx.o [1]
config_tab_idx          0x100015ac    0x2  Data  Lc  irc_8xx.o [1]
copy_and_key            0x00003ecf   0x86  Code  Lc  aes.o [1]
copy_block              0x00003df5   0x42  Code  Lc  aes.o [1]
copy_block_nn           0x00003e37   0x16  Code  Lc  aes.o [1]
cpystr                  0x0000559f   0x18  Code  Gb  hex.o [1]
eeprom_write            0x0000014f   0x7c  Code  Gb  eeprom-board.o [1]
enableChannelDR         0x100003c8    0x8  Data  Gb  main.o [1]
enableChannelsDRnum     0x100015b0    0x1  Data  Gb  main.o [1]
evnames                 0x1000036c   0x40  Data  Lc  modem.o [1]
exit                    0x00006f1f    0x8  Code  Gb  exit.o [3]
floor                   0x000062b1         Code  Gb  floor.o [4]
floorl                  0x000062b1         Code  Gb  floor.o [4]
frame_init              0x00002e15   0x14  Code  Gb  frame.o [1]
frame_rx                0x00002e29   0xfc  Code  Gb  frame.o [1]
getUARTClockID          0x00002f9b   0x18  Code  Lc  uart_8xx.o [1]
gethex                  0x000054a5   0x3e  Code  Gb  hex.o [1]
gfm2_sbox               0x00004260  0x100  Data  Lc  aes.o [1]
gfm3_sbox               0x00004160  0x100  Data  Lc  aes.o [1]
hex2int                 0x0000553d   0x32  Code  Gb  hex.o [1]
hexval                  0x000055cc  0x100  Data  Lc  hex.o [1]
iap_entry               0x0000496d    0x8  Code  Lc  iap.o [1]
int2hex                 0x00005519   0x24  Code  Gb  hex.o [1]
joincfg                 0x100014b8   0x24  Data  Lc  modem.o [1]
ledBits                 0x00004cb8    0x1  Data  Lc  lpc824board.o [1]
ledstatus               0x100015af    0x1  Data  Lc  lpc824board.o [1]
main                    0x00005a21  0x224  Code  Gb  main.o [1]
memcpy1                 0x00002c5f   0x16  Code  Gb  utilities.o [1]
memcpyr                 0x00002c75   0x1a  Code  Gb  utilities.o [1]
memset1                 0x00002c8f   0x12  Code  Gb  utilities.o [1]
mix_sub_columns         0x00003fc1  0x19a  Code  Lc  aes.o [1]
modemSendFrame          0x0000579d   0x64  Code  Gb  main.o [1]
modem_init              0x000035bd   0x30  Code  Gb  modem.o [1]
modem_rxdone            0x00003621  0x562  Code  Gb  modem.o [1]
modem_wkt_init          0x00003221   0x30  Code  Gb  modem.o [1]
next                    0x10000458    0x4  Data  Lc  utilities.o [1]
onEvent                 0x00003341  0x146  Code  Gb  modem.o [1]
os_crc16                0x0000348d   0x38  Code  Gb  modem.o [1]
persist                 0x10000af0   0x68  Data  Gb  modem.o [1]
persist_init            0x000034c9   0xd8  Code  Lc  modem.o [1]
pll_config              0x00006801   0x4a  Code  Lc  irc_8xx.o [1]
puthex                  0x000054e5   0x34  Code  Gb  hex.o [1]
rand1                   0x00002c19   0x1a  Code  Gb  utilities.o [1]
randr                   0x00002c49   0x16  Code  Gb  utilities.o [1]
reverse                 0x0000556f   0x22  Code  Gb  hex.o [1]
rxbuff                  0x10000dbc  0x100  Data  Gb  uart-board.o [1]
rxframe                 0x10001588   0x10  Data  Gb  frame.o [1]
rxring                  0x10000da8   0x14  Data  Gb  uart-board.o [1]
sBlock                  0x10000148   0x10  Data  Lc  LoRaMacCrypto.o [1]
sTartAlarmTimerTime     0x1000044c    0x4  Data  Gb  board.o [1]
sbox                    0x000044b4  0x100  Data  Lc  aes.o [1]
sesscfg                 0x100014dc   0x30  Data  Lc  modem.o [1]
shift_sub_rows          0x00003f5d   0x64  Code  Lc  aes.o [1]
srand1                  0x00002c33    0x6  Code  Gb  utilities.o [1]
src_iap_array_data      0x100013c8   0x80  Data  Gb  eeprom-board.o [1]
strlen                  0x00000275   0x10  Code  Gb  strlen.o [5]
systick                 0x10000444    0x4  Data  Gb  board.o [1]
tolower                 0x00005591    0xe  Code  Gb  hex.o [1]
txbuff                  0x10000ebc  0x100  Data  Gb  uart-board.o [1]
txring                  0x10000d94   0x14  Data  Gb  uart-board.o [1]
wdtOSCRate              0x000051ac   0x40  Data  Lc  clock_8xx.o [1]
xor_block               0x00003e4d   0x82  Code  Lc  aes.o [1]


[1] = F:\LoRaProduct\source code\LoRaMac-node\IAR\Debug\Obj
[2] = command line
[3] = dl6M_tln.a
[4] = m6M_tl.a
[5] = rt6M_tl.a
[6] = shb_l.a

  31 772 bytes of readonly  code memory
     529 bytes of readonly  data memory
   6 579 bytes of readwrite data memory

Errors: none
Warnings: none
