###############################################################################
#
# IAR ELF Linker V7.30.3.8024/W32 for ARM                 03/Apr/2018  16:03:00
# Copyright 2007-2014 IAR Systems AB.
#
#    Output file  =  
#        F:\LoRaProduct\source
#        code\LoRaMac-node\IAR\Debug\Exe\LoRaMac-node.out.tmp
#    Map file     =  
#        F:\LoRaProduct\source
#        code\LoRaMac-node\IAR\Debug\List\LoRaMac-node.map
#    Command line =  
#        "F:\LoRaProduct\source code\LoRaMac-node\IAR\Debug\Obj\acmp_8xx.o"
#        "F:\LoRaProduct\source code\LoRaMac-node\IAR\Debug\Obj\adc_8xx.o"
#        "F:\LoRaProduct\source code\LoRaMac-node\IAR\Debug\Obj\aes.o"
#        "F:\LoRaProduct\source code\LoRaMac-node\IAR\Debug\Obj\board.o"
#        "F:\LoRaProduct\source
#        code\LoRaMac-node\IAR\Debug\Obj\board_sysinit.o"
#        "F:\LoRaProduct\source code\LoRaMac-node\IAR\Debug\Obj\chip_8xx.o"
#        "F:\LoRaProduct\source code\LoRaMac-node\IAR\Debug\Obj\clock_8xx.o"
#        "F:\LoRaProduct\source code\LoRaMac-node\IAR\Debug\Obj\cmac.o"
#        "F:\LoRaProduct\source code\LoRaMac-node\IAR\Debug\Obj\crc_8xx.o"
#        "F:\LoRaProduct\source code\LoRaMac-node\IAR\Debug\Obj\delay-board.o"
#        "F:\LoRaProduct\source code\LoRaMac-node\IAR\Debug\Obj\dma_8xx.o"
#        "F:\LoRaProduct\source code\LoRaMac-node\IAR\Debug\Obj\eeprom-board.o"
#        "F:\LoRaProduct\source code\LoRaMac-node\IAR\Debug\Obj\eeprom.o"
#        "F:\LoRaProduct\source code\LoRaMac-node\IAR\Debug\Obj\gpio-board.o"
#        "F:\LoRaProduct\source code\LoRaMac-node\IAR\Debug\Obj\gpio_8xx.o"
#        "F:\LoRaProduct\source
#        code\LoRaMac-node\IAR\Debug\Obj\i2c_common_8xx.o"
#        "F:\LoRaProduct\source code\LoRaMac-node\IAR\Debug\Obj\i2cm_8xx.o"
#        "F:\LoRaProduct\source code\LoRaMac-node\IAR\Debug\Obj\i2cs_8xx.o"
#        "F:\LoRaProduct\source code\LoRaMac-node\IAR\Debug\Obj\iap.o"
#        "F:\LoRaProduct\source
#        code\LoRaMac-node\IAR\Debug\Obj\iar_startup_lpc82x.o"
#        "F:\LoRaProduct\source code\LoRaMac-node\IAR\Debug\Obj\iocon_8xx.o"
#        "F:\LoRaProduct\source code\LoRaMac-node\IAR\Debug\Obj\irc_8xx.o"
#        "F:\LoRaProduct\source code\LoRaMac-node\IAR\Debug\Obj\LoRaMac.o"
#        "F:\LoRaProduct\source
#        code\LoRaMac-node\IAR\Debug\Obj\LoRaMacCrypto.o"
#        "F:\LoRaProduct\source code\LoRaMac-node\IAR\Debug\Obj\lpc824board.o"
#        "F:\LoRaProduct\source code\LoRaMac-node\IAR\Debug\Obj\main.o"
#        "F:\LoRaProduct\source code\LoRaMac-node\IAR\Debug\Obj\pinint_8xx.o"
#        "F:\LoRaProduct\source code\LoRaMac-node\IAR\Debug\Obj\pmu_8xx.o"
#        "F:\LoRaProduct\source code\LoRaMac-node\IAR\Debug\Obj\Region.o"
#        "F:\LoRaProduct\source code\LoRaMac-node\IAR\Debug\Obj\RegionCN470.o"
#        "F:\LoRaProduct\source code\LoRaMac-node\IAR\Debug\Obj\RegionCommon.o"
#        "F:\LoRaProduct\source code\LoRaMac-node\IAR\Debug\Obj\ring_buffer.o"
#        "F:\LoRaProduct\source code\LoRaMac-node\IAR\Debug\Obj\rtc-board.o"
#        "F:\LoRaProduct\source code\LoRaMac-node\IAR\Debug\Obj\rtc_ut.o"
#        "F:\LoRaProduct\source code\LoRaMac-node\IAR\Debug\Obj\sct_8xx.o"
#        "F:\LoRaProduct\source code\LoRaMac-node\IAR\Debug\Obj\sct_pwm_8xx.o"
#        "F:\LoRaProduct\source code\LoRaMac-node\IAR\Debug\Obj\spi-board.o"
#        "F:\LoRaProduct\source code\LoRaMac-node\IAR\Debug\Obj\spi_8xx.o"
#        "F:\LoRaProduct\source code\LoRaMac-node\IAR\Debug\Obj\spim_8xx.o"
#        "F:\LoRaProduct\source code\LoRaMac-node\IAR\Debug\Obj\spis_8xx.o"
#        "F:\LoRaProduct\source
#        code\LoRaMac-node\IAR\Debug\Obj\stopwatch_8xx.o"
#        "F:\LoRaProduct\source code\LoRaMac-node\IAR\Debug\Obj\swm_8xx.o"
#        "F:\LoRaProduct\source code\LoRaMac-node\IAR\Debug\Obj\sx1276-board.o"
#        "F:\LoRaProduct\source code\LoRaMac-node\IAR\Debug\Obj\sx1276.o"
#        "F:\LoRaProduct\source code\LoRaMac-node\IAR\Debug\Obj\syscon_8xx.o"
#        "F:\LoRaProduct\source code\LoRaMac-node\IAR\Debug\Obj\sysinit.o"
#        "F:\LoRaProduct\source code\LoRaMac-node\IAR\Debug\Obj\sysinit_8xx.o"
#        "F:\LoRaProduct\source code\LoRaMac-node\IAR\Debug\Obj\timer.o"
#        "F:\LoRaProduct\source code\LoRaMac-node\IAR\Debug\Obj\uart-board.o"
#        "F:\LoRaProduct\source code\LoRaMac-node\IAR\Debug\Obj\uart_8xx.o"
#        "F:\LoRaProduct\source code\LoRaMac-node\IAR\Debug\Obj\utilities.o"
#        "F:\LoRaProduct\source code\LoRaMac-node\IAR\Debug\Obj\wkt_8xx.o"
#        "F:\LoRaProduct\source code\LoRaMac-node\IAR\Debug\Obj\wwdt_8xx.o" -o
#        "F:\LoRaProduct\source
#        code\LoRaMac-node\IAR\Debug\Exe\LoRaMac-node.out.tmp" --map
#        "F:\LoRaProduct\source
#        code\LoRaMac-node\IAR\Debug\List\LoRaMac-node.map" --config
#        "C:\Program Files (x86)\IAR Systems\Embedded Workbench
#        7.0\arm\config\linker\NXP\LPC824M201.icf" --semihosting --entry
#        __iar_program_start --vfe
#
###############################################################################

*******************************************************************************
*** RUNTIME MODEL ATTRIBUTES
***

CppFlavor       = *
__SystemLibrary = DLib


*******************************************************************************
*** PLACEMENT SUMMARY
***

"A1":  place at 0x00000000 { ro section .intvec };
"P1":  place in [from 0x00000000 to 0x000002fb] |
                [from 0x00000300 to 0x00007fff] { ro };
"P2":  place in [from 0x10000000 to 0x10001fff] { rw, block CSTACK, block HEAP };
"P3":  place in [from 0x000002fc to 0x000002ff] { section .crp };

  Section            Kind        Address    Size  Object
  -------            ----        -------    ----  ------
"A1":                                       0xc0
  .intvec            ro code  0x00000000    0xc0  iar_startup_lpc82x.o [1]
                            - 0x000000c0    0xc0

"P1", part 1 of 2:                         0x224
  .text              ro code  0x000000c0    0x88  utilities.o [1]
  .text              ro code  0x00000148    0xe0  I32DivModFast.o [5]
  .text              ro code  0x00000228     0x2  iar_startup_lpc82x.o [1]
  .text              ro code  0x0000022c    0x40  ABImemset.o [5]
  .text              ro code  0x0000026c    0x12  iocon_8xx.o [1]
  .text              ro code  0x0000027e     0x2  iar_startup_lpc82x.o [1]
  .text              ro code  0x00000280    0x26  gpio_8xx.o [1]
  .text              ro code  0x000002a8    0x28  swm_8xx.o [1]
  .text              ro code  0x000002d0    0x14  exit.o [6]
                            - 0x000002e4   0x224

"P3":                                        0x4
  .crp               ro code  0x000002fc     0x4  iar_startup_lpc82x.o [1]
                            - 0x00000300     0x4

"P1", part 2 of 2:                        0x6c4c
  .text              ro code  0x00000300  0x1ff8  LoRaMac.o [1]
  .text              ro code  0x000022f8   0x24c  timer.o [1]
  .text              ro code  0x00002544   0x1ac  Region.o [1]
  .text              ro code  0x000026f0   0x288  LoRaMacCrypto.o [1]
  .text              ro code  0x00002978    0x1e  I32ToFlt.o [4]
  .text              ro code  0x00002996    0x2a  zero_init3.o [5]
  .text              ro code  0x000029c0   0x130  board.o [1]
  .text              ro code  0x00002af0   0x800  RegionCN470.o [1]
  .text              ro code  0x000032f0   0x24a  cmac.o [1]
  .text              ro code  0x0000353a     0x2  iar_startup_lpc82x.o [1]
  .text              ro code  0x0000353c   0x7c0  aes.o [1]
  .text              ro code  0x00003cfc     0x2  IntDivZer.o [5]
  .text              ro code  0x00003cfe     0x2  iar_startup_lpc82x.o [1]
  .text              ro code  0x00003d00    0x10  chip_8xx.o [1]
  .text              ro code  0x00003d10   0x354  lpc824board.o [1]
  .text              ro code  0x00004064   0x140  uart-board.o [1]
  .text              ro code  0x000041a4   0x198  spi-board.o [1]
  .text              ro code  0x0000433c    0x38  iap.o [1]
  .text              ro code  0x00004374     0xc  memcpy.o [3]
  .text              ro code  0x00004380   0x43e  RegionCommon.o [1]
  .text              ro code  0x000047c0   0x260  clock_8xx.o [1]
  .text              ro code  0x00004a20    0xc2  uart_8xx.o [1]
  .text              ro code  0x00004ae2    0x10  ring_buffer.o [1]
  .text              ro code  0x00004af4    0x44  spim_8xx.o [1]
  .text              ro code  0x00004b38    0x2e  spi_8xx.o [1]
  .text              ro code  0x00004b68    0x5c  ABImemcpy.o [5]
  .text              ro code  0x00004bc4    0x34  I32ToDbl.o [4]
  .text              ro code  0x00004bf8    0xc2  DblDiv.o [4]
  .text              ro code  0x00004cba   0x184  DblMul.o [4]
  .text              ro code  0x00004e3e   0x1b4  DblAddSub.o [4]
  .text              ro code  0x00004ff4    0x58  ceil.o [4]
  .text              ro code  0x0000504c    0x52  DblToI32.o [4]
  .text              ro code  0x0000509e   0x116  FltAddSub.o [4]
  .text              ro code  0x000051b4    0x32  FltToDbl.o [4]
  .text              ro code  0x000051e8    0x58  floor.o [4]
  .text              ro code  0x00005240    0x6a  I64DivMod.o [5]
  .text              ro code  0x000052ac     0x2  I64DivZer.o [5]
  .text              ro code  0x000052b0   0xea8  sx1276.o [1]
  .text              ro code  0x00006158   0x2f4  sx1276-board.o [1]
  .text              ro code  0x0000644c    0x2a  delay-board.o [1]
  .text              ro code  0x00006476    0x32  DblCmpGe.o [4]
  .text              ro code  0x000064a8   0x44c  irc_8xx.o [1]
  .text              ro code  0x000068f4    0x38  syscon_8xx.o [1]
  .text              ro code  0x0000692c   0x370  main.o [1]
  .text              ro code  0x00006c9c    0xd8  packbits_init.o [5]
  .text              ro code  0x00006d74     0xa  abort.o [3]
  .rodata            const    0x00006d80    0x6c  sx1276-board.o [1]
  .text              ro code  0x00006dec    0x3e  board_sysinit.o [1]
  .text              ro code  0x00006e2c    0x14  sysinit_8xx.o [1]
  .text              ro code  0x00006e40    0x28  data_init.o [5]
  .iar.init_table    const    0x00006e68    0x2c  - Linker created -
  .text              ro code  0x00006e94    0x1a  cmain.o [5]
  .text              ro code  0x00006eae     0x4  low_level_init.o [3]
  .text              ro code  0x00006eb2     0x8  exit.o [3]
  .text              ro code  0x00006ebc     0xa  cexit.o [5]
  .text              ro code  0x00006ec8    0x10  iar_startup_lpc82x.o [1]
  .text              ro code  0x00006ed8     0xc  cstartup_M.o [5]
  .rodata            const    0x00006ee4     0x8  lpc824board.o [1]
  .text              ro code  0x00006eec     0x8  sysinit.o [1]
  .text              ro code  0x00006ef4     0x4  iar_startup_lpc82x.o [1]
  .rodata            const    0x00006ef8     0x0  zero_init3.o [5]
  .rodata            const    0x00006ef8     0x0  packbits_init.o [5]
  Initializer bytes  ro data  0x00006ef8    0x54  <for P2 s0>
                            - 0x00006f4c  0x6c4c

"P2":                                     0x1bc0
  P2 s0                       0x10000000   0x468  <Init block>
    .data            inited   0x10000000   0x164  LoRaMac.o [1]
    .data            inited   0x10000164   0x138  LoRaMacCrypto.o [1]
    .data            inited   0x1000029c   0x114  LoRaMacCrypto.o [1]
    .data            inited   0x100003b0    0x60  main.o [1]
    .data            inited   0x10000410    0x28  RegionCN470.o [1]
    .data            inited   0x10000438    0x20  sx1276.o [1]
    .data            inited   0x10000458     0xc  board.o [1]
    .data            inited   0x10000464     0x4  utilities.o [1]
  .bss               zero     0x10000468   0x828  uart-board.o [1]
  .bss               zero     0x10000c90   0x480  RegionCN470.o [1]
  .bss               zero     0x10001110   0x228  sx1276.o [1]
  .bss               zero     0x10001338   0x100  LoRaMac.o [1]
  .bss               zero     0x10001438   0x100  LoRaMac.o [1]
  .bss               zero     0x10001538    0xf4  main.o [1]
  .bss               zero     0x1000162c    0x80  LoRaMac.o [1]
  .bss               zero     0x100016ac    0x70  LoRaMac.o [1]
  .bss               zero     0x1000171c    0x34  LoRaMac.o [1]
  .bss               zero     0x10001750    0x1c  LoRaMac.o [1]
  .bss               zero     0x1000176c    0x18  LoRaMac.o [1]
  .bss               zero     0x10001784    0x14  LoRaMac.o [1]
  .bss               zero     0x10001798    0x14  LoRaMac.o [1]
  .bss               zero     0x100017ac     0x8  timer.o [1]
  .bss               zero     0x100017b4     0x4  chip_8xx.o [1]
  .bss               zero     0x100017b8     0x2  irc_8xx.o [1]
  .bss               zero     0x100017ba     0x1  board.o [1]
  .bss               zero     0x100017bb     0x1  sx1276-board.o [1]
  CSTACK                      0x100017c0   0x400  <Block>
    CSTACK           uninit   0x100017c0   0x400  <Block tail>
                            - 0x10001bc0  0x1bc0


*******************************************************************************
*** INIT TABLE
***

          Address     Size
          -------     ----
Zero (__iar_zero_init3)
    1 destination range, total size 0x1354:
          0x10000468  0x1354

Copy/packbits (__iar_packbits_init3)
    1 source range, total size 0x54 (7% of destination):
          0x00006ef8    0x54
    1 destination range, total size 0x468:
          0x10000000   0x468



*******************************************************************************
*** MODULE SUMMARY
***

    Module                ro code  ro data  rw data
    ------                -------  -------  -------
F:\LoRaProduct\source code\LoRaMac-node\IAR\Debug\Obj: [1]
    LoRaMac.o               8 184       26    1 252
    LoRaMacCrypto.o           648       44      588
    Region.o                  428
    RegionCN470.o           2 048        3    1 192
    RegionCommon.o          1 086
    aes.o                   1 984
    board.o                   304        1       13
    board_sysinit.o            62
    chip_8xx.o                 16                 4
    clock_8xx.o               608
    cmac.o                    586
    delay-board.o              42
    gpio_8xx.o                 38
    iap.o                      56
    iar_startup_lpc82x.o      224
    iocon_8xx.o                18
    irc_8xx.o               1 100                 2
    lpc824board.o             852        8
    main.o                    880        7      340
    ring_buffer.o              16
    spi-board.o               408
    spi_8xx.o                  46
    spim_8xx.o                 68
    swm_8xx.o                  40
    sx1276-board.o            756      108        1
    sx1276.o                3 752        2      584
    syscon_8xx.o               56
    sysinit.o                   8
    sysinit_8xx.o              20
    timer.o                   588                 8
    uart-board.o              320             2 088
    uart_8xx.o                194
    utilities.o               136        1        4
    -----------------------------------------------
    Total:                 25 572      200    6 076

command line: [2]
    -----------------------------------------------
    Total:

dl6M_tln.a: [3]
    abort.o                    10
    exit.o                      8
    low_level_init.o            4
    memcpy.o                   12
    -----------------------------------------------
    Total:                     34

m6M_tl.a: [4]
    DblAddSub.o               436
    DblCmpGe.o                 50
    DblDiv.o                  194
    DblMul.o                  388
    DblToI32.o                 82
    FltAddSub.o               278
    FltToDbl.o                 50
    I32ToDbl.o                 52
    I32ToFlt.o                 30
    ceil.o                     88
    floor.o                    88
    -----------------------------------------------
    Total:                  1 736

rt6M_tl.a: [5]
    ABImemcpy.o                92
    ABImemset.o                64
    I32DivModFast.o           224
    I64DivMod.o               106
    I64DivZer.o                 2
    IntDivZer.o                 2
    cexit.o                    10
    cmain.o                    26
    cstartup_M.o               12
    data_init.o                40
    packbits_init.o           216
    zero_init3.o               42
    -----------------------------------------------
    Total:                    836

shb_l.a: [6]
    exit.o                     20
    -----------------------------------------------
    Total:                     20

    Gaps                       24        2
    Linker created                      44    1 024
---------------------------------------------------
    Grand Total:           28 222      246    7 100


*******************************************************************************
*** ENTRY LIST
***

Entry                      Address   Size  Type      Object
-----                      -------   ----  ----      ------
?main                   0x00006e95         Code  Gb  cmain.o [5]
AES_CMAC_Final          0x000033ed  0x14e  Code  Gb  cmac.o [1]
AES_CMAC_Init           0x000032f1   0x22  Code  Gb  cmac.o [1]
AES_CMAC_SetKey         0x00003313   0x10  Code  Gb  cmac.o [1]
AES_CMAC_Update         0x00003323   0xca  Code  Gb  cmac.o [1]
AckTimeoutRetries       0x1000001c    0x1  Data  Lc  LoRaMac.o [1]
AckTimeoutRetriesCounter
                        0x1000001d    0x1  Data  Lc  LoRaMac.o [1]
AckTimeoutRetry         0x1000001e    0x1  Data  Lc  LoRaMac.o [1]
AckTimeoutTimer         0x10001798   0x14  Data  Lc  LoRaMac.o [1]
AddMacCommand           0x00000ee1   0xd6  Code  Lc  LoRaMac.o [1]
AdrAckCounter           0x1000004c    0x4  Data  Lc  LoRaMac.o [1]
AdrCtrlOn               0x10000012    0x1  Data  Lc  LoRaMac.o [1]
AesCmacCtx              0x10000184  0x118  Data  Lc  LoRaMacCrypto.o [1]
AesContext              0x100002bc   0xf4  Data  Lc  LoRaMacCrypto.o [1]
AggregatedDCycle        0x10000028    0x2  Data  Lc  LoRaMac.o [1]
AggregatedLastTxDoneTime
                        0x10000050    0x4  Data  Lc  LoRaMac.o [1]
AggregatedTimeOff       0x10000054    0x4  Data  Lc  LoRaMac.o [1]
AppData                 0x10001538   0xf4  Data  Lc  main.o [1]
AppDataSize             0x100003c5    0x1  Data  Lc  main.o [1]
AppEui                  0x100003e4    0x8  Data  Lc  main.o [1]
AppKey                  0x100003ec   0x10  Data  Lc  main.o [1]
AppLedStateOn           0x100003c7    0x1  Data  Lc  main.o [1]
AppPort                 0x100003c4    0x1  Data  Lc  main.o [1]
Bands                   0x10000428   0x10  Data  Lc  RegionCN470.o [1]
BandwidthsCN470         0x00002e6c   0x18  Data  Lc  RegionCN470.o [1]
BoardDisableIrq         0x00002a41    0xc  Code  Gb  board.o [1]
BoardEnableIrq          0x00002a4d   0x12  Code  Gb  board.o [1]
BoardGetUniqueId        0x00002a9f   0x16  Code  Gb  board.o [1]
BoardInitMcu            0x00002a5f   0x40  Code  Gb  board.o [1]
Board_GPIO_Init         0x00003dc1  0x288  Code  Gb  lpc824board.o [1]
Board_Init              0x00004051   0x14  Code  Gb  lpc824board.o [1]
Board_LED_Init          0x00003d7d   0x2e  Code  Lc  lpc824board.o [1]
Board_SetupClocking     0x00006e13    0xc  Code  Gb  board_sysinit.o [1]
Board_SetupMuxing       0x00006e09    0xa  Code  Gb  board_sysinit.o [1]
Board_SystemInit        0x00006e1f    0xc  Code  Gb  board_sysinit.o [1]
CSTACK$$Base            0x100017c0          --   Gb  - Linker created -
CSTACK$$Limit           0x10001bc0          --   Gb  - Linker created -
CalculateBackOff        0x00001495   0x38  Code  Lc  LoRaMac.o [1]
Channel                 0x1000001a    0x1  Data  Lc  LoRaMac.o [1]
Channels                0x10000c90  0x480  Data  Lc  RegionCN470.o [1]
ChannelsDefaultMask     0x1000041c    0xc  Data  Lc  RegionCN470.o [1]
ChannelsMask            0x10000410    0xc  Data  Lc  RegionCN470.o [1]
ChannelsNbRepCounter    0x10000018    0x1  Data  Lc  LoRaMac.o [1]
CheckToDisableAckTimeout
                        0x00000e05   0x2c  Code  Lc  LoRaMac.o [1]
Chip_Clock_DisablePeriphClock
                        0x00003d23   0x12  Code  Lc  lpc824board.o [1]
Chip_Clock_DisablePeriphClock
                        0x000041eb   0x12  Code  Lc  spi-board.o [1]
Chip_Clock_DisablePeriphClock
                        0x00004085   0x12  Code  Lc  uart-board.o [1]
Chip_Clock_EnablePeriphClock
                        0x00002a2f   0x12  Code  Lc  board.o [1]
Chip_Clock_EnablePeriphClock
                        0x00006ded   0x12  Code  Lc  board_sysinit.o [1]
Chip_Clock_EnablePeriphClock
                        0x00000281   0x12  Code  Lc  gpio_8xx.o [1]
Chip_Clock_EnablePeriphClock
                        0x00003d11   0x12  Code  Lc  lpc824board.o [1]
Chip_Clock_EnablePeriphClock
                        0x000041d9   0x12  Code  Lc  spi-board.o [1]
Chip_Clock_EnablePeriphClock
                        0x0000617f   0x12  Code  Lc  sx1276-board.o [1]
Chip_Clock_EnablePeriphClock
                        0x00004073   0x12  Code  Lc  uart-board.o [1]
Chip_Clock_EnablePeriphClock
                        0x00004a55   0x12  Code  Lc  uart_8xx.o [1]
Chip_Clock_GetExtClockInRate
                        0x00004829    0x6  Code  Lc  clock_8xx.o [1]
Chip_Clock_GetIntOscRate
                        0x00004825    0x4  Code  Lc  clock_8xx.o [1]
Chip_Clock_GetMainClockRate
                        0x000048cd   0x32  Code  Gb  clock_8xx.o [1]
Chip_Clock_GetMainOscRate
                        0x0000481f    0x6  Code  Lc  clock_8xx.o [1]
Chip_Clock_GetPLLFreq   0x00004851    0xe  Code  Lc  clock_8xx.o [1]
Chip_Clock_GetSystemClockRate
                        0x000048ff   0x12  Code  Gb  clock_8xx.o [1]
Chip_Clock_GetSystemPLLInClockRate
                        0x0000488b   0x2c  Code  Gb  clock_8xx.o [1]
Chip_Clock_GetSystemPLLOutClockRate
                        0x000048b7   0x16  Code  Gb  clock_8xx.o [1]
Chip_Clock_GetUARTClockDiv
                        0x000047fb    0x8  Code  Lc  clock_8xx.o [1]
Chip_Clock_GetUSARTNBaseClockRate
                        0x00004911   0x44  Code  Gb  clock_8xx.o [1]
Chip_Clock_GetWDTLFORate
                        0x00004831   0x20  Code  Lc  clock_8xx.o [1]
Chip_Clock_GetWDTOSCRate
                        0x0000487b   0x10  Code  Gb  clock_8xx.o [1]
Chip_Clock_IsSystemPLLLocked
                        0x000064bb    0xc  Code  Lc  irc_8xx.o [1]
Chip_Clock_SetMainClockSource
                        0x0000486d    0xe  Code  Gb  clock_8xx.o [1]
Chip_Clock_SetSysClockDiv
                        0x000064c7    0x6  Code  Lc  irc_8xx.o [1]
Chip_Clock_SetSystemPLLSource
                        0x0000485f    0xe  Code  Gb  clock_8xx.o [1]
Chip_Clock_SetUARTClockDiv
                        0x000047f5    0x6  Code  Lc  clock_8xx.o [1]
Chip_Clock_SetUARTClockDiv
                        0x00004097    0x6  Code  Lc  uart-board.o [1]
Chip_Clock_SetUSARTNBaseClockRate
                        0x00004955   0x54  Code  Gb  clock_8xx.o [1]
Chip_Clock_SetupSystemPLL
                        0x000064a9   0x12  Code  Lc  irc_8xx.o [1]
Chip_FMC_SetFLASHAccess
                        0x000064cd    0x8  Code  Lc  irc_8xx.o [1]
Chip_GPIO_Init          0x0000029d    0xa  Code  Gb  gpio_8xx.o [1]
Chip_GPIO_SetPinDIR     0x000061d5   0x12  Code  Lc  sx1276-board.o [1]
Chip_GPIO_SetPinDIRInput
                        0x000061c5   0x10  Code  Lc  sx1276-board.o [1]
Chip_GPIO_SetPinDIROutput
                        0x00003d5f   0x10  Code  Lc  lpc824board.o [1]
Chip_GPIO_SetPinDIROutput
                        0x000061b5   0x10  Code  Lc  sx1276-board.o [1]
Chip_GPIO_SetPinOutHigh
                        0x0000420b   0x10  Code  Lc  spi-board.o [1]
Chip_GPIO_SetPinOutHigh
                        0x000061e7   0x10  Code  Lc  sx1276-board.o [1]
Chip_GPIO_SetPinOutLow  0x000061f7   0x10  Code  Lc  sx1276-board.o [1]
Chip_GPIO_SetPinState   0x00003d57    0x8  Code  Lc  lpc824board.o [1]
Chip_GPIO_SetPortDIRInput
                        0x00003d6f    0xc  Code  Lc  lpc824board.o [1]
Chip_IAP_ReadUID        0x00004345   0x2c  Code  Gb  iap.o [1]
Chip_IOCON_PinDisableOpenDrainMode
                        0x000041fd    0xe  Code  Lc  spi-board.o [1]
Chip_IOCON_PinDisableOpenDrainMode
                        0x00006191    0xe  Code  Lc  sx1276-board.o [1]
Chip_IOCON_PinEnableOpenDrainMode
                        0x00003d35   0x10  Code  Lc  lpc824board.o [1]
Chip_IOCON_PinSetMode   0x0000026d   0x12  Code  Gb  iocon_8xx.o [1]
Chip_IRC_SetFreq        0x00006521   0x66  Code  Gb  irc_8xx.o [1]
Chip_PININT_ClearIntStatus
                        0x000061b1    0x4  Code  Lc  sx1276-board.o [1]
Chip_PININT_EnableIntHigh
                        0x000061ad    0x4  Code  Lc  sx1276-board.o [1]
Chip_PININT_SetPinModeEdge
                        0x0000619f    0xe  Code  Lc  sx1276-board.o [1]
Chip_SPIM_GetClockRate  0x00004af5   0x14  Code  Gb  spim_8xx.o [1]
Chip_SPIM_SetClockRate  0x00004b09   0x2c  Code  Gb  spim_8xx.o [1]
Chip_SPI_ClearCFGRegBits
                        0x00004229    0xe  Code  Lc  spi-board.o [1]
Chip_SPI_ClearStatus    0x000052b9    0x4  Code  Lc  sx1276.o [1]
Chip_SPI_ConfigureSPI   0x00004265   0x1c  Code  Lc  spi-board.o [1]
Chip_SPI_DelayConfig    0x00004b39   0x2e  Code  Gb  spi_8xx.o [1]
Chip_SPI_Enable         0x0000425b    0xa  Code  Lc  spi-board.o [1]
Chip_SPI_GetStatus      0x000052b1    0x8  Code  Lc  sx1276.o [1]
Chip_SPI_Init           0x00004237   0x24  Code  Lc  spi-board.o [1]
Chip_SPI_ReceiveFrame   0x000052e3    0x6  Code  Lc  sx1276.o [1]
Chip_SPI_SendLastFrame  0x000052cf   0x14  Code  Lc  sx1276.o [1]
Chip_SPI_SendMidFrame   0x000052cb    0x4  Code  Lc  sx1276.o [1]
Chip_SPI_SetCFGRegBits  0x0000421b    0xe  Code  Lc  spi-board.o [1]
Chip_SPI_SetControlInfo
                        0x000052bd    0xe  Code  Lc  sx1276.o [1]
Chip_SWM_DisableFixedPin
                        0x00003d45   0x12  Code  Lc  lpc824board.o [1]
Chip_SWM_DisableFixedPin
                        0x0000409d   0x12  Code  Lc  uart-board.o [1]
Chip_SWM_MovablePinAssign
                        0x000002a9   0x22  Code  Gb  swm_8xx.o [1]
Chip_SYSCTL_AssertPeriphReset
                        0x000047c1   0x12  Code  Lc  clock_8xx.o [1]
Chip_SYSCTL_AssertPeriphReset
                        0x000041a5   0x12  Code  Lc  spi-board.o [1]
Chip_SYSCTL_AssertPeriphReset
                        0x00004a21   0x12  Code  Lc  uart_8xx.o [1]
Chip_SYSCTL_DeassertPeriphReset
                        0x000047d3   0x12  Code  Lc  clock_8xx.o [1]
Chip_SYSCTL_DeassertPeriphReset
                        0x000041b7   0x12  Code  Lc  spi-board.o [1]
Chip_SYSCTL_DeassertPeriphReset
                        0x00004a33   0x12  Code  Lc  uart_8xx.o [1]
Chip_SYSCTL_EnablePINTWakeup
                        0x0000616f   0x10  Code  Lc  sx1276-board.o [1]
Chip_SYSCTL_GetUSARTFRGDivider
                        0x00004809    0x8  Code  Lc  clock_8xx.o [1]
Chip_SYSCTL_GetUSARTFRGMultiplier
                        0x00004817    0x8  Code  Lc  clock_8xx.o [1]
Chip_SYSCTL_PeriphReset
                        0x000047e5   0x10  Code  Lc  clock_8xx.o [1]
Chip_SYSCTL_PeriphReset
                        0x000041c9   0x10  Code  Lc  spi-board.o [1]
Chip_SYSCTL_PeriphReset
                        0x00004a45   0x10  Code  Lc  uart_8xx.o [1]
Chip_SYSCTL_PowerDown   0x000068f5   0x16  Code  Gb  syscon_8xx.o [1]
Chip_SYSCTL_PowerUp     0x0000690b   0x16  Code  Gb  syscon_8xx.o [1]
Chip_SYSCTL_SetPinInterrupt
                        0x00006167    0x8  Code  Lc  sx1276-board.o [1]
Chip_SYSCTL_SetUSARTFRGDivider
                        0x00004803    0x6  Code  Lc  clock_8xx.o [1]
Chip_SYSCTL_SetUSARTFRGMultiplier
                        0x00004811    0x6  Code  Lc  clock_8xx.o [1]
Chip_SetupIrcClocking   0x00006e2d    0xc  Code  Gb  sysinit_8xx.o [1]
Chip_UART_ConfigData    0x000040cf    0xc  Code  Lc  uart-board.o [1]
Chip_UART_Enable        0x000040af    0xe  Code  Lc  uart-board.o [1]
Chip_UART_Init          0x00004a7f   0x30  Code  Gb  uart_8xx.o [1]
Chip_UART_IntDisable    0x000040cb    0x4  Code  Lc  uart-board.o [1]
Chip_UART_IntEnable     0x000040c7    0x4  Code  Lc  uart-board.o [1]
Chip_UART_SetBaud       0x00004acd   0x16  Code  Gb  uart_8xx.o [1]
Chip_UART_TXEnable      0x000040bd    0xa  Code  Lc  uart-board.o [1]
ComplianceTest          0x100003b0   0x14  Data  Gb  main.o [1]
CountChannels           0x00004381   0x26  Code  Lc  RegionCommon.o [1]
CountNbOfEnabledChannels
                        0x00002b2d   0x9a  Code  Lc  RegionCN470.o [1]
DataratesCN470          0x00002fec    0x8  Data  Lc  RegionCN470.o [1]
DelayMs                 0x0000644d   0x2a  Code  Gb  delay-board.o [1]
DevEui                  0x100003dc    0x8  Data  Lc  main.o [1]
DeviceState             0x100003c9    0x1  Data  Lc  main.o [1]
DioIrq                  0x10000440   0x18  Data  Gb  sx1276.o [1]
DownLinkCounter         0x10000048    0x4  Data  Lc  LoRaMac.o [1]
DutyCycleOn             0x10001731    0x1  Data  Lc  LoRaMac.o [1]
ExtRateIn               0x00006ee8    0x4  Data  Gb  lpc824board.o [1]
GetBandwidth            0x00002b05   0x1e  Code  Lc  RegionCN470.o [1]
GetNextLowerTxDr        0x00002af1   0x14  Code  Lc  RegionCN470.o [1]
HasLoopedThroughMain    0x100017ac    0x1  Data  Gb  timer.o [1]
InStream_Read           0x00006c9d   0x22  Code  Lc  packbits_init.o [5]
IrqNestLevel            0x100017ba    0x1  Data  Lc  board.o [1]
IsFPortAllowed          0x0000154f    0xc  Code  Lc  LoRaMac.o [1]
IsLoRaMacNetworkJoined  0x10000011    0x1  Data  Lc  LoRaMac.o [1]
IsRxWindowsEnabled      0x10000010    0x1  Data  Lc  LoRaMac.o [1]
IsStickyMacCommandPending
                        0x00000eb5   0x10  Code  Lc  LoRaMac.o [1]
IsTxConfirmed           0x100003c6    0x1  Data  Lc  main.o [1]
IsUpLinkCounterFixed    0x10001764    0x1  Data  Lc  LoRaMac.o [1]
LastTxChannel           0x1000001b    0x1  Data  Lc  LoRaMac.o [1]
LastTxIsJoinRequest     0x10001732    0x1  Data  Lc  LoRaMac.o [1]
LimitTxPower            0x00002b23    0xa  Code  Lc  RegionCN470.o [1]
LoRaMacAppEui           0x10000030    0x4  Data  Lc  LoRaMac.o [1]
LoRaMacAppKey           0x10000034    0x4  Data  Lc  LoRaMac.o [1]
LoRaMacAppSKey          0x10000084   0x10  Data  Lc  LoRaMac.o [1]
LoRaMacBuffer           0x10001338  0x100  Data  Lc  LoRaMac.o [1]
LoRaMacBufferPktLen     0x10000026    0x2  Data  Lc  LoRaMac.o [1]
LoRaMacCallbacks        0x10000064    0x4  Data  Lc  LoRaMac.o [1]
LoRaMacComputeMic       0x000026f1   0x8a  Code  Gb  LoRaMacCrypto.o [1]
LoRaMacDevAddr          0x1000003c    0x4  Data  Lc  LoRaMac.o [1]
LoRaMacDevEui           0x1000002c    0x4  Data  Lc  LoRaMac.o [1]
LoRaMacDevNonce         0x10000024    0x2  Data  Lc  LoRaMac.o [1]
LoRaMacDeviceClass      0x1000000d    0x1  Data  Lc  LoRaMac.o [1]
LoRaMacFlags            0x10000020    0x4  Data  Gb  LoRaMac.o [1]
LoRaMacInitialization   0x0000193d  0x202  Code  Gb  LoRaMac.o [1]
LoRaMacInitializationTime
                        0x10000058    0x4  Data  Lc  LoRaMac.o [1]
LoRaMacJoinComputeMic   0x0000284f   0x4e  Code  Gb  LoRaMacCrypto.o [1]
LoRaMacJoinComputeSKeys
                        0x000028e1   0x8e  Code  Gb  LoRaMacCrypto.o [1]
LoRaMacJoinDecrypt      0x0000289d   0x44  Code  Gb  LoRaMacCrypto.o [1]
LoRaMacMaxEirpTable     0x00001340   0x10  Data  Lc  LoRaMac.o [1]
LoRaMacMcpsRequest      0x0000219d  0x14c  Code  Gb  LoRaMac.o [1]
LoRaMacMibGetRequestConfirm
                        0x00001c19  0x15e  Code  Gb  LoRaMac.o [1]
LoRaMacMibSetRequestConfirm
                        0x00001dc5  0x2b8  Code  Gb  LoRaMac.o [1]
LoRaMacMlmeRequest      0x0000208d  0x102  Code  Gb  LoRaMac.o [1]
LoRaMacNetID            0x10000038    0x4  Data  Lc  LoRaMac.o [1]
LoRaMacNwkSKey          0x10000074   0x10  Data  Lc  LoRaMac.o [1]
LoRaMacParams           0x100016ac   0x38  Data  Gb  LoRaMac.o [1]
LoRaMacParamsDefaults   0x100016e4   0x38  Data  Gb  LoRaMac.o [1]
LoRaMacPayloadDecrypt   0x00002839   0x16  Code  Gb  LoRaMacCrypto.o [1]
LoRaMacPayloadEncrypt   0x0000277b   0xbe  Code  Gb  LoRaMacCrypto.o [1]
LoRaMacPrimitives       0x10000060    0x4  Data  Lc  LoRaMac.o [1]
LoRaMacQueryTxPossible  0x00001b49   0xc2  Code  Gb  LoRaMac.o [1]
LoRaMacRegion           0x1000000c    0x1  Data  Lc  LoRaMac.o [1]
LoRaMacRxPayload        0x10001438  0x100  Data  Lc  LoRaMac.o [1]
LoRaMacState            0x1000005c    0x4  Data  Gb  LoRaMac.o [1]
LoRaMacTxPayloadLen     0x10001730    0x1  Data  Lc  LoRaMac.o [1]
MacCommandsBuffer       0x1000162c   0x80  Data  Lc  LoRaMac.o [1]
MacCommandsBufferIndex  0x10000016    0x1  Data  Lc  LoRaMac.o [1]
MacCommandsBufferToRepeat
                        0x10000094   0x80  Data  Lc  LoRaMac.o [1]
MacCommandsBufferToRepeatIndex
                        0x10000017    0x1  Data  Lc  LoRaMac.o [1]
MacCommandsInNextTx     0x10000015    0x1  Data  Lc  LoRaMac.o [1]
MacStateCheckTimer      0x10000114   0x14  Data  Lc  LoRaMac.o [1]
MaxDCycle               0x10000019    0x1  Data  Lc  LoRaMac.o [1]
MaxPayloadOfDatarateCN470
                        0x00002f3c    0x8  Data  Lc  RegionCN470.o [1]
MaxPayloadOfDatarateRepeaterCN470
                        0x00002f34    0x8  Data  Lc  RegionCN470.o [1]
McpsConfirm             0x10001750   0x14  Data  Lc  LoRaMac.o [1]
McpsConfirm             0x00006a4d    0x8  Code  Lc  main.o [1]
McpsIndication          0x1000176c   0x18  Data  Lc  LoRaMac.o [1]
McpsIndication          0x00006a55   0x44  Code  Lc  main.o [1]
Mic                     0x10000174   0x10  Data  Lc  LoRaMacCrypto.o [1]
MicBlockB0              0x10000164   0x10  Data  Lc  LoRaMacCrypto.o [1]
MlmeConfirm             0x10000000    0xc  Data  Lc  LoRaMac.o [1]
MlmeConfirm             0x00006a99   0x70  Code  Lc  main.o [1]
MlmeIndication          0x10001768    0x4  Data  Lc  LoRaMac.o [1]
MlmeIndication          0x00006b0d   0x10  Code  Lc  main.o [1]
MulticastChannels       0x10000040    0x4  Data  Lc  LoRaMac.o [1]
NVIC_EnableIRQ          0x00006159    0xe  Code  Lc  sx1276-board.o [1]
NVIC_EnableIRQ          0x00004065    0xe  Code  Lc  uart-board.o [1]
NVIC_SetPriority        0x000029c1   0x44  Code  Lc  board.o [1]
NextTx                  0x100003c8    0x1  Data  Lc  main.o [1]
NodeAckRequested        0x10000013    0x1  Data  Lc  LoRaMac.o [1]
OnAckTimeoutTimerEvent  0x00000e31   0x30  Code  Lc  LoRaMac.o [1]
OnMacStateCheckTimerEvent
                        0x00000a99  0x2a0  Code  Lc  LoRaMac.o [1]
OnRadioRxDone           0x00000431  0x534  Code  Lc  LoRaMac.o [1]
OnRadioRxError          0x00000993   0x78  Code  Lc  LoRaMac.o [1]
OnRadioRxTimeout        0x00000a0b   0x78  Code  Lc  LoRaMac.o [1]
OnRadioTxDone           0x00000301   0xe6  Code  Lc  LoRaMac.o [1]
OnRadioTxTimeout        0x00000965   0x2e  Code  Lc  LoRaMac.o [1]
OnRxWindow1TimerEvent   0x00000d57   0x4e  Code  Lc  LoRaMac.o [1]
OnRxWindow2TimerEvent   0x00000dad   0x54  Code  Lc  LoRaMac.o [1]
OnTxDelayedTimerEvent   0x00000d39   0x1e  Code  Lc  LoRaMac.o [1]
OnTxNextPacketTimerEvent
                        0x000069db   0x72  Code  Lc  main.o [1]
OpenContinuousRx2Window
                        0x0000155b    0xe  Code  Lc  LoRaMac.o [1]
OscRateIn               0x00006ee4    0x4  Data  Gb  lpc824board.o [1]
PININT0_IRQHandler      0x000063fd   0x10  Code  Gb  sx1276-board.o [1]
PININT1_IRQHandler      0x0000640d   0x10  Code  Gb  sx1276-board.o [1]
ParseMacCommandsToRepeat
                        0x00000fe5   0x5e  Code  Lc  LoRaMac.o [1]
PrepareFrame            0x0000157d  0x2a2  Code  Gb  LoRaMac.o [1]
PrepareRxDoneAbort      0x000003e7   0x36  Code  Lc  LoRaMac.o [1]
PrepareTxFrame          0x0000692d   0x4a  Code  Lc  main.o [1]
ProcessMacCommands      0x00001045  0x2fc  Code  Lc  LoRaMac.o [1]
PublicNetwork           0x1000000e    0x1  Data  Lc  LoRaMac.o [1]
Radio                   0x00006d80   0x6c  Data  Gb  sx1276-board.o [1]
RadioEvents             0x10001734   0x1c  Data  Lc  LoRaMac.o [1]
RadioEvents             0x1000043c    0x4  Data  Lc  sx1276.o [1]
RadioIsActive           0x100017bb    0x1  Data  Lc  sx1276-board.o [1]
RadioRegsInit           0x00006128   0x30  Data  Gb  sx1276.o [1]
Region$$Table$$Base     0x00006e68          --   Gb  - Linker created -
Region$$Table$$Limit    0x00006e94          --   Gb  - Linker created -
RegionAdrNext           0x000025bf   0x1a  Code  Gb  Region.o [1]
RegionAlternateDr       0x00002685   0x12  Code  Gb  Region.o [1]
RegionApplyCFList       0x0000259d   0x10  Code  Gb  Region.o [1]
RegionApplyDrOffset     0x000026d1   0x1a  Code  Gb  Region.o [1]
RegionCN470AdrNext      0x00002d85   0x74  Code  Gb  RegionCN470.o [1]
RegionCN470AlternateDr  0x00003177    0x2  Code  Gb  RegionCN470.o [1]
RegionCN470ApplyCFList  0x00002d51    0x2  Code  Gb  RegionCN470.o [1]
RegionCN470ApplyDrOffset
                        0x000032e1   0x10  Code  Gb  RegionCN470.o [1]
RegionCN470CalcBackOff  0x00003179   0x30  Code  Gb  RegionCN470.o [1]
RegionCN470ChanMaskSet  0x00002d53   0x2c  Code  Gb  RegionCN470.o [1]
RegionCN470ComputeRxWindowParameters
                        0x00002dfd   0x58  Code  Gb  RegionCN470.o [1]
RegionCN470DlChannelReq
                        0x00003173    0x4  Code  Gb  RegionCN470.o [1]
RegionCN470GetPhyParam  0x00002bc9   0xa8  Code  Gb  RegionCN470.o [1]
RegionCN470InitDefaults
                        0x00002c97   0x60  Code  Gb  RegionCN470.o [1]
RegionCN470LinkAdrReq   0x00002ff5  0x114  Code  Gb  RegionCN470.o [1]
RegionCN470NewChannelReq
                        0x00003169    0x4  Code  Gb  RegionCN470.o [1]
RegionCN470NextChannel  0x000031b5   0xc0  Code  Gb  RegionCN470.o [1]
RegionCN470RxConfig     0x00002e85   0x90  Code  Gb  RegionCN470.o [1]
RegionCN470RxParamSetupReq
                        0x00003109   0x5a  Code  Gb  RegionCN470.o [1]
RegionCN470SetBandTxDone
                        0x00002c75   0x22  Code  Gb  RegionCN470.o [1]
RegionCN470SetContinuousWave
                        0x00003275   0x48  Code  Gb  RegionCN470.o [1]
RegionCN470TxConfig     0x00002f45   0xa4  Code  Gb  RegionCN470.o [1]
RegionCN470TxParamSetupReq
                        0x0000316d    0x6  Code  Gb  RegionCN470.o [1]
RegionCN470Verify       0x00002cf7   0x5a  Code  Gb  RegionCN470.o [1]
RegionCalcBackOff       0x00002697   0x10  Code  Gb  Region.o [1]
RegionChanMaskSet       0x000025ad   0x12  Code  Gb  Region.o [1]
RegionCommonCalcBackOff
                        0x00004767   0x58  Code  Gb  RegionCommon.o [1]
RegionCommonChanMaskCopy
                        0x00004479   0x22  Code  Gb  RegionCommon.o [1]
RegionCommonChanVerifyDr
                        0x000043c1   0x7a  Code  Gb  RegionCommon.o [1]
RegionCommonComputeRxWindowParameters
                        0x00004685   0xaa  Code  Gb  RegionCommon.o [1]
RegionCommonComputeSymbolTimeLoRa
                        0x00004647   0x2e  Code  Gb  RegionCommon.o [1]
RegionCommonComputeTxPower
                        0x0000473d   0x2a  Code  Gb  RegionCommon.o [1]
RegionCommonCountChannels
                        0x0000444b   0x2e  Code  Gb  RegionCommon.o [1]
RegionCommonGetJoinDc   0x000043a7   0x1a  Code  Gb  RegionCommon.o [1]
RegionCommonLinkAdrReqVerifyParams
                        0x000045a3   0xa4  Code  Gb  RegionCommon.o [1]
RegionCommonParseLinkAdrReq
                        0x0000455b   0x48  Code  Gb  RegionCommon.o [1]
RegionCommonSetBandTxDone
                        0x0000449b    0xa  Code  Gb  RegionCommon.o [1]
RegionCommonUpdateBandTimeOff
                        0x000044a5   0xb6  Code  Gb  RegionCommon.o [1]
RegionCommonValueInRange
                        0x0000443b   0x10  Code  Gb  RegionCommon.o [1]
RegionComputeRxWindowParameters
                        0x000025d9   0x16  Code  Gb  Region.o [1]
RegionDlChannelReq      0x00002673   0x12  Code  Gb  Region.o [1]
RegionGetPhyParam       0x00002551   0x16  Code  Gb  Region.o [1]
RegionInitDefaults      0x00002577   0x10  Code  Gb  Region.o [1]
RegionIsActive          0x00002545    0xc  Code  Gb  Region.o [1]
RegionLinkAdrReq        0x0000261d   0x20  Code  Gb  Region.o [1]
RegionNewChannelReq     0x0000264f   0x12  Code  Gb  Region.o [1]
RegionNextChannel       0x000026a7   0x1a  Code  Gb  Region.o [1]
RegionRxConfig          0x000025ef   0x16  Code  Gb  Region.o [1]
RegionRxParamSetupReq   0x0000263d   0x12  Code  Gb  Region.o [1]
RegionSetBandTxDone     0x00002567   0x10  Code  Gb  Region.o [1]
RegionSetContinuousWave
                        0x000026c1   0x10  Code  Gb  Region.o [1]
RegionTxConfig          0x00002605   0x18  Code  Gb  Region.o [1]
RegionTxParamSetupReq   0x00002661   0x12  Code  Gb  Region.o [1]
RegionVerify            0x00002587   0x16  Code  Gb  Region.o [1]
RepeaterSupport         0x1000000f    0x1  Data  Lc  LoRaMac.o [1]
ResetMacParameters      0x000014cd   0x82  Code  Lc  LoRaMac.o [1]
RingBuffer_Init         0x00004ae3   0x10  Code  Gb  ring_buffer.o [1]
RxChainCalibration      0x00005433   0x8e  Code  Lc  sx1276.o [1]
RxSlot                  0x1000001f    0x1  Data  Lc  LoRaMac.o [1]
RxTimeoutSyncWord       0x10001324   0x14  Data  Gb  sx1276.o [1]
RxTimeoutTimer          0x10001310   0x14  Data  Gb  sx1276.o [1]
RxTxBuffer              0x100011fc  0x100  Data  Lc  sx1276.o [1]
RxWindow1Config         0x1000171c   0x14  Data  Lc  LoRaMac.o [1]
RxWindow1Delay          0x10000068    0x4  Data  Lc  LoRaMac.o [1]
RxWindow2Config         0x10001784   0x14  Data  Lc  LoRaMac.o [1]
RxWindow2Delay          0x1000006c    0x4  Data  Lc  LoRaMac.o [1]
RxWindowSetup           0x00000e61   0x16  Code  Lc  LoRaMac.o [1]
RxWindowTimer1          0x1000013c   0x14  Data  Lc  LoRaMac.o [1]
RxWindowTimer2          0x10000150   0x14  Data  Lc  LoRaMac.o [1]
SX1276                  0x10001110   0xec  Data  Gb  sx1276.o [1]
SX1276AntSwDeInit       0x000063bf   0x1a  Code  Gb  sx1276-board.o [1]
SX1276AntSwInit         0x000063a5   0x1a  Code  Gb  sx1276-board.o [1]
SX1276CheckRfFrequency  0x000063f9    0x4  Code  Gb  sx1276-board.o [1]
SX1276GetBoardTcxoWakeupTime
                        0x00006297    0x4  Code  Gb  sx1276-board.o [1]
SX1276GetPaSelect       0x0000636d    0xe  Code  Gb  sx1276-board.o [1]
SX1276GetStatus         0x00005367    0x6  Code  Gb  sx1276.o [1]
SX1276GetTimeOnAir      0x000057dd  0x128  Code  Gb  sx1276.o [1]
SX1276GetWakeupTime     0x00005ef5    0xa  Code  Gb  sx1276.o [1]
SX1276Init              0x000052e9   0x7e  Code  Gb  sx1276.o [1]
SX1276IoInit            0x00006207   0x5c  Code  Gb  sx1276-board.o [1]
SX1276IoIrqInit         0x00006263   0x32  Code  Gb  sx1276-board.o [1]
SX1276IsChannelFree     0x000053a9   0x48  Code  Gb  sx1276.o [1]
SX1276OnDio0Irq         0x00005f8d  0x150  Code  Gb  sx1276.o [1]
SX1276OnDio1Irq         0x000060dd   0x3c  Code  Gb  sx1276.o [1]
SX1276OnTimeoutIrq      0x00005f01   0x7c  Code  Gb  sx1276.o [1]
SX1276Random            0x000053f1   0x42  Code  Gb  sx1276.o [1]
SX1276Read              0x00005d5d   0x10  Code  Gb  sx1276.o [1]
SX1276ReadBuffer        0x00005dfd   0x98  Code  Gb  sx1276.o [1]
SX1276ReadFifo          0x00005ea3    0xe  Code  Gb  sx1276.o [1]
SX1276ReadRssi          0x00005c83   0x32  Code  Gb  sx1276.o [1]
SX1276Reset             0x0000629b   0x28  Code  Gb  sx1276-board.o [1]
SX1276Send              0x00005909   0x90  Code  Gb  sx1276.o [1]
SX1276SetAntSw          0x000063d9   0x20  Code  Gb  sx1276-board.o [1]
SX1276SetAntSwLowPower  0x0000637b   0x2a  Code  Gb  sx1276-board.o [1]
SX1276SetBoardTcxo      0x00006295    0x2  Code  Lc  sx1276-board.o [1]
SX1276SetChannel        0x0000536d   0x3c  Code  Gb  sx1276.o [1]
SX1276SetMaxPayloadLength
                        0x00005eb1   0x18  Code  Gb  sx1276.o [1]
SX1276SetModem          0x00005ce7   0x50  Code  Gb  sx1276.o [1]
SX1276SetOpMode         0x00005cb7   0x30  Code  Gb  sx1276.o [1]
SX1276SetPublicNetwork  0x00005ec9   0x26  Code  Gb  sx1276.o [1]
SX1276SetRfTxPower      0x000062c3   0xaa  Code  Gb  sx1276-board.o [1]
SX1276SetRx             0x00005a01  0x1ca  Code  Gb  sx1276.o [1]
SX1276SetRxConfig       0x000054cd  0x1b2  Code  Gb  sx1276.o [1]
SX1276SetSleep          0x00005999   0x26  Code  Gb  sx1276.o [1]
SX1276SetStby           0x000059bf   0x26  Code  Gb  sx1276.o [1]
SX1276SetTx             0x00005bd5   0x72  Code  Gb  sx1276.o [1]
SX1276SetTxConfig       0x00005691  0x144  Code  Gb  sx1276.o [1]
SX1276StartCad          0x00005c55   0x2e  Code  Gb  sx1276.o [1]
SX1276Write             0x00005d51    0xc  Code  Gb  sx1276.o [1]
SX1276WriteBuffer       0x00005d6d   0x90  Code  Gb  sx1276.o [1]
SX1276WriteFifo         0x00005e95    0xe  Code  Gb  sx1276.o [1]
ScheduleTx              0x00001389  0x10c  Code  Lc  LoRaMac.o [1]
Send                    0x00001351   0x2e  Code  Gb  LoRaMac.o [1]
SendFrame               0x00006977   0x64  Code  Lc  main.o [1]
SendFrameOnChannel      0x0000181f   0x82  Code  Gb  LoRaMac.o [1]
SetMlmeScheduleUplinkIndication
                        0x00000ec5   0x16  Code  Lc  LoRaMac.o [1]
SetTxContinuousWave     0x000018ad   0x4a  Code  Gb  LoRaMac.o [1]
SetTxContinuousWave1    0x000018fd   0x36  Code  Gb  LoRaMac.o [1]
SpiInit                 0x00004281   0x94  Code  Gb  spi-board.o [1]
SrvAckRequested         0x10000014    0x1  Data  Lc  LoRaMac.o [1]
SysTick_Config          0x00002a05   0x2a  Code  Lc  board.o [1]
SysTick_Handler         0x00002ab5   0x1c  Code  Gb  board.o [1]
SystemCoreClock         0x100017b4    0x4  Data  Gb  chip_8xx.o [1]
SystemCoreClockUpdate   0x00003d01   0x10  Code  Gb  chip_8xx.o [1]
SystemInit              0x00006eed    0x8  Code  Gb  sysinit.o [1]
TimerExists             0x000024c9   0x18  Code  Lc  timer.o [1]
TimerGetCurrentTime     0x000024fd    0x6  Code  Gb  timer.o [1]
TimerGetElapsedTime     0x00002503   0x16  Code  Gb  timer.o [1]
TimerGetValue           0x000024f1    0xc  Code  Gb  timer.o [1]
TimerInit               0x000022f9   0x10  Code  Gb  timer.o [1]
TimerInsertNewHeadTimer
                        0x000023c5   0x22  Code  Lc  timer.o [1]
TimerInsertTimer        0x0000236b   0x5a  Code  Lc  timer.o [1]
TimerIrqHandler         0x000023e7   0x4e  Code  Gb  timer.o [1]
TimerListHead           0x100017b0    0x4  Data  Lc  timer.o [1]
TimerSetTimeout         0x00002519   0x1c  Code  Lc  timer.o [1]
TimerSetValue           0x000024e1   0x10  Code  Gb  timer.o [1]
TimerStart              0x00002309   0x62  Code  Gb  timer.o [1]
TimerStop               0x00002435   0x94  Code  Gb  timer.o [1]
TxDelayedTimer          0x10000128   0x14  Data  Lc  LoRaMac.o [1]
TxDutyCycleTime         0x100003d8    0x4  Data  Lc  main.o [1]
TxNextPacketTimer       0x100003fc   0x14  Data  Lc  main.o [1]
TxTimeOnAir             0x10000070    0x4  Data  Gb  LoRaMac.o [1]
TxTimeoutTimer          0x100012fc   0x14  Data  Gb  sx1276.o [1]
UartMcuInit             0x000040db   0x9e  Code  Gb  uart-board.o [1]
UpLinkCounter           0x10000044    0x4  Data  Lc  LoRaMac.o [1]
ValidatePayloadLength   0x00000e77   0x3e  Code  Lc  LoRaMac.o [1]
__Vectors               0x00000000          --   Gb  iar_startup_lpc82x.o [1]
__Vectors_End           0x000000c0         Data  Gb  iar_startup_lpc82x.o [1]
__Vectors_Size {Abs}    0x000000c0          --   Gb  iar_startup_lpc82x.o [1]
__aeabi_cdrcmple        0x00006477         Code  Gb  DblCmpGe.o [4]
__aeabi_d2iz            0x0000504d         Code  Gb  DblToI32.o [4]
__aeabi_d2uiz           0x00005071         Code  Gb  DblToI32.o [4]
__aeabi_dadd            0x00004e3f         Code  Gb  DblAddSub.o [4]
__aeabi_ddiv            0x00004bf9         Code  Gb  DblDiv.o [4]
__aeabi_dmul            0x00004cbb         Code  Gb  DblMul.o [4]
__aeabi_dsub            0x00004f05         Code  Gb  DblAddSub.o [4]
__aeabi_f2d             0x000051b5         Code  Gb  FltToDbl.o [4]
__aeabi_fsub            0x00005105         Code  Gb  FltAddSub.o [4]
__aeabi_i2d             0x00004bc5         Code  Gb  I32ToDbl.o [4]
__aeabi_idiv            0x00000175         Code  Gb  I32DivModFast.o [5]
__aeabi_idiv0           0x00003cfd         Code  Gb  IntDivZer.o [5]
__aeabi_idivmod         0x00000175         Code  Gb  I32DivModFast.o [5]
__aeabi_ldiv0           0x000052ad         Code  Gb  I64DivZer.o [5]
__aeabi_memclr4         0x00000269         Code  Gb  ABImemset.o [5]
__aeabi_memclr8         0x00000269         Code  Gb  ABImemset.o [5]
__aeabi_memcpy          0x00004b69         Code  Gb  ABImemcpy.o [5]
__aeabi_memset4         0x0000022d         Code  Gb  ABImemset.o [5]
__aeabi_memset8         0x0000022d         Code  Gb  ABImemset.o [5]
__aeabi_ui2d            0x00004bd9         Code  Gb  I32ToDbl.o [4]
__aeabi_ui2f            0x00002979         Code  Gb  I32ToFlt.o [4]
__aeabi_uidiv           0x0000017b         Code  Gb  I32DivModFast.o [5]
__aeabi_uidivmod        0x0000017b         Code  Gb  I32DivModFast.o [5]
__aeabi_uldivmod        0x00005241         Code  Gb  I64DivMod.o [5]
__cmain                 0x00006e95         Code  Gb  cmain.o [5]
__exit                  0x000002d1   0x14  Code  Gb  exit.o [6]
__iar_Memset4_word      0x00000239         Code  Gb  ABImemset.o [5]
__iar_ceil              0x00004ff5         Code  Gb  ceil.o [4]
__iar_ceill             0x00004ff5         Code  Gb  ceil.o [4]
__iar_d2uiz             0x00005075         Code  Gb  DblToI32.o [4]
__iar_data_init3        0x00006e41   0x28  Code  Gb  data_init.o [5]
__iar_floor             0x000051e9         Code  Gb  floor.o [4]
__iar_floorl            0x000051e9         Code  Gb  floor.o [4]
__iar_packbits_init3    0x00006cbf   0xb6  Code  Gb  packbits_init.o [5]
__iar_program_start     0x00006ed9         Code  Gb  cstartup_M.o [5]
__iar_ui2d              0x00004bdd         Code  Gb  I32ToDbl.o [4]
__iar_ui2f              0x0000297d         Code  Gb  I32ToFlt.o [4]
__iar_zero_init3        0x00002997   0x2a  Code  Gb  zero_init3.o [5]
__low_level_init        0x00006eaf    0x4  Code  Gb  low_level_init.o [3]
__vector_table          0x00000000         Data  Gb  iar_startup_lpc82x.o [1]
__vector_table_0x1c     0x00000010         Data  Gb  iar_startup_lpc82x.o [1]
_call_main              0x00006ea1         Code  Gb  cmain.o [5]
_exit                   0x00006ebd         Code  Gb  cexit.o [5]
_main                   0x00006eab         Code  Gb  cmain.o [5]
aBlock                  0x1000029c   0x10  Data  Lc  LoRaMacCrypto.o [1]
aLarmTimerTime          0x1000045c    0x4  Data  Gb  board.o [1]
abort                   0x00006d75    0xa  Code  Gb  abort.o [3]
add_round_key           0x0000369d    0x8  Code  Lc  aes.o [1]
aes_encrypt             0x00003bab   0x52  Code  Gb  aes.o [1]
aes_set_key             0x00003aa9  0x102  Code  Gb  aes.o [1]
ceil                    0x00004ff5         Code  Gb  ceil.o [4]
ceill                   0x00004ff5         Code  Gb  ceil.o [4]
config_tab              0x000065a0  0x354  Data  Lc  irc_8xx.o [1]
config_tab_idx          0x100017b8    0x2  Data  Lc  irc_8xx.o [1]
copy_and_key            0x00003617   0x86  Code  Lc  aes.o [1]
copy_block              0x0000353d   0x42  Code  Lc  aes.o [1]
copy_block_nn           0x0000357f   0x16  Code  Lc  aes.o [1]
exit                    0x00006eb3    0x8  Code  Gb  exit.o [3]
floor                   0x000051e9         Code  Gb  floor.o [4]
floorl                  0x000051e9         Code  Gb  floor.o [4]
getUARTClockID          0x00004a67   0x18  Code  Lc  uart_8xx.o [1]
gfm2_sbox               0x000039a8  0x100  Data  Lc  aes.o [1]
gfm3_sbox               0x000038a8  0x100  Data  Lc  aes.o [1]
iap_entry               0x0000433d    0x8  Code  Lc  iap.o [1]
ledBits                 0x00003dac    0x1  Data  Lc  lpc824board.o [1]
main                    0x00006b1d  0x160  Code  Gb  main.o [1]
memcpy                  0x00004375    0xc  Code  Gb  memcpy.o [3]
memcpy1                 0x00000107   0x16  Code  Gb  utilities.o [1]
memcpyr                 0x0000011d   0x1a  Code  Gb  utilities.o [1]
memset1                 0x00000137   0x12  Code  Gb  utilities.o [1]
mix_sub_columns         0x00003709  0x19a  Code  Lc  aes.o [1]
next                    0x10000464    0x4  Data  Lc  utilities.o [1]
pll_config              0x000064d5   0x4a  Code  Lc  irc_8xx.o [1]
rand1                   0x000000c1   0x1a  Code  Gb  utilities.o [1]
randr                   0x000000f1   0x16  Code  Gb  utilities.o [1]
rxbuff                  0x10000490  0x400  Data  Lc  uart-board.o [1]
rxring                  0x1000047c   0x14  Data  Gb  uart-board.o [1]
sBlock                  0x100002ac   0x10  Data  Lc  LoRaMacCrypto.o [1]
sTartAlarmTimerTime     0x10000460    0x4  Data  Gb  board.o [1]
sbox                    0x00003bfc  0x100  Data  Lc  aes.o [1]
shift_sub_rows          0x000036a5   0x64  Code  Lc  aes.o [1]
srand1                  0x000000db    0x6  Code  Gb  utilities.o [1]
systick                 0x10000458    0x4  Data  Gb  board.o [1]
txbuff                  0x10000890  0x400  Data  Lc  uart-board.o [1]
txring                  0x10000468   0x14  Data  Gb  uart-board.o [1]
wdtOSCRate              0x000049e0   0x40  Data  Lc  clock_8xx.o [1]
xor_block               0x00003595   0x82  Code  Lc  aes.o [1]


[1] = F:\LoRaProduct\source code\LoRaMac-node\IAR\Debug\Obj
[2] = command line
[3] = dl6M_tln.a
[4] = m6M_tl.a
[5] = rt6M_tl.a
[6] = shb_l.a

  28 222 bytes of readonly  code memory
     246 bytes of readonly  data memory
   7 100 bytes of readwrite data memory

Errors: none
Warnings: none
