###############################################################################
#
# IAR ELF Linker V7.30.3.8024/W32 for ARM                 03/Dec/2018  20:50:21
# Copyright 2007-2014 IAR Systems AB.
#
#    Output file  =  
#        D:\stm8lora\src\LoRaMac-node\IAR\Debug\Exe\LoRaMac-node.out.tmp
#    Map file     =  
#        D:\stm8lora\src\LoRaMac-node\IAR\Debug\List\LoRaMac-node.map
#    Command line =  
#        D:\stm8lora\src\LoRaMac-node\IAR\Debug\Obj\acmp_8xx.o
#        D:\stm8lora\src\LoRaMac-node\IAR\Debug\Obj\adc_8xx.o
#        D:\stm8lora\src\LoRaMac-node\IAR\Debug\Obj\aes.o
#        D:\stm8lora\src\LoRaMac-node\IAR\Debug\Obj\board.o
#        D:\stm8lora\src\LoRaMac-node\IAR\Debug\Obj\board_sysinit.o
#        D:\stm8lora\src\LoRaMac-node\IAR\Debug\Obj\chip_8xx.o
#        D:\stm8lora\src\LoRaMac-node\IAR\Debug\Obj\clock_8xx.o
#        D:\stm8lora\src\LoRaMac-node\IAR\Debug\Obj\cmac.o
#        D:\stm8lora\src\LoRaMac-node\IAR\Debug\Obj\crc_8xx.o
#        D:\stm8lora\src\LoRaMac-node\IAR\Debug\Obj\delay-board.o
#        D:\stm8lora\src\LoRaMac-node\IAR\Debug\Obj\dma_8xx.o
#        D:\stm8lora\src\LoRaMac-node\IAR\Debug\Obj\eeprom-board.o
#        D:\stm8lora\src\LoRaMac-node\IAR\Debug\Obj\eeprom.o
#        D:\stm8lora\src\LoRaMac-node\IAR\Debug\Obj\frame.o
#        D:\stm8lora\src\LoRaMac-node\IAR\Debug\Obj\gpio-board.o
#        D:\stm8lora\src\LoRaMac-node\IAR\Debug\Obj\gpio_8xx.o
#        D:\stm8lora\src\LoRaMac-node\IAR\Debug\Obj\hex.o
#        D:\stm8lora\src\LoRaMac-node\IAR\Debug\Obj\i2c_common_8xx.o
#        D:\stm8lora\src\LoRaMac-node\IAR\Debug\Obj\i2cm_8xx.o
#        D:\stm8lora\src\LoRaMac-node\IAR\Debug\Obj\i2cs_8xx.o
#        D:\stm8lora\src\LoRaMac-node\IAR\Debug\Obj\iap.o
#        D:\stm8lora\src\LoRaMac-node\IAR\Debug\Obj\iar_startup_lpc82x.o
#        D:\stm8lora\src\LoRaMac-node\IAR\Debug\Obj\iocon_8xx.o
#        D:\stm8lora\src\LoRaMac-node\IAR\Debug\Obj\irc_8xx.o
#        D:\stm8lora\src\LoRaMac-node\IAR\Debug\Obj\LoRaMac.o
#        D:\stm8lora\src\LoRaMac-node\IAR\Debug\Obj\LoRaMacCrypto.o
#        D:\stm8lora\src\LoRaMac-node\IAR\Debug\Obj\lpc824board.o
#        D:\stm8lora\src\LoRaMac-node\IAR\Debug\Obj\main.o
#        D:\stm8lora\src\LoRaMac-node\IAR\Debug\Obj\modem.o
#        D:\stm8lora\src\LoRaMac-node\IAR\Debug\Obj\pinint_8xx.o
#        D:\stm8lora\src\LoRaMac-node\IAR\Debug\Obj\pmu_8xx.o
#        D:\stm8lora\src\LoRaMac-node\IAR\Debug\Obj\Region.o
#        D:\stm8lora\src\LoRaMac-node\IAR\Debug\Obj\RegionCN470.o
#        D:\stm8lora\src\LoRaMac-node\IAR\Debug\Obj\RegionCommon.o
#        D:\stm8lora\src\LoRaMac-node\IAR\Debug\Obj\ring_buffer.o
#        D:\stm8lora\src\LoRaMac-node\IAR\Debug\Obj\rtc_ut.o
#        D:\stm8lora\src\LoRaMac-node\IAR\Debug\Obj\sct_8xx.o
#        D:\stm8lora\src\LoRaMac-node\IAR\Debug\Obj\sct_pwm_8xx.o
#        D:\stm8lora\src\LoRaMac-node\IAR\Debug\Obj\spi-board.o
#        D:\stm8lora\src\LoRaMac-node\IAR\Debug\Obj\spi_8xx.o
#        D:\stm8lora\src\LoRaMac-node\IAR\Debug\Obj\spim_8xx.o
#        D:\stm8lora\src\LoRaMac-node\IAR\Debug\Obj\spis_8xx.o
#        D:\stm8lora\src\LoRaMac-node\IAR\Debug\Obj\stopwatch_8xx.o
#        D:\stm8lora\src\LoRaMac-node\IAR\Debug\Obj\swm_8xx.o
#        D:\stm8lora\src\LoRaMac-node\IAR\Debug\Obj\sx1276-board.o
#        D:\stm8lora\src\LoRaMac-node\IAR\Debug\Obj\sx1276.o
#        D:\stm8lora\src\LoRaMac-node\IAR\Debug\Obj\syscon_8xx.o
#        D:\stm8lora\src\LoRaMac-node\IAR\Debug\Obj\sysinit.o
#        D:\stm8lora\src\LoRaMac-node\IAR\Debug\Obj\sysinit_8xx.o
#        D:\stm8lora\src\LoRaMac-node\IAR\Debug\Obj\timer.o
#        D:\stm8lora\src\LoRaMac-node\IAR\Debug\Obj\uart-board.o
#        D:\stm8lora\src\LoRaMac-node\IAR\Debug\Obj\uart_8xx.o
#        D:\stm8lora\src\LoRaMac-node\IAR\Debug\Obj\utilities.o
#        D:\stm8lora\src\LoRaMac-node\IAR\Debug\Obj\wkt_8xx.o
#        D:\stm8lora\src\LoRaMac-node\IAR\Debug\Obj\wwdt_8xx.o -o
#        D:\stm8lora\src\LoRaMac-node\IAR\Debug\Exe\LoRaMac-node.out.tmp --map
#        D:\stm8lora\src\LoRaMac-node\IAR\Debug\List\LoRaMac-node.map --config
#        D:\stm8lora\src\LoRaMac-node\IAR\LoRaMac-node.icf --semihosting
#        --entry __iar_program_start --vfe
#
###############################################################################

*******************************************************************************
*** RUNTIME MODEL ATTRIBUTES
***

CppFlavor       = *
__SystemLibrary = DLib


*******************************************************************************
*** PLACEMENT SUMMARY
***

"A1":  place at 0x00000000 { ro section .intvec };
"P1":  place in [from 0x00000000 to 0x000002fb] |
                [from 0x00000300 to 0x00007bff] |
                [from 0x00007c80 to 0x00007fff] { ro };
"P2":  place in [from 0x10000000 to 0x10001fff] { rw, block CSTACK, block HEAP };
"P3":  place in [from 0x000002fc to 0x000002ff] { section .crp };

  Section            Kind        Address    Size  Object
  -------            ----        -------    ----  ------
"A1":                                       0xc0
  .intvec            ro code  0x00000000    0xc0  iar_startup_lpc82x.o [1]
                            - 0x000000c0    0xc0

"P1", part 1 of 3:                         0x22e
  .text              ro code  0x000000c0   0x124  Region.o [1]
  .text              ro code  0x000001e4    0x7e  pmu_8xx.o [1]
  .text              ro code  0x00000262     0x2  iar_startup_lpc82x.o [1]
  .text              ro code  0x00000264    0x10  strlen.o [5]
  .text              ro code  0x00000274    0x58  ceil.o [4]
  .text              ro code  0x000002cc    0x1e  I32ToFlt.o [4]
  .rodata            const    0x000002ea     0x0  zero_init3.o [5]
  .rodata            const    0x000002ea     0x0  packbits_init.o [5]
  .text              ro code  0x000002ea     0x4  iar_startup_lpc82x.o [1]
                            - 0x000002ee   0x22e

"P3":                                        0x4
  .crp               ro code  0x000002fc     0x4  iar_startup_lpc82x.o [1]
                            - 0x00000300     0x4

"P1", part 2 of 3:                        0x78a4
  .text              ro code  0x00000300  0x1a6c  LoRaMac.o [1]
  .text              ro code  0x00001d6c   0x454  timer.o [1]
  .text              ro code  0x000021c0   0x288  LoRaMacCrypto.o [1]
  .text              ro code  0x00002448    0x5c  ABImemcpy.o [5]
  .text              ro code  0x000024a4   0x6e8  RegionCN470.o [1]
  .text              ro code  0x00002b8c    0xc0  eeprom-board.o [1]
  .text              ro code  0x00002c4c   0xaf8  modem.o [1]
  .text              ro code  0x00003744   0x2b8  lpc824board.o [1]
  .text              ro code  0x000039fc    0x88  utilities.o [1]
  .text              ro code  0x00003a84   0x174  board.o [1]
  .text              ro code  0x00003bf8   0x114  frame.o [1]
  .text              ro code  0x00003d0c   0x1ca  uart_8xx.o [1]
  .text              ro code  0x00003ed8   0x5ac  main.o [1]
  .text              ro code  0x00004484   0x24a  cmac.o [1]
  .text              ro code  0x000046d0   0x7c0  aes.o [1]
  .text              ro code  0x00004e90   0x2d6  RegionCommon.o [1]
  .text              ro code  0x00005168    0xb0  iap.o [1]
  .text              ro code  0x00005218   0x260  clock_8xx.o [1]
  .text              ro code  0x00005478    0x5e  wwdt_8xx.o [1]
  .text              ro code  0x000054d6     0x2  iar_startup_lpc82x.o [1]
  .text              ro code  0x000054d8   0x228  hex.o [1]
  .text              ro code  0x00005700    0x2a  delay-board.o [1]
  .text              ro code  0x0000572c    0x12  iocon_8xx.o [1]
  .text              ro code  0x00005740    0x26  gpio_8xx.o [1]
  .text              ro code  0x00005768    0x10  chip_8xx.o [1]
  .text              ro code  0x00005778   0x160  uart-board.o [1]
  .text              ro code  0x000058d8   0x170  spi-board.o [1]
  .text              ro code  0x00005a48   0x1d6  ring_buffer.o [1]
  .text              ro code  0x00005c20    0x34  I32ToDbl.o [4]
  .text              ro code  0x00005c54   0x184  DblMul.o [4]
  .text              ro code  0x00005dd8   0x1b4  DblAddSub.o [4]
  .text              ro code  0x00005f8c    0x52  DblToI32.o [4]
  .text              ro code  0x00005fde   0x116  FltAddSub.o [4]
  .text              ro code  0x000060f4    0x32  FltToDbl.o [4]
  .text              ro code  0x00006128    0x58  floor.o [4]
  .text              ro code  0x00006180     0x2  IntDivZer.o [5]
  .text              ro code  0x00006182    0x6a  I64DivMod.o [5]
  .text              ro code  0x000061ec    0x44  spim_8xx.o [1]
  .text              ro code  0x00006230    0x2e  spi_8xx.o [1]
  .text              ro code  0x00006260     0x2  I64DivZer.o [5]
  .text              ro code  0x00006264   0x2d0  sx1276-board.o [1]
  .text              ro code  0x00006534    0x32  DblCmpGe.o [4]
  .text              ro code  0x00006568   0x44c  irc_8xx.o [1]
  .text              ro code  0x000069b4    0xd8  packbits_init.o [5]
  .text              ro code  0x00006a8c    0x3e  board_sysinit.o [1]
  .text              ro code  0x00006acc    0x14  sysinit_8xx.o [1]
  .text              ro code  0x00006ae0    0x28  data_init.o [5]
  .iar.init_table    const    0x00006b08    0x2c  - Linker created -
  .text              ro code  0x00006b34     0x4  low_level_init.o [3]
  .text              ro code  0x00006b38    0x1a  cmain.o [5]
  .text              ro code  0x00006b52     0x8  exit.o [3]
  .text              ro code  0x00006b5c    0x10  iar_startup_lpc82x.o [1]
  .text              ro code  0x00006b6c     0xc  cstartup_M.o [5]
  .rodata            const    0x00006b78     0x8  lpc824board.o [1]
  .text              ro code  0x00006b80     0x8  sysinit.o [1]
  .text              ro code  0x00006b88   0xea4  sx1276.o [1]
  .rodata            const    0x00007a2c    0xd4  modem.o [1]
  Initializer bytes  ro data  0x00007b00    0xa4  <for P2 s0>
                            - 0x00007ba4  0x78a4

"P1", part 3 of 3:                         0x36a
  .text              ro code  0x00007c80    0x2a  zero_init3.o [5]
  .text              ro code  0x00007cac    0x28  swm_8xx.o [1]
  .text              ro code  0x00007cd4     0x2  iar_startup_lpc82x.o [1]
  .text              ro code  0x00007cd6    0xe0  I32DivModFast.o [5]
  .text              ro code  0x00007db6     0x2  iar_startup_lpc82x.o [1]
  .text              ro code  0x00007db8    0x40  ABImemset.o [5]
  .text              ro code  0x00007df8    0x3c  wkt_8xx.o [1]
  .text              ro code  0x00007e34    0x60  syscon_8xx.o [1]
  .text              ro code  0x00007e94    0xc2  DblDiv.o [4]
  .text              ro code  0x00007f56     0xa  abort.o [3]
  .text              ro code  0x00007f60    0x14  exit.o [6]
  .rodata            const    0x00007f74    0x6c  sx1276-board.o [1]
  .text              ro code  0x00007fe0     0xa  cexit.o [5]
                            - 0x00007fea   0x36a

"P2":                                     0x1f38
  P2 s0                       0x10000000   0x55c  <Init block>
    .data            inited   0x10000000   0x16c  modem.o [1]
    .data            inited   0x1000016c   0x138  LoRaMacCrypto.o [1]
    .data            inited   0x100002a4   0x114  LoRaMacCrypto.o [1]
    .data            inited   0x100003b8    0xe4  LoRaMac.o [1]
    .data            inited   0x1000049c    0x70  main.o [1]
    .data            inited   0x1000050c    0x20  sx1276.o [1]
    .data            inited   0x1000052c    0x10  RegionCN470.o [1]
    .data            inited   0x1000053c     0xc  board.o [1]
    .data            inited   0x10000548     0x8  RegionCN470.o [1]
    .data            inited   0x10000550     0x8  timer.o [1]
    .data            inited   0x10000558     0x4  utilities.o [1]
  .bss               zero     0x1000055c   0x48c  RegionCN470.o [1]
  .bss               zero     0x100009e8   0x310  modem.o [1]
  .bss               zero     0x10000cf8   0x228  sx1276.o [1]
  .bss               zero     0x10000f20   0x228  uart-board.o [1]
  .bss               zero     0x10001148   0x118  LoRaMac.o [1]
  .bss               zero     0x10001260   0x100  LoRaMac.o [1]
  .bss               zero     0x10001360   0x100  LoRaMac.o [1]
  .bss               zero     0x10001460    0xf4  main.o [1]
  .bss               zero     0x10001554    0x80  eeprom-board.o [1]
  .bss               zero     0x100015d4    0x70  LoRaMac.o [1]
  .bss               zero     0x10001644    0x54  modem.o [1]
  .bss               zero     0x10001698    0x4c  LoRaMac.o [1]
  .bss               zero     0x100016e4    0x15  LoRaMac.o [1]
  .bss               zero     0x100016fa     0x2  irc_8xx.o [1]
  .bss               zero     0x100016fc    0x14  LoRaMac.o [1]
  .bss               zero     0x10001710    0x10  frame.o [1]
  .bss               zero     0x10001720     0xc  RegionCN470.o [1]
  .bss               zero     0x1000172c     0x4  chip_8xx.o [1]
  .bss               zero     0x10001730     0x4  timer.o [1]
  .bss               zero     0x10001734     0x1  board.o [1]
  .bss               zero     0x10001735     0x1  lpc824board.o [1]
  .bss               zero     0x10001736     0x1  modem.o [1]
  .bss               zero     0x10001737     0x1  sx1276-board.o [1]
  CSTACK                      0x10001738   0x800  <Block>
    CSTACK           uninit   0x10001738   0x800  <Block tail>
                            - 0x10001f38  0x1f38


*******************************************************************************
*** INIT TABLE
***

          Address     Size
          -------     ----
Zero (__iar_zero_init3)
    1 destination range, total size 0x11dc:
          0x1000055c  0x11dc

Copy/packbits (__iar_packbits_init3)
    1 source range, total size 0xa4 (11% of destination):
          0x00007b00    0xa4
    1 destination range, total size 0x55c:
          0x10000000   0x55c



*******************************************************************************
*** MODULE SUMMARY
***

    Module                ro code  ro data  rw data
    ------                -------  -------  -------
D:\stm8lora\src\LoRaMac-node\IAR\Debug\Obj: [1]
    LoRaMac.o               6 764       28    1 249
    LoRaMacCrypto.o           648       70      588
    Region.o                  292
    RegionCN470.o           1 768        3    1 200
    RegionCommon.o            726
    aes.o                   1 984
    board.o                   372        1       13
    board_sysinit.o            62
    chip_8xx.o                 16                 4
    clock_8xx.o               608
    cmac.o                    586
    delay-board.o              42
    eeprom-board.o            192               128
    frame.o                   276                16
    gpio_8xx.o                 38
    hex.o                     552
    iap.o                     176
    iar_startup_lpc82x.o      224
    iocon_8xx.o                18
    irc_8xx.o               1 100                 2
    lpc824board.o             696        8        1
    main.o                  1 452       13      356
    modem.o                 2 808      255    1 233
    pmu_8xx.o                 126
    ring_buffer.o             470
    spi-board.o               368
    spi_8xx.o                  46
    spim_8xx.o                 68
    swm_8xx.o                  40
    sx1276-board.o            720      108        1
    sx1276.o                3 748        4      584
    syscon_8xx.o               96
    sysinit.o                   8
    sysinit_8xx.o              20
    timer.o                 1 108        1       12
    uart-board.o              352               552
    uart_8xx.o                458
    utilities.o               136        1        4
    wkt_8xx.o                  60
    wwdt_8xx.o                 94
    -----------------------------------------------
    Total:                 29 318      492    5 943

command line: [2]
    -----------------------------------------------
    Total:

dl6M_tln.a: [3]
    abort.o                    10
    exit.o                      8
    low_level_init.o            4
    -----------------------------------------------
    Total:                     22

m6M_tl.a: [4]
    DblAddSub.o               436
    DblCmpGe.o                 50
    DblDiv.o                  194
    DblMul.o                  388
    DblToI32.o                 82
    FltAddSub.o               278
    FltToDbl.o                 50
    I32ToDbl.o                 52
    I32ToFlt.o                 30
    ceil.o                     88
    floor.o                    88
    -----------------------------------------------
    Total:                  1 736

rt6M_tl.a: [5]
    ABImemcpy.o                92
    ABImemset.o                64
    I32DivModFast.o           224
    I64DivMod.o               106
    I64DivZer.o                 2
    IntDivZer.o                 2
    cexit.o                    10
    cmain.o                    26
    cstartup_M.o               12
    data_init.o                40
    packbits_init.o           216
    strlen.o                   16
    zero_init3.o               42
    -----------------------------------------------
    Total:                    852

shb_l.a: [6]
    exit.o                     20
    -----------------------------------------------
    Total:                     20

    Gaps                       28                 1
    Linker created                      44    2 048
---------------------------------------------------
    Grand Total:           31 976      536    7 992


*******************************************************************************
*** ENTRY LIST
***

Entry                      Address   Size  Type      Object
-----                      -------   ----  ----      ------
?main                   0x00006b39         Code  Gb  cmain.o [5]
AES_CMAC_Final          0x00004581  0x14e  Code  Gb  cmac.o [1]
AES_CMAC_Init           0x00004485   0x22  Code  Gb  cmac.o [1]
AES_CMAC_SetKey         0x000044a7   0x10  Code  Gb  cmac.o [1]
AES_CMAC_Update         0x000044b7   0xca  Code  Gb  cmac.o [1]
AckTimeoutRetries       0x100003d4    0x1  Data  Lc  LoRaMac.o [1]
AckTimeoutRetriesCounter
                        0x100003d5    0x1  Data  Lc  LoRaMac.o [1]
AckTimeoutRetry         0x100003d6    0x1  Data  Lc  LoRaMac.o [1]
AckTimeoutTimer         0x100016b0   0x14  Data  Gb  LoRaMac.o [1]
AdrAckCounter           0x10000404    0x4  Data  Lc  LoRaMac.o [1]
AdrCtrlOn               0x100003ca    0x1  Data  Lc  LoRaMac.o [1]
AesCmacCtx              0x1000018c  0x118  Data  Lc  LoRaMacCrypto.o [1]
AesContext              0x100002c4   0xf4  Data  Lc  LoRaMacCrypto.o [1]
AggregatedDCycle        0x100003e2    0x2  Data  Lc  LoRaMac.o [1]
AggregatedLastTxDoneTime
                        0x10000408    0x4  Data  Lc  LoRaMac.o [1]
AggregatedTimeOff       0x1000040c    0x4  Data  Lc  LoRaMac.o [1]
AppData                 0x10001460   0xf4  Data  Lc  main.o [1]
AppDataSize             0x100004b1    0x1  Data  Lc  main.o [1]
AppEui                  0x100004d4    0x8  Data  Lc  main.o [1]
AppKey                  0x100004dc   0x10  Data  Lc  main.o [1]
AppLedStateOn           0x100004b5    0x1  Data  Lc  main.o [1]
AppPort                 0x100004b0    0x1  Data  Lc  main.o [1]
Bands                   0x1000052c   0x10  Data  Lc  RegionCN470.o [1]
BandwidthsCN470         0x000028f4   0x18  Data  Lc  RegionCN470.o [1]
BoardDisableIrq         0x00003b15    0xc  Code  Gb  board.o [1]
BoardEnableIrq          0x00003b21   0x12  Code  Gb  board.o [1]
BoardGetRandomSeed      0x00003b83   0x1c  Code  Gb  board.o [1]
BoardGetUniqueId        0x00003b9f   0x16  Code  Gb  board.o [1]
BoardInitMcu            0x00003b33   0x44  Code  Gb  board.o [1]
BoardResetMcu           0x00003b77    0xc  Code  Gb  board.o [1]
Board_GPIO_Init         0x0000380d  0x1bc  Code  Gb  lpc824board.o [1]
Board_Init              0x000039d1   0x2c  Code  Gb  lpc824board.o [1]
Board_LED_Get           0x000037f5    0x6  Code  Gb  lpc824board.o [1]
Board_LED_Init          0x000037a5   0x2e  Code  Lc  lpc824board.o [1]
Board_LED_Set           0x000037d7   0x1e  Code  Gb  lpc824board.o [1]
Board_SetupClocking     0x00006ab3    0xc  Code  Gb  board_sysinit.o [1]
Board_SetupMuxing       0x00006aa9    0xa  Code  Gb  board_sysinit.o [1]
Board_SystemInit        0x00006abf    0xc  Code  Gb  board_sysinit.o [1]
CSTACK$$Base            0x10001738          --   Gb  - Linker created -
CSTACK$$Limit           0x10001f38          --   Gb  - Linker created -
CalculateBackOff        0x00000fc9   0x38  Code  Lc  LoRaMac.o [1]
Channel                 0x100003d2    0x1  Data  Lc  LoRaMac.o [1]
Channels                0x1000055c  0x480  Data  Lc  RegionCN470.o [1]
ChannelsDefaultMask     0x10001720    0xc  Data  Lc  RegionCN470.o [1]
ChannelsMask            0x100009dc    0xc  Data  Lc  RegionCN470.o [1]
ChannelsNbRepCounter    0x100003d0    0x1  Data  Lc  LoRaMac.o [1]
CheckToDisableAckTimeout
                        0x00000dd7   0x2c  Code  Lc  LoRaMac.o [1]
Chip_Clock_DisablePeriphClock
                        0x00003757   0x12  Code  Lc  lpc824board.o [1]
Chip_Clock_DisablePeriphClock
                        0x0000591f   0x12  Code  Lc  spi-board.o [1]
Chip_Clock_DisablePeriphClock
                        0x00001d7f   0x12  Code  Lc  timer.o [1]
Chip_Clock_DisablePeriphClock
                        0x00005799   0x12  Code  Lc  uart-board.o [1]
Chip_Clock_EnablePeriphClock
                        0x00003b03   0x12  Code  Lc  board.o [1]
Chip_Clock_EnablePeriphClock
                        0x00006a8d   0x12  Code  Lc  board_sysinit.o [1]
Chip_Clock_EnablePeriphClock
                        0x00005741   0x12  Code  Lc  gpio_8xx.o [1]
Chip_Clock_EnablePeriphClock
                        0x00003745   0x12  Code  Lc  lpc824board.o [1]
Chip_Clock_EnablePeriphClock
                        0x00002c9b   0x12  Code  Lc  modem.o [1]
Chip_Clock_EnablePeriphClock
                        0x0000590d   0x12  Code  Lc  spi-board.o [1]
Chip_Clock_EnablePeriphClock
                        0x000062cf   0x12  Code  Lc  sx1276-board.o [1]
Chip_Clock_EnablePeriphClock
                        0x00001d6d   0x12  Code  Lc  timer.o [1]
Chip_Clock_EnablePeriphClock
                        0x00005787   0x12  Code  Lc  uart-board.o [1]
Chip_Clock_EnablePeriphClock
                        0x00003d41   0x12  Code  Lc  uart_8xx.o [1]
Chip_Clock_EnablePeriphClock
                        0x00005479   0x12  Code  Lc  wwdt_8xx.o [1]
Chip_Clock_GetExtClockInRate
                        0x00005281    0x6  Code  Lc  clock_8xx.o [1]
Chip_Clock_GetIntOscRate
                        0x0000527d    0x4  Code  Lc  clock_8xx.o [1]
Chip_Clock_GetMainClockRate
                        0x00005325   0x32  Code  Gb  clock_8xx.o [1]
Chip_Clock_GetMainOscRate
                        0x00005277    0x6  Code  Lc  clock_8xx.o [1]
Chip_Clock_GetPLLFreq   0x000052a9    0xe  Code  Lc  clock_8xx.o [1]
Chip_Clock_GetSystemClockRate
                        0x00005357   0x12  Code  Gb  clock_8xx.o [1]
Chip_Clock_GetSystemPLLInClockRate
                        0x000052e3   0x2c  Code  Gb  clock_8xx.o [1]
Chip_Clock_GetSystemPLLOutClockRate
                        0x0000530f   0x16  Code  Gb  clock_8xx.o [1]
Chip_Clock_GetUARTClockDiv
                        0x00005253    0x8  Code  Lc  clock_8xx.o [1]
Chip_Clock_GetUSARTNBaseClockRate
                        0x00005369   0x44  Code  Gb  clock_8xx.o [1]
Chip_Clock_GetWDTLFORate
                        0x00005289   0x20  Code  Lc  clock_8xx.o [1]
Chip_Clock_GetWDTOSCRate
                        0x000052d3   0x10  Code  Gb  clock_8xx.o [1]
Chip_Clock_IsSystemPLLLocked
                        0x0000657b    0xc  Code  Lc  irc_8xx.o [1]
Chip_Clock_SetMainClockSource
                        0x000052c5    0xe  Code  Gb  clock_8xx.o [1]
Chip_Clock_SetSysClockDiv
                        0x00006587    0x6  Code  Lc  irc_8xx.o [1]
Chip_Clock_SetSystemPLLSource
                        0x000052b7    0xe  Code  Gb  clock_8xx.o [1]
Chip_Clock_SetUARTClockDiv
                        0x0000524d    0x6  Code  Lc  clock_8xx.o [1]
Chip_Clock_SetUARTClockDiv
                        0x000057ab    0x6  Code  Lc  uart-board.o [1]
Chip_Clock_SetUSARTNBaseClockRate
                        0x000053ad   0x54  Code  Gb  clock_8xx.o [1]
Chip_Clock_SetWDTOSC    0x00002c8d    0xe  Code  Lc  modem.o [1]
Chip_Clock_SetupSystemPLL
                        0x00006569   0x12  Code  Lc  irc_8xx.o [1]
Chip_FMC_ComputeSignature
                        0x00002b8d   0x14  Code  Lc  eeprom-board.o [1]
Chip_FMC_ComputeSignatureBlocks
                        0x00002ba1    0xc  Code  Lc  eeprom-board.o [1]
Chip_FMC_IsSignatureBusy
                        0x00002bad    0x8  Code  Lc  eeprom-board.o [1]
Chip_FMC_SetFLASHAccess
                        0x0000658d    0x8  Code  Lc  irc_8xx.o [1]
Chip_GPIO_Init          0x0000575d    0xa  Code  Gb  gpio_8xx.o [1]
Chip_GPIO_SetPinDIR     0x00006317   0x12  Code  Lc  sx1276-board.o [1]
Chip_GPIO_SetPinDIRInput
                        0x00003793   0x10  Code  Lc  lpc824board.o [1]
Chip_GPIO_SetPinDIRInput
                        0x00006307   0x10  Code  Lc  sx1276-board.o [1]
Chip_GPIO_SetPinDIROutput
                        0x00003783   0x10  Code  Lc  lpc824board.o [1]
Chip_GPIO_SetPinDIROutput
                        0x000062f7   0x10  Code  Lc  sx1276-board.o [1]
Chip_GPIO_SetPinOutHigh
                        0x00005931   0x10  Code  Lc  spi-board.o [1]
Chip_GPIO_SetPinOutHigh
                        0x00006329   0x10  Code  Lc  sx1276-board.o [1]
Chip_GPIO_SetPinOutLow  0x00006339   0x10  Code  Lc  sx1276-board.o [1]
Chip_GPIO_SetPinState   0x0000377b    0x8  Code  Lc  lpc824board.o [1]
Chip_IAP_CopyRamToFlash
                        0x0000518d   0x2c  Code  Gb  iap.o [1]
Chip_IAP_ErasePage      0x000051e5   0x2a  Code  Gb  iap.o [1]
Chip_IAP_PreSectorForReadWrite
                        0x00005171   0x1c  Code  Gb  iap.o [1]
Chip_IAP_ReadUID        0x000051b9   0x2c  Code  Gb  iap.o [1]
Chip_IOCON_PinSetMode   0x0000572d   0x12  Code  Gb  iocon_8xx.o [1]
Chip_IRC_SetFreq        0x000065e1   0x66  Code  Gb  irc_8xx.o [1]
Chip_PININT_ClearIntStatus
                        0x000062f3    0x4  Code  Lc  sx1276-board.o [1]
Chip_PININT_EnableIntHigh
                        0x000062ef    0x4  Code  Lc  sx1276-board.o [1]
Chip_PININT_SetPinModeEdge
                        0x000062e1    0xe  Code  Lc  sx1276-board.o [1]
Chip_PMU_ClearPowerDownControl
                        0x00002cb9    0xe  Code  Lc  modem.o [1]
Chip_PMU_ClearPowerDownControl
                        0x00001daf    0xe  Code  Lc  timer.o [1]
Chip_PMU_DeepPowerDownState
                        0x00000223   0x16  Code  Gb  pmu_8xx.o [1]
Chip_PMU_DeepSleepState
                        0x000001f7   0x16  Code  Gb  pmu_8xx.o [1]
Chip_PMU_PowerDownState
                        0x0000020d   0x16  Code  Gb  pmu_8xx.o [1]
Chip_PMU_SetPowerDownControl
                        0x00002cad    0xc  Code  Lc  modem.o [1]
Chip_PMU_SetPowerDownControl
                        0x00001da3    0xc  Code  Lc  timer.o [1]
Chip_PMU_Sleep          0x0000023d   0x26  Code  Gb  pmu_8xx.o [1]
Chip_PMU_SleepState     0x000001e5   0x12  Code  Gb  pmu_8xx.o [1]
Chip_SPIM_GetClockRate  0x000061ed   0x14  Code  Gb  spim_8xx.o [1]
Chip_SPIM_SetClockRate  0x00006201   0x2c  Code  Gb  spim_8xx.o [1]
Chip_SPI_ClearCFGRegBits
                        0x0000594f    0xe  Code  Lc  spi-board.o [1]
Chip_SPI_ClearStatus    0x00006b91    0x4  Code  Lc  sx1276.o [1]
Chip_SPI_ConfigureSPI   0x0000598b   0x1c  Code  Lc  spi-board.o [1]
Chip_SPI_DelayConfig    0x00006231   0x2e  Code  Gb  spi_8xx.o [1]
Chip_SPI_Enable         0x00005981    0xa  Code  Lc  spi-board.o [1]
Chip_SPI_GetStatus      0x00006b89    0x8  Code  Lc  sx1276.o [1]
Chip_SPI_Init           0x0000595d   0x24  Code  Lc  spi-board.o [1]
Chip_SPI_ReceiveFrame   0x00006bc1    0x6  Code  Lc  sx1276.o [1]
Chip_SPI_SendFirstFrame
                        0x00006b95   0x14  Code  Lc  sx1276.o [1]
Chip_SPI_SendLastFrame  0x00006bad   0x14  Code  Lc  sx1276.o [1]
Chip_SPI_SendMidFrame   0x00006ba9    0x4  Code  Lc  sx1276.o [1]
Chip_SPI_SetCFGRegBits  0x00005941    0xe  Code  Lc  spi-board.o [1]
Chip_SWM_DisableFixedPin
                        0x00003769   0x12  Code  Lc  lpc824board.o [1]
Chip_SWM_DisableFixedPin
                        0x00001d91   0x12  Code  Lc  timer.o [1]
Chip_SWM_DisableFixedPin
                        0x000057b1   0x12  Code  Lc  uart-board.o [1]
Chip_SWM_MovablePinAssign
                        0x00007cad   0x22  Code  Gb  swm_8xx.o [1]
Chip_SYSCTL_AssertPeriphReset
                        0x00005219   0x12  Code  Lc  clock_8xx.o [1]
Chip_SYSCTL_AssertPeriphReset
                        0x00002c4d   0x12  Code  Lc  modem.o [1]
Chip_SYSCTL_AssertPeriphReset
                        0x000058d9   0x12  Code  Lc  spi-board.o [1]
Chip_SYSCTL_AssertPeriphReset
                        0x00003d0d   0x12  Code  Lc  uart_8xx.o [1]
Chip_SYSCTL_DeassertPeriphReset
                        0x0000522b   0x12  Code  Lc  clock_8xx.o [1]
Chip_SYSCTL_DeassertPeriphReset
                        0x00002c5f   0x12  Code  Lc  modem.o [1]
Chip_SYSCTL_DeassertPeriphReset
                        0x000058eb   0x12  Code  Lc  spi-board.o [1]
Chip_SYSCTL_DeassertPeriphReset
                        0x00003d1f   0x12  Code  Lc  uart_8xx.o [1]
Chip_SYSCTL_EnablePINTWakeup
                        0x000062bf   0x10  Code  Lc  sx1276-board.o [1]
Chip_SYSCTL_EnablePeriphWakeup
                        0x00002c81    0xc  Code  Lc  modem.o [1]
Chip_SYSCTL_GetUSARTFRGDivider
                        0x00005261    0x8  Code  Lc  clock_8xx.o [1]
Chip_SYSCTL_GetUSARTFRGMultiplier
                        0x0000526f    0x8  Code  Lc  clock_8xx.o [1]
Chip_SYSCTL_PeriphReset
                        0x0000523d   0x10  Code  Lc  clock_8xx.o [1]
Chip_SYSCTL_PeriphReset
                        0x00002c71   0x10  Code  Lc  modem.o [1]
Chip_SYSCTL_PeriphReset
                        0x000058fd   0x10  Code  Lc  spi-board.o [1]
Chip_SYSCTL_PeriphReset
                        0x00003d31   0x10  Code  Lc  uart_8xx.o [1]
Chip_SYSCTL_PowerDown   0x00007e53   0x16  Code  Gb  syscon_8xx.o [1]
Chip_SYSCTL_PowerUp     0x00007e69   0x16  Code  Gb  syscon_8xx.o [1]
Chip_SYSCTL_SetDeepSleepPD
                        0x00007e35    0xe  Code  Gb  syscon_8xx.o [1]
Chip_SYSCTL_SetPinInterrupt
                        0x000062b7    0x8  Code  Lc  sx1276-board.o [1]
Chip_SYSCTL_SetUSARTFRGDivider
                        0x0000525b    0x6  Code  Lc  clock_8xx.o [1]
Chip_SYSCTL_SetUSARTFRGMultiplier
                        0x00005269    0x6  Code  Lc  clock_8xx.o [1]
Chip_SYSCTL_SetWakeup   0x00007e43   0x10  Code  Gb  syscon_8xx.o [1]
Chip_SetupIrcClocking   0x00006acd    0xc  Code  Gb  sysinit_8xx.o [1]
Chip_UART_ClearStatus   0x000057ef    0x4  Code  Lc  uart-board.o [1]
Chip_UART_ConfigData    0x000057e3    0xc  Code  Lc  uart-board.o [1]
Chip_UART_Enable        0x000057c3    0xe  Code  Lc  uart-board.o [1]
Chip_UART_GetStatus     0x00003d77    0x8  Code  Lc  uart_8xx.o [1]
Chip_UART_IRQRBHandler  0x00003ea3   0x34  Code  Gb  uart_8xx.o [1]
Chip_UART_Init          0x00003d97   0x30  Code  Gb  uart_8xx.o [1]
Chip_UART_IntDisable    0x000057df    0x4  Code  Lc  uart-board.o [1]
Chip_UART_IntDisable    0x00003d73    0x4  Code  Lc  uart_8xx.o [1]
Chip_UART_IntEnable     0x000057db    0x4  Code  Lc  uart-board.o [1]
Chip_UART_IntEnable     0x00003d6f    0x4  Code  Lc  uart_8xx.o [1]
Chip_UART_RXIntHandlerRB
                        0x00003ddd   0x24  Code  Gb  uart_8xx.o [1]
Chip_UART_ReadByte      0x00003d67    0x8  Code  Lc  uart_8xx.o [1]
Chip_UART_ReadRB        0x00003e95    0xe  Code  Gb  uart_8xx.o [1]
Chip_UART_SendByte      0x00003d63    0x4  Code  Lc  uart_8xx.o [1]
Chip_UART_SendRB        0x00003e2b   0x42  Code  Gb  uart_8xx.o [1]
Chip_UART_SetBaud       0x00003dc7   0x16  Code  Gb  uart_8xx.o [1]
Chip_UART_TXEnable      0x000057d1    0xa  Code  Lc  uart-board.o [1]
Chip_UART_TXIntHandlerRB
                        0x00003e01   0x2a  Code  Gb  uart_8xx.o [1]
Chip_WKT_GetClockRate   0x00007e19   0x12  Code  Gb  wkt_8xx.o [1]
Chip_WKT_GetClockSource
                        0x00007df9    0xa  Code  Lc  wkt_8xx.o [1]
Chip_WKT_LoadCount      0x00002cd5    0x4  Code  Lc  modem.o [1]
Chip_WKT_SetClockSource
                        0x00007e03   0x16  Code  Gb  wkt_8xx.o [1]
Chip_WKT_Stop           0x00002cc7    0xe  Code  Lc  modem.o [1]
Chip_WWDT_ClearStatusFlag
                        0x000054b9   0x1e  Code  Gb  wwdt_8xx.o [1]
Chip_WWDT_Feed          0x00002bb5    0xa  Code  Lc  eeprom-board.o [1]
Chip_WWDT_Feed          0x00002cdd    0xa  Code  Lc  modem.o [1]
Chip_WWDT_Feed          0x00001dcd    0xa  Code  Lc  timer.o [1]
Chip_WWDT_Init          0x0000548b   0x1c  Code  Gb  wwdt_8xx.o [1]
Chip_WWDT_SetOption     0x00002cef    0xc  Code  Lc  modem.o [1]
Chip_WWDT_SetTimeOut    0x00002cd9    0x4  Code  Lc  modem.o [1]
Chip_WWDT_SetWarning    0x00002ce7    0x4  Code  Lc  modem.o [1]
Chip_WWDT_SetWindow     0x00002ceb    0x4  Code  Lc  modem.o [1]
Chip_WWDT_Start         0x00002cfb   0x12  Code  Lc  modem.o [1]
ComplianceTest          0x1000049c   0x14  Data  Gb  main.o [1]
CountChannels           0x00004e91   0x26  Code  Lc  RegionCommon.o [1]
CountNbOfEnabledChannels
                        0x000024e1   0x9a  Code  Lc  RegionCN470.o [1]
DataratesCN470          0x00002a6c    0x8  Data  Lc  RegionCN470.o [1]
DelayMs                 0x00005701   0x2a  Code  Gb  delay-board.o [1]
DevEui                  0x100004cc    0x8  Data  Lc  main.o [1]
DeviceState             0x100004b8    0x1  Data  Gb  main.o [1]
DioIrq                  0x10000514   0x18  Data  Gb  sx1276.o [1]
DownLinkCounter         0x10000400    0x4  Data  Lc  LoRaMac.o [1]
DutyCycleOn             0x1000115d    0x1  Data  Lc  LoRaMac.o [1]
ExtRateIn               0x00006b7c    0x4  Data  Gb  lpc824board.o [1]
GetBandwidth            0x000024b9   0x1e  Code  Lc  RegionCN470.o [1]
GetNextLowerTxDr        0x000024a5   0x14  Code  Lc  RegionCN470.o [1]
InStream_Read           0x000069b5   0x22  Code  Lc  packbits_init.o [5]
IrqNestLevel            0x10001734    0x1  Data  Lc  board.o [1]
IsFPortAllowed          0x000010a1    0xc  Code  Lc  LoRaMac.o [1]
IsLastTxConfirmed       0x100004b3    0x1  Data  Lc  main.o [1]
IsLoRaMacNetworkJoined  0x100003c9    0x1  Data  Lc  LoRaMac.o [1]
IsRxWindowsEnabled      0x100003c8    0x1  Data  Lc  LoRaMac.o [1]
IsTxConfirmed           0x100004b2    0x1  Data  Lc  main.o [1]
IsUpLinkCounterFixed    0x100016f8    0x1  Data  Lc  LoRaMac.o [1]
LMIC                    0x10000b18  0x158  Data  Gb  modem.o [1]
LastTxChannel           0x100003d3    0x1  Data  Lc  LoRaMac.o [1]
LastTxIsJoinRequest     0x1000115e    0x1  Data  Lc  LoRaMac.o [1]
Led1Timer_OffLine       0x10000ce4   0x14  Data  Gb  modem.o [1]
LedIndication           0x00002e89   0x1c  Code  Gb  modem.o [1]
LimitTxPower            0x000024d7    0xa  Code  Lc  RegionCN470.o [1]
LoRaMacAppEui           0x100003e8    0x4  Data  Lc  LoRaMac.o [1]
LoRaMacAppKey           0x100003ec    0x4  Data  Lc  LoRaMac.o [1]
LoRaMacAppSKey          0x10000438   0x10  Data  Lc  LoRaMac.o [1]
LoRaMacBuffer           0x10001260  0x100  Data  Lc  LoRaMac.o [1]
LoRaMacBufferPktLen     0x100003e0    0x2  Data  Lc  LoRaMac.o [1]
LoRaMacCallbacks        0x100016e0    0x4  Data  Lc  LoRaMac.o [1]
LoRaMacComputeMic       0x000021c1   0x8a  Code  Gb  LoRaMacCrypto.o [1]
LoRaMacDevAddr          0x100003f4    0x4  Data  Lc  LoRaMac.o [1]
LoRaMacDevEui           0x100003e4    0x4  Data  Lc  LoRaMac.o [1]
LoRaMacDevNonce         0x100003dc    0x2  Data  Lc  LoRaMac.o [1]
LoRaMacDevNonceCopy     0x100003de    0x2  Data  Lc  LoRaMac.o [1]
LoRaMacDeviceClass      0x100003c5    0x1  Data  Lc  LoRaMac.o [1]
LoRaMacFlags            0x100003d8    0x4  Data  Gb  LoRaMac.o [1]
LoRaMacInitialization   0x00001415  0x1f6  Code  Gb  LoRaMac.o [1]
LoRaMacInitializationTime
                        0x10000410    0x4  Data  Lc  LoRaMac.o [1]
LoRaMacJoinComputeMic   0x0000231f   0x4e  Code  Gb  LoRaMacCrypto.o [1]
LoRaMacJoinComputeSKeys
                        0x000023b1   0x8e  Code  Gb  LoRaMacCrypto.o [1]
LoRaMacJoinDecrypt      0x0000236d   0x44  Code  Gb  LoRaMacCrypto.o [1]
LoRaMacMcpsRequest      0x00001c11  0x14c  Code  Gb  LoRaMac.o [1]
LoRaMacMibGetRequestConfirm
                        0x000016ed  0x15e  Code  Gb  LoRaMac.o [1]
LoRaMacMibSetRequestConfirm
                        0x00001895  0x2b8  Code  Gb  LoRaMac.o [1]
LoRaMacMlmeRequest      0x00001b5d   0xa4  Code  Gb  LoRaMac.o [1]
LoRaMacNetID            0x100003f0    0x4  Data  Lc  LoRaMac.o [1]
LoRaMacNwkSKey          0x10000428   0x10  Data  Lc  LoRaMac.o [1]
LoRaMacParams           0x100015d4   0x38  Data  Gb  LoRaMac.o [1]
LoRaMacParamsDefaults   0x1000160c   0x38  Data  Gb  LoRaMac.o [1]
LoRaMacPayloadDecrypt   0x00002309   0x16  Code  Gb  LoRaMacCrypto.o [1]
LoRaMacPayloadEncrypt   0x0000224b   0xbe  Code  Gb  LoRaMacCrypto.o [1]
LoRaMacPrimitives       0x10000418    0x4  Data  Lc  LoRaMac.o [1]
LoRaMacQueryTxPossible  0x00001615   0xc2  Code  Gb  LoRaMac.o [1]
LoRaMacRegion           0x100003c4    0x1  Data  Lc  LoRaMac.o [1]
LoRaMacRxPayload        0x10001360  0x100  Data  Lc  LoRaMac.o [1]
LoRaMacState            0x10000414    0x4  Data  Gb  LoRaMac.o [1]
LoRaMacTxPayloadLen     0x1000115c    0x1  Data  Lc  LoRaMac.o [1]
MODEM                   0x100009e8  0x130  Data  Lc  modem.o [1]
MacCommandsBuffer       0x10001160   0x80  Data  Lc  LoRaMac.o [1]
MacCommandsBufferIndex  0x100003ce    0x1  Data  Lc  LoRaMac.o [1]
MacCommandsBufferToRepeat
                        0x100011e0   0x80  Data  Lc  LoRaMac.o [1]
MacCommandsBufferToRepeatIndex
                        0x100003cf    0x1  Data  Lc  LoRaMac.o [1]
MacCommandsInNextTx     0x100003cd    0x1  Data  Lc  LoRaMac.o [1]
MacStateCheckTimer      0x10000448   0x14  Data  Lc  LoRaMac.o [1]
MaxDCycle               0x100003d1    0x1  Data  Lc  LoRaMac.o [1]
MaxPayloadOfDatarateCN470
                        0x000029b0    0x8  Data  Lc  RegionCN470.o [1]
MaxPayloadOfDatarateRepeaterCN470
                        0x000029a8    0x8  Data  Lc  RegionCN470.o [1]
McpsConfirm             0x100016e4   0x14  Data  Lc  LoRaMac.o [1]
McpsConfirm             0x0000409d   0x42  Code  Lc  main.o [1]
McpsIndication          0x10001698   0x18  Data  Lc  LoRaMac.o [1]
McpsIndication          0x000040df   0xba  Code  Lc  main.o [1]
Mic                     0x1000017c   0x10  Data  Lc  LoRaMacCrypto.o [1]
MicBlockB0              0x1000016c   0x10  Data  Lc  LoRaMacCrypto.o [1]
MlmeConfirm             0x100003b8    0xc  Data  Lc  LoRaMac.o [1]
MlmeConfirm             0x000041a5   0x7e  Code  Lc  main.o [1]
MlmeIndication          0x10000498    0x4  Data  Lc  LoRaMac.o [1]
MlmeIndication          0x00004229   0x10  Code  Lc  main.o [1]
MulticastChannels       0x100003f8    0x4  Data  Lc  LoRaMac.o [1]
NVIC_EnableIRQ          0x00006265    0xe  Code  Lc  sx1276-board.o [1]
NVIC_EnableIRQ          0x00005779    0xe  Code  Lc  uart-board.o [1]
NVIC_SetPriority        0x00003a85   0x44  Code  Lc  board.o [1]
NVIC_SetPriority        0x00006273   0x44  Code  Lc  sx1276-board.o [1]
NVIC_SystemReset        0x00003ac9   0x10  Code  Lc  board.o [1]
NextTx                  0x100004b7    0x1  Data  Lc  main.o [1]
NodeAckRequested        0x100003cb    0x1  Data  Lc  LoRaMac.o [1]
OnAckTimeoutTimerEvent  0x00000e09   0x30  Code  Lc  LoRaMac.o [1]
OnLed1TimerEventNetOffline
                        0x00002dd5   0xae  Code  Lc  modem.o [1]
OnMacStateCheckTimerEvent
                        0x00000a81  0x294  Code  Lc  LoRaMac.o [1]
OnRadioRxDone           0x00000431  0x526  Code  Lc  LoRaMac.o [1]
OnRadioRxError          0x00000985   0x76  Code  Lc  LoRaMac.o [1]
OnRadioRxTimeout        0x000009fb   0x76  Code  Lc  LoRaMac.o [1]
OnRadioTxDone           0x00000301   0xe6  Code  Lc  LoRaMac.o [1]
OnRadioTxTimeout        0x00000957   0x2e  Code  Lc  LoRaMac.o [1]
OnRxWindow1TimerEvent   0x00000d31   0x4c  Code  Lc  LoRaMac.o [1]
OnRxWindow2TimerEvent   0x00000d85   0x52  Code  Lc  LoRaMac.o [1]
OnTxDelayedTimerEvent   0x00000d15   0x1c  Code  Lc  LoRaMac.o [1]
OnTxNextPacketTimerEvent
                        0x0000402b   0x72  Code  Gb  main.o [1]
OpenContinuousRx2Window
                        0x000010ad    0xe  Code  Lc  LoRaMac.o [1]
OscRateIn               0x00006b78    0x4  Data  Gb  lpc824board.o [1]
PININT0_IRQHandler      0x000064e3   0x10  Code  Gb  sx1276-board.o [1]
PININT1_IRQHandler      0x000064f3   0x10  Code  Gb  sx1276-board.o [1]
PrepareFrame            0x000010cd  0x2a4  Code  Gb  LoRaMac.o [1]
PrepareRxDoneAbort      0x000003e7   0x34  Code  Lc  LoRaMac.o [1]
PrepareTxFrame          0x00003ed9   0x64  Code  Lc  main.o [1]
ProcessMacCommands      0x00000e8d    0x2  Code  Lc  LoRaMac.o [1]
PublicNetwork           0x100003c6    0x1  Data  Lc  LoRaMac.o [1]
Radio                   0x00007f74   0x6c  Data  Gb  sx1276-board.o [1]
RadioEvents             0x100016c4   0x1c  Data  Lc  LoRaMac.o [1]
RadioEvents             0x10000510    0x4  Data  Lc  sx1276.o [1]
RadioIsActive           0x10001737    0x1  Data  Lc  sx1276-board.o [1]
RadioRegsInit           0x000079fc   0x30  Data  Gb  sx1276.o [1]
Region$$Table$$Base     0x00006b08          --   Gb  - Linker created -
Region$$Table$$Limit    0x00006b34          --   Gb  - Linker created -
RegionAdrNext           0x0000012b   0x1a  Code  Gb  Region.o [1]
RegionAlternateDr       0x00000189   0x12  Code  Gb  Region.o [1]
RegionApplyDrOffset     0x000001c5   0x1a  Code  Gb  Region.o [1]
RegionCN470AdrNext      0x00002815   0x74  Code  Gb  RegionCN470.o [1]
RegionCN470AlternateDr  0x00002a79    0x2  Code  Gb  RegionCN470.o [1]
RegionCN470ApplyDrOffset
                        0x00002b7d   0x10  Code  Gb  RegionCN470.o [1]
RegionCN470CalcBackOff  0x00002a7b   0x30  Code  Gb  RegionCN470.o [1]
RegionCN470ChanMaskSet  0x0000273d   0xac  Code  Gb  RegionCN470.o [1]
RegionCN470ComputeRxWindowParameters
                        0x00002889   0x58  Code  Gb  RegionCN470.o [1]
RegionCN470GetPhyParam  0x0000257d   0xa8  Code  Gb  RegionCN470.o [1]
RegionCN470InitDefaults
                        0x00002649   0x60  Code  Gb  RegionCN470.o [1]
RegionCN470NextChannel  0x00002ab5   0xb0  Code  Gb  RegionCN470.o [1]
RegionCN470RxConfig     0x0000290d   0x90  Code  Gb  RegionCN470.o [1]
RegionCN470SetBandTxDone
                        0x00002629   0x20  Code  Gb  RegionCN470.o [1]
RegionCN470TxConfig     0x000029b9   0xae  Code  Gb  RegionCN470.o [1]
RegionCN470Verify       0x000026a9   0x5a  Code  Gb  RegionCN470.o [1]
RegionCalcBackOff       0x0000019b   0x10  Code  Gb  Region.o [1]
RegionChanMaskSet       0x00000119   0x12  Code  Gb  Region.o [1]
RegionCommonCalcBackOff
                        0x0000510f   0x58  Code  Gb  RegionCommon.o [1]
RegionCommonChanMaskCopy
                        0x00004f0f   0x22  Code  Gb  RegionCommon.o [1]
RegionCommonComputeRxWindowParameters
                        0x0000502d   0xaa  Code  Gb  RegionCommon.o [1]
RegionCommonComputeSymbolTimeLoRa
                        0x00004ff1   0x2e  Code  Gb  RegionCommon.o [1]
RegionCommonComputeTxPower
                        0x000050e5   0x2a  Code  Gb  RegionCommon.o [1]
RegionCommonCountChannels
                        0x00004ee1   0x2e  Code  Gb  RegionCommon.o [1]
RegionCommonGetJoinDc   0x00004eb7   0x1a  Code  Gb  RegionCommon.o [1]
RegionCommonSetBandTxDone
                        0x00004f31    0xa  Code  Gb  RegionCommon.o [1]
RegionCommonUpdateBandTimeOff
                        0x00004f3b   0xb6  Code  Gb  RegionCommon.o [1]
RegionCommonValueInRange
                        0x00004ed1   0x10  Code  Gb  RegionCommon.o [1]
RegionComputeRxWindowParameters
                        0x00000145   0x16  Code  Gb  Region.o [1]
RegionGetPhyParam       0x000000cd   0x16  Code  Gb  Region.o [1]
RegionInitDefaults      0x000000f3   0x10  Code  Gb  Region.o [1]
RegionIsActive          0x000000c1    0xc  Code  Gb  Region.o [1]
RegionNextChannel       0x000001ab   0x1a  Code  Gb  Region.o [1]
RegionRxConfig          0x0000015b   0x16  Code  Gb  Region.o [1]
RegionSetBandTxDone     0x000000e3   0x10  Code  Gb  Region.o [1]
RegionTxConfig          0x00000171   0x18  Code  Gb  Region.o [1]
RegionVerify            0x00000103   0x16  Code  Gb  Region.o [1]
RepeaterSupport         0x100003c7    0x1  Data  Lc  LoRaMac.o [1]
ResetMacParameters      0x00001011   0x82  Code  Lc  LoRaMac.o [1]
RingBuffer_GetCount     0x00005a49    0x8  Code  Lc  ring_buffer.o [1]
RingBuffer_GetFree      0x00005a51    0xe  Code  Lc  ring_buffer.o [1]
RingBuffer_Init         0x00005a85   0x10  Code  Gb  ring_buffer.o [1]
RingBuffer_Insert       0x00005a95   0x32  Code  Gb  ring_buffer.o [1]
RingBuffer_InsertMult   0x00005ac7   0x94  Code  Gb  ring_buffer.o [1]
RingBuffer_IsEmpty      0x00005a75   0x10  Code  Lc  ring_buffer.o [1]
RingBuffer_IsEmpty      0x00001dbd   0x10  Code  Lc  timer.o [1]
RingBuffer_IsEmpty      0x00003d53   0x10  Code  Lc  uart_8xx.o [1]
RingBuffer_IsFull       0x00005a5f   0x16  Code  Lc  ring_buffer.o [1]
RingBuffer_Pop          0x00005b5b   0x32  Code  Gb  ring_buffer.o [1]
RingBuffer_PopMult      0x00005b8d   0x92  Code  Gb  ring_buffer.o [1]
RxChainCalibration      0x00006d11   0x8e  Code  Lc  sx1276.o [1]
RxSlot                  0x100003d7    0x1  Data  Lc  LoRaMac.o [1]
RxTimeoutSyncWord       0x10000f0c   0x14  Data  Gb  sx1276.o [1]
RxTimeoutTimer          0x10000ef8   0x14  Data  Gb  sx1276.o [1]
RxTxBuffer              0x10000de4  0x100  Data  Lc  sx1276.o [1]
RxWindow1Config         0x10001148   0x14  Data  Lc  LoRaMac.o [1]
RxWindow1Delay          0x1000041c    0x4  Data  Lc  LoRaMac.o [1]
RxWindow2Config         0x100016fc   0x14  Data  Lc  LoRaMac.o [1]
RxWindow2Delay          0x10000420    0x4  Data  Lc  LoRaMac.o [1]
RxWindowSetup           0x00000e39   0x16  Code  Lc  LoRaMac.o [1]
RxWindowTimer1          0x10000470   0x14  Data  Gb  LoRaMac.o [1]
RxWindowTimer2          0x10000484   0x14  Data  Gb  LoRaMac.o [1]
SX1276                  0x10000cf8   0xec  Data  Gb  sx1276.o [1]
SX1276AntSwDeInit       0x000064a5   0x1a  Code  Gb  sx1276-board.o [1]
SX1276AntSwInit         0x0000648b   0x1a  Code  Gb  sx1276-board.o [1]
SX1276CheckRfFrequency  0x000064df    0x4  Code  Gb  sx1276-board.o [1]
SX1276GetBoardTcxoWakeupTime
                        0x000063e1    0x4  Code  Gb  sx1276-board.o [1]
SX1276GetPaSelect       0x00006453    0xe  Code  Gb  sx1276-board.o [1]
SX1276GetStatus         0x00006c45    0x6  Code  Gb  sx1276.o [1]
SX1276GetTimeOnAir      0x000070bd  0x128  Code  Gb  sx1276.o [1]
SX1276GetWakeupTime     0x000077c9    0xa  Code  Gb  sx1276.o [1]
SX1276Init              0x00006bc7   0x7e  Code  Gb  sx1276.o [1]
SX1276IoInit            0x00006349   0x54  Code  Gb  sx1276-board.o [1]
SX1276IoIrqInit         0x0000639d   0x42  Code  Gb  sx1276-board.o [1]
SX1276IsChannelFree     0x00006c87   0x48  Code  Gb  sx1276.o [1]
SX1276OnDio0Irq         0x00007861  0x150  Code  Gb  sx1276.o [1]
SX1276OnDio1Irq         0x000079b1   0x3c  Code  Gb  sx1276.o [1]
SX1276OnTimeoutIrq      0x000077d5   0x7c  Code  Gb  sx1276.o [1]
SX1276Random            0x00006ccf   0x42  Code  Gb  sx1276.o [1]
SX1276Read              0x0000763d   0x10  Code  Gb  sx1276.o [1]
SX1276ReadBuffer        0x000076d7   0x92  Code  Gb  sx1276.o [1]
SX1276ReadFifo          0x00007777    0xe  Code  Gb  sx1276.o [1]
SX1276ReadRssi          0x00007563   0x32  Code  Gb  sx1276.o [1]
SX1276Reset             0x000063e5   0x28  Code  Gb  sx1276-board.o [1]
SX1276Send              0x000071e9   0x90  Code  Gb  sx1276.o [1]
SX1276SetAntSw          0x000064bf   0x20  Code  Gb  sx1276-board.o [1]
SX1276SetAntSwLowPower  0x00006461   0x2a  Code  Gb  sx1276-board.o [1]
SX1276SetBoardTcxo      0x000063df    0x2  Code  Lc  sx1276-board.o [1]
SX1276SetChannel        0x00006c4b   0x3c  Code  Gb  sx1276.o [1]
SX1276SetMaxPayloadLength
                        0x00007785   0x18  Code  Gb  sx1276.o [1]
SX1276SetModem          0x000075c7   0x50  Code  Gb  sx1276.o [1]
SX1276SetOpMode         0x00007597   0x30  Code  Gb  sx1276.o [1]
SX1276SetPublicNetwork  0x0000779d   0x26  Code  Gb  sx1276.o [1]
SX1276SetRfTxPower      0x0000640d   0x46  Code  Gb  sx1276-board.o [1]
SX1276SetRx             0x000072e1  0x1ca  Code  Gb  sx1276.o [1]
SX1276SetRxConfig       0x00006dad  0x1b2  Code  Gb  sx1276.o [1]
SX1276SetSleep          0x00007279   0x26  Code  Gb  sx1276.o [1]
SX1276SetStby           0x0000729f   0x26  Code  Gb  sx1276.o [1]
SX1276SetTx             0x000074b5   0x72  Code  Gb  sx1276.o [1]
SX1276SetTxConfig       0x00006f71  0x144  Code  Gb  sx1276.o [1]
SX1276StartCad          0x00007535   0x2e  Code  Gb  sx1276.o [1]
SX1276Write             0x00007631    0xc  Code  Gb  sx1276.o [1]
SX1276WriteBuffer       0x0000764d   0x8a  Code  Gb  sx1276.o [1]
SX1276WriteFifo         0x00007769    0xe  Code  Gb  sx1276.o [1]
ScheduleTx              0x00000ec1  0x108  Code  Lc  LoRaMac.o [1]
Send                    0x00000e8f   0x2e  Code  Gb  LoRaMac.o [1]
SendFrame               0x00003f3d   0x6e  Code  Lc  main.o [1]
SendFrameOnChannel      0x00001375   0x8e  Code  Gb  LoRaMac.o [1]
SpiInit                 0x000059a7   0x82  Code  Gb  spi-board.o [1]
SrvAckRequested         0x100003cc    0x1  Data  Lc  LoRaMac.o [1]
SysTick_Config          0x00003ad9   0x2a  Code  Lc  board.o [1]
SysTick_Handler         0x00003bb5   0x1c  Code  Gb  board.o [1]
SystemCoreClock         0x1000172c    0x4  Data  Gb  chip_8xx.o [1]
SystemCoreClockUpdate   0x00005769   0x10  Code  Gb  chip_8xx.o [1]
SystemInit              0x00006b81    0x8  Code  Gb  sysinit.o [1]
TimerExists             0x00001fa7   0x18  Code  Lc  timer.o [1]
TimerGetCurrentTime     0x00001fdb    0x6  Code  Gb  timer.o [1]
TimerGetElapsedTime     0x00001fe1   0x16  Code  Gb  timer.o [1]
TimerGetValue           0x00001fcf    0xc  Code  Gb  timer.o [1]
TimerInit               0x00001dd7   0x10  Code  Gb  timer.o [1]
TimerInsertNewHeadTimer
                        0x00001ea3   0x22  Code  Lc  timer.o [1]
TimerInsertTimer        0x00001e49   0x5a  Code  Lc  timer.o [1]
TimerIrqHandler         0x00001ec5   0x4e  Code  Gb  timer.o [1]
TimerListHead           0x10001730    0x4  Data  Lc  timer.o [1]
TimerLowPowerHandler    0x0000201d  0x160  Code  Gb  timer.o [1]
TimerSetTimeout         0x00001ff7   0x12  Code  Lc  timer.o [1]
TimerSetValue           0x00001fbf   0x10  Code  Gb  timer.o [1]
TimerStart              0x00001de7   0x62  Code  Gb  timer.o [1]
TimerStop               0x00001f13   0x94  Code  Gb  timer.o [1]
TxDelayedTimer          0x1000045c   0x14  Data  Gb  LoRaMac.o [1]
TxDutyCycleTime         0x100004c8    0x4  Data  Lc  main.o [1]
TxNextPacketTimer       0x100004ec   0x14  Data  Lc  main.o [1]
TxTimeOnAir             0x10000424    0x4  Data  Gb  LoRaMac.o [1]
TxTimeoutTimer          0x10000ee4   0x14  Data  Gb  sx1276.o [1]
UART0_IRQHandler        0x00005899   0x10  Code  Gb  uart-board.o [1]
UartMcuInit             0x000057f3   0xa6  Code  Gb  uart-board.o [1]
UpLinkCounter           0x100003fc    0x4  Data  Lc  LoRaMac.o [1]
ValidatePayloadLength   0x00000e4f   0x3e  Code  Lc  LoRaMac.o [1]
WakeupTest              0x00002d0d   0x44  Code  Gb  modem.o [1]
__Vectors               0x00000000          --   Gb  iar_startup_lpc82x.o [1]
__Vectors_End           0x000000c0         Data  Gb  iar_startup_lpc82x.o [1]
__Vectors_Size {Abs}    0x000000c0          --   Gb  iar_startup_lpc82x.o [1]
__aeabi_cdrcmple        0x00006535         Code  Gb  DblCmpGe.o [4]
__aeabi_d2iz            0x00005f8d         Code  Gb  DblToI32.o [4]
__aeabi_d2uiz           0x00005fb1         Code  Gb  DblToI32.o [4]
__aeabi_dadd            0x00005dd9         Code  Gb  DblAddSub.o [4]
__aeabi_ddiv            0x00007e95         Code  Gb  DblDiv.o [4]
__aeabi_dmul            0x00005c55         Code  Gb  DblMul.o [4]
__aeabi_dsub            0x00005e9f         Code  Gb  DblAddSub.o [4]
__aeabi_f2d             0x000060f5         Code  Gb  FltToDbl.o [4]
__aeabi_fsub            0x00006045         Code  Gb  FltAddSub.o [4]
__aeabi_i2d             0x00005c21         Code  Gb  I32ToDbl.o [4]
__aeabi_idiv            0x00007d03         Code  Gb  I32DivModFast.o [5]
__aeabi_idiv0           0x00006181         Code  Gb  IntDivZer.o [5]
__aeabi_idivmod         0x00007d03         Code  Gb  I32DivModFast.o [5]
__aeabi_ldiv0           0x00006261         Code  Gb  I64DivZer.o [5]
__aeabi_memclr4         0x00007df5         Code  Gb  ABImemset.o [5]
__aeabi_memclr8         0x00007df5         Code  Gb  ABImemset.o [5]
__aeabi_memcpy          0x00002449         Code  Gb  ABImemcpy.o [5]
__aeabi_memcpy4         0x00002471         Code  Wk  ABImemcpy.o [5]
__aeabi_memset4         0x00007db9         Code  Gb  ABImemset.o [5]
__aeabi_memset8         0x00007db9         Code  Gb  ABImemset.o [5]
__aeabi_ui2d            0x00005c35         Code  Gb  I32ToDbl.o [4]
__aeabi_ui2f            0x000002cd         Code  Gb  I32ToFlt.o [4]
__aeabi_uidiv           0x00007d09         Code  Gb  I32DivModFast.o [5]
__aeabi_uidivmod        0x00007d09         Code  Gb  I32DivModFast.o [5]
__aeabi_uldivmod        0x00006183         Code  Gb  I64DivMod.o [5]
__cmain                 0x00006b39         Code  Gb  cmain.o [5]
__exit                  0x00007f61   0x14  Code  Gb  exit.o [6]
__iar_Memset4_word      0x00007dc5         Code  Gb  ABImemset.o [5]
__iar_ceil              0x00000275         Code  Gb  ceil.o [4]
__iar_ceill             0x00000275         Code  Gb  ceil.o [4]
__iar_d2uiz             0x00005fb5         Code  Gb  DblToI32.o [4]
__iar_data_init3        0x00006ae1   0x28  Code  Gb  data_init.o [5]
__iar_floor             0x00006129         Code  Gb  floor.o [4]
__iar_floorl            0x00006129         Code  Gb  floor.o [4]
__iar_packbits_init3    0x000069d7   0xb6  Code  Gb  packbits_init.o [5]
__iar_program_start     0x00006b6d         Code  Gb  cstartup_M.o [5]
__iar_ui2d              0x00005c39         Code  Gb  I32ToDbl.o [4]
__iar_ui2f              0x000002d1         Code  Gb  I32ToFlt.o [4]
__iar_zero_init3        0x00007c81   0x2a  Code  Gb  zero_init3.o [5]
__low_level_init        0x00006b35    0x4  Code  Gb  low_level_init.o [3]
__vector_table          0x00000000         Data  Gb  iar_startup_lpc82x.o [1]
__vector_table_0x1c     0x00000010         Data  Gb  iar_startup_lpc82x.o [1]
_call_main              0x00006b45         Code  Gb  cmain.o [5]
_exit                   0x00007fe1         Code  Gb  cexit.o [5]
_main                   0x00006b4f         Code  Gb  cmain.o [5]
aBlock                  0x100002a4   0x10  Data  Lc  LoRaMacCrypto.o [1]
aLarmTimerTime          0x10000540    0x4  Data  Gb  board.o [1]
abort                   0x00007f57    0xa  Code  Gb  abort.o [3]
add_round_key           0x00004831    0x8  Code  Lc  aes.o [1]
aes_encrypt             0x00004d3f   0x52  Code  Gb  aes.o [1]
aes_set_key             0x00004c3d  0x102  Code  Gb  aes.o [1]
alarmsendflag           0x10000550    0x1  Data  Gb  timer.o [1]
bitNeedAck              0x100004b4    0x1  Data  Gb  main.o [1]
bitNeedAckTimer         0x100004c4    0x4  Data  Gb  main.o [1]
caculateDr              0x00002703   0x2e  Code  Gb  RegionCN470.o [1]
ceil                    0x00000275         Code  Gb  ceil.o [4]
ceill                   0x00000275         Code  Gb  ceil.o [4]
config_tab              0x00006660  0x354  Data  Lc  irc_8xx.o [1]
config_tab_idx          0x100016fa    0x2  Data  Lc  irc_8xx.o [1]
copy_and_key            0x000047ab   0x86  Code  Lc  aes.o [1]
copy_block              0x000046d1   0x42  Code  Lc  aes.o [1]
copy_block_nn           0x00004713   0x16  Code  Lc  aes.o [1]
cpystr                  0x000055d3   0x18  Code  Gb  hex.o [1]
eeprom_write            0x00002bbf   0x7e  Code  Gb  eeprom-board.o [1]
enableChannelDR         0x100004bc    0x8  Data  Gb  main.o [1]
enableChannelsDRnum     0x100004b6    0x1  Data  Gb  main.o [1]
evnames                 0x1000012c   0x40  Data  Lc  modem.o [1]
exit                    0x00006b53    0x8  Code  Gb  exit.o [3]
floor                   0x00006129         Code  Gb  floor.o [4]
floorl                  0x00006129         Code  Gb  floor.o [4]
frame_init              0x00003bf9   0x14  Code  Gb  frame.o [1]
frame_rx                0x00003c0d   0xfc  Code  Gb  frame.o [1]
getUARTClockID          0x00003d7f   0x18  Code  Lc  uart_8xx.o [1]
gethex                  0x000054d9   0x3e  Code  Gb  hex.o [1]
gfm2_sbox               0x00004b3c  0x100  Data  Lc  aes.o [1]
gfm3_sbox               0x00004a3c  0x100  Data  Lc  aes.o [1]
hex2int                 0x00005571   0x32  Code  Gb  hex.o [1]
hexval                  0x00005600  0x100  Data  Lc  hex.o [1]
iap_entry               0x00005169    0x8  Code  Lc  iap.o [1]
int2hex                 0x0000554d   0x24  Code  Gb  hex.o [1]
joincfg                 0x10001644   0x24  Data  Lc  modem.o [1]
ledBits                 0x000037d4    0x1  Data  Lc  lpc824board.o [1]
ledstatus               0x10001735    0x1  Data  Lc  lpc824board.o [1]
main                    0x00004239  0x222  Code  Gb  main.o [1]
memcpy1                 0x00003a43   0x16  Code  Gb  utilities.o [1]
memcpyr                 0x00003a59   0x1a  Code  Gb  utilities.o [1]
memset1                 0x00003a73   0x12  Code  Gb  utilities.o [1]
mix_sub_columns         0x0000489d  0x19a  Code  Lc  aes.o [1]
modemSendFrame          0x00003fab   0x80  Code  Gb  main.o [1]
modem_init              0x00003175   0x30  Code  Gb  modem.o [1]
modem_rxdone            0x000031d9  0x548  Code  Gb  modem.o [1]
modem_wkt_init          0x00002d51   0x2a  Code  Gb  modem.o [1]
modem_wwdt_init         0x00002d7b   0x54  Code  Gb  modem.o [1]
next                    0x10000558    0x4  Data  Lc  utilities.o [1]
onEvent                 0x00002ebd  0x164  Code  Gb  modem.o [1]
os_crc16                0x00003025   0x38  Code  Gb  modem.o [1]
persist                 0x10000c70   0x74  Data  Gb  modem.o [1]
persist_init            0x00003065   0xf6  Code  Lc  modem.o [1]
pll_config              0x00006595   0x4a  Code  Lc  irc_8xx.o [1]
puthex                  0x00005519   0x34  Code  Gb  hex.o [1]
rand1                   0x000039fd   0x1a  Code  Gb  utilities.o [1]
randr                   0x00003a2d   0x16  Code  Gb  utilities.o [1]
reverse                 0x000055a3   0x22  Code  Gb  hex.o [1]
rxbuff                  0x10000f48  0x100  Data  Gb  uart-board.o [1]
rxframe                 0x10001710   0x10  Data  Gb  frame.o [1]
rxring                  0x10000f34   0x14  Data  Gb  uart-board.o [1]
sBlock                  0x100002b4   0x10  Data  Lc  LoRaMacCrypto.o [1]
sTartAlarmTimerTime     0x10000544    0x4  Data  Gb  board.o [1]
sbox                    0x00004d90  0x100  Data  Lc  aes.o [1]
sesscfg                 0x10001668   0x30  Data  Lc  modem.o [1]
shift_sub_rows          0x00004839   0x64  Code  Lc  aes.o [1]
srand1                  0x00003a17    0x6  Code  Gb  utilities.o [1]
src_iap_array_data      0x10001554   0x80  Data  Gb  eeprom-board.o [1]
strlen                  0x00000265   0x10  Code  Gb  strlen.o [5]
systick                 0x1000053c    0x4  Data  Gb  board.o [1]
tolower                 0x000055c5    0xe  Code  Gb  hex.o [1]
txbuff                  0x10001048  0x100  Data  Gb  uart-board.o [1]
txring                  0x10000f20   0x14  Data  Gb  uart-board.o [1]
uartflashtimer          0x10000554    0x4  Data  Gb  timer.o [1]
wdtOSCRate              0x00005438   0x40  Data  Lc  clock_8xx.o [1]
xor_block               0x00004729   0x82  Code  Lc  aes.o [1]


[1] = D:\stm8lora\src\LoRaMac-node\IAR\Debug\Obj
[2] = command line
[3] = dl6M_tln.a
[4] = m6M_tl.a
[5] = rt6M_tl.a
[6] = shb_l.a

  31 976 bytes of readonly  code memory
     536 bytes of readonly  data memory
   7 992 bytes of readwrite data memory

Errors: none
Warnings: none
