###############################################################################
#
# IAR ELF Linker V7.30.3.8024/W32 for ARM                 03/May/2018  10:02:50
# Copyright 2007-2014 IAR Systems AB.
#
#    Output file  =  
#        F:\LoRaProduct\source
#        code\LoRaMac-node\IAR\Debug\Exe\LoRaMac-node.out.tmp
#    Map file     =  
#        F:\LoRaProduct\source
#        code\LoRaMac-node\IAR\Debug\List\LoRaMac-node.map
#    Command line =  
#        "F:\LoRaProduct\source code\LoRaMac-node\IAR\Debug\Obj\acmp_8xx.o"
#        "F:\LoRaProduct\source code\LoRaMac-node\IAR\Debug\Obj\adc_8xx.o"
#        "F:\LoRaProduct\source code\LoRaMac-node\IAR\Debug\Obj\aes.o"
#        "F:\LoRaProduct\source code\LoRaMac-node\IAR\Debug\Obj\board.o"
#        "F:\LoRaProduct\source
#        code\LoRaMac-node\IAR\Debug\Obj\board_sysinit.o"
#        "F:\LoRaProduct\source code\LoRaMac-node\IAR\Debug\Obj\chip_8xx.o"
#        "F:\LoRaProduct\source code\LoRaMac-node\IAR\Debug\Obj\clock_8xx.o"
#        "F:\LoRaProduct\source code\LoRaMac-node\IAR\Debug\Obj\cmac.o"
#        "F:\LoRaProduct\source code\LoRaMac-node\IAR\Debug\Obj\crc_8xx.o"
#        "F:\LoRaProduct\source code\LoRaMac-node\IAR\Debug\Obj\delay-board.o"
#        "F:\LoRaProduct\source code\LoRaMac-node\IAR\Debug\Obj\dma_8xx.o"
#        "F:\LoRaProduct\source code\LoRaMac-node\IAR\Debug\Obj\eeprom-board.o"
#        "F:\LoRaProduct\source code\LoRaMac-node\IAR\Debug\Obj\eeprom.o"
#        "F:\LoRaProduct\source code\LoRaMac-node\IAR\Debug\Obj\frame.o"
#        "F:\LoRaProduct\source code\LoRaMac-node\IAR\Debug\Obj\gpio-board.o"
#        "F:\LoRaProduct\source code\LoRaMac-node\IAR\Debug\Obj\gpio_8xx.o"
#        "F:\LoRaProduct\source code\LoRaMac-node\IAR\Debug\Obj\hex.o"
#        "F:\LoRaProduct\source
#        code\LoRaMac-node\IAR\Debug\Obj\i2c_common_8xx.o"
#        "F:\LoRaProduct\source code\LoRaMac-node\IAR\Debug\Obj\i2cm_8xx.o"
#        "F:\LoRaProduct\source code\LoRaMac-node\IAR\Debug\Obj\i2cs_8xx.o"
#        "F:\LoRaProduct\source code\LoRaMac-node\IAR\Debug\Obj\iap.o"
#        "F:\LoRaProduct\source
#        code\LoRaMac-node\IAR\Debug\Obj\iar_startup_lpc82x.o"
#        "F:\LoRaProduct\source code\LoRaMac-node\IAR\Debug\Obj\iocon_8xx.o"
#        "F:\LoRaProduct\source code\LoRaMac-node\IAR\Debug\Obj\irc_8xx.o"
#        "F:\LoRaProduct\source code\LoRaMac-node\IAR\Debug\Obj\LoRaMac.o"
#        "F:\LoRaProduct\source
#        code\LoRaMac-node\IAR\Debug\Obj\LoRaMacCrypto.o"
#        "F:\LoRaProduct\source code\LoRaMac-node\IAR\Debug\Obj\lpc824board.o"
#        "F:\LoRaProduct\source code\LoRaMac-node\IAR\Debug\Obj\main.o"
#        "F:\LoRaProduct\source code\LoRaMac-node\IAR\Debug\Obj\modem.o"
#        "F:\LoRaProduct\source code\LoRaMac-node\IAR\Debug\Obj\pinint_8xx.o"
#        "F:\LoRaProduct\source code\LoRaMac-node\IAR\Debug\Obj\pmu_8xx.o"
#        "F:\LoRaProduct\source code\LoRaMac-node\IAR\Debug\Obj\Region.o"
#        "F:\LoRaProduct\source code\LoRaMac-node\IAR\Debug\Obj\RegionCN470.o"
#        "F:\LoRaProduct\source code\LoRaMac-node\IAR\Debug\Obj\RegionCommon.o"
#        "F:\LoRaProduct\source code\LoRaMac-node\IAR\Debug\Obj\ring_buffer.o"
#        "F:\LoRaProduct\source code\LoRaMac-node\IAR\Debug\Obj\rtc_ut.o"
#        "F:\LoRaProduct\source code\LoRaMac-node\IAR\Debug\Obj\sct_8xx.o"
#        "F:\LoRaProduct\source code\LoRaMac-node\IAR\Debug\Obj\sct_pwm_8xx.o"
#        "F:\LoRaProduct\source code\LoRaMac-node\IAR\Debug\Obj\spi-board.o"
#        "F:\LoRaProduct\source code\LoRaMac-node\IAR\Debug\Obj\spi_8xx.o"
#        "F:\LoRaProduct\source code\LoRaMac-node\IAR\Debug\Obj\spim_8xx.o"
#        "F:\LoRaProduct\source code\LoRaMac-node\IAR\Debug\Obj\spis_8xx.o"
#        "F:\LoRaProduct\source
#        code\LoRaMac-node\IAR\Debug\Obj\stopwatch_8xx.o"
#        "F:\LoRaProduct\source code\LoRaMac-node\IAR\Debug\Obj\swm_8xx.o"
#        "F:\LoRaProduct\source code\LoRaMac-node\IAR\Debug\Obj\sx1276-board.o"
#        "F:\LoRaProduct\source code\LoRaMac-node\IAR\Debug\Obj\sx1276.o"
#        "F:\LoRaProduct\source code\LoRaMac-node\IAR\Debug\Obj\syscon_8xx.o"
#        "F:\LoRaProduct\source code\LoRaMac-node\IAR\Debug\Obj\sysinit.o"
#        "F:\LoRaProduct\source code\LoRaMac-node\IAR\Debug\Obj\sysinit_8xx.o"
#        "F:\LoRaProduct\source code\LoRaMac-node\IAR\Debug\Obj\timer.o"
#        "F:\LoRaProduct\source code\LoRaMac-node\IAR\Debug\Obj\uart-board.o"
#        "F:\LoRaProduct\source code\LoRaMac-node\IAR\Debug\Obj\uart_8xx.o"
#        "F:\LoRaProduct\source code\LoRaMac-node\IAR\Debug\Obj\utilities.o"
#        "F:\LoRaProduct\source code\LoRaMac-node\IAR\Debug\Obj\wkt_8xx.o"
#        "F:\LoRaProduct\source code\LoRaMac-node\IAR\Debug\Obj\wwdt_8xx.o" -o
#        "F:\LoRaProduct\source
#        code\LoRaMac-node\IAR\Debug\Exe\LoRaMac-node.out.tmp" --map
#        "F:\LoRaProduct\source
#        code\LoRaMac-node\IAR\Debug\List\LoRaMac-node.map" --config
#        "F:\LoRaProduct\source code\LoRaMac-node\IAR\LoRaMac-node.icf"
#        --semihosting --entry __iar_program_start --vfe
#
###############################################################################

*******************************************************************************
*** RUNTIME MODEL ATTRIBUTES
***

CppFlavor       = *
__SystemLibrary = DLib


*******************************************************************************
*** PLACEMENT SUMMARY
***

"A1":  place at 0x00000000 { ro section .intvec };
"P1":  place in [from 0x00000000 to 0x000002fb] |
                [from 0x00000300 to 0x00007bff] |
                [from 0x00007c80 to 0x00007fff] { ro };
"P2":  place in [from 0x10000000 to 0x10001fff] { rw, block CSTACK, block HEAP };
"P3":  place in [from 0x000002fc to 0x000002ff] { section .crp };

  Section            Kind        Address    Size  Object
  -------            ----        -------    ----  ------
"A1":                                       0xc0
  .intvec            ro code  0x00000000    0xc0  iar_startup_lpc82x.o [1]
                            - 0x000000c0    0xc0

"P1", part 1 of 3:                         0x234
  .text              ro code  0x000000c0   0x124  Region.o [1]
  .text              ro code  0x000001e4    0x7e  pmu_8xx.o [1]
  .text              ro code  0x00000262     0x2  iar_startup_lpc82x.o [1]
  .text              ro code  0x00000264    0x10  strlen.o [5]
  .text              ro code  0x00000274    0x58  ceil.o [4]
  .text              ro code  0x000002cc    0x1e  I32ToFlt.o [4]
  .rodata            const    0x000002ec     0x8  lpc824board.o [1]
                            - 0x000002f4   0x234

"P3":                                        0x4
  .crp               ro code  0x000002fc     0x4  iar_startup_lpc82x.o [1]
                            - 0x00000300     0x4

"P1", part 2 of 3:                        0x78c6
  .text              ro code  0x00000300  0x1a6c  LoRaMac.o [1]
  .text              ro code  0x00001d6c   0x450  timer.o [1]
  .text              ro code  0x000021bc   0x288  LoRaMacCrypto.o [1]
  .text              ro code  0x00002444    0x5c  ABImemcpy.o [5]
  .text              ro code  0x000024a0   0x6e8  RegionCN470.o [1]
  .text              ro code  0x00002b88    0xc0  eeprom-board.o [1]
  .text              ro code  0x00002c48   0xaf4  modem.o [1]
  .text              ro code  0x0000373c   0x2b8  lpc824board.o [1]
  .text              ro code  0x000039f4    0x88  utilities.o [1]
  .text              ro code  0x00003a7c   0x174  board.o [1]
  .text              ro code  0x00003bf0   0x114  frame.o [1]
  .text              ro code  0x00003d04   0x1ca  uart_8xx.o [1]
  .text              ro code  0x00003ed0   0x5ac  main.o [1]
  .text              ro code  0x0000447c   0x24a  cmac.o [1]
  .text              ro code  0x000046c8   0x7c0  aes.o [1]
  .text              ro code  0x00004e88   0x2d6  RegionCommon.o [1]
  .text              ro code  0x00005160    0xb0  iap.o [1]
  .text              ro code  0x00005210   0x260  clock_8xx.o [1]
  .text              ro code  0x00005470    0x5e  wwdt_8xx.o [1]
  .text              ro code  0x000054ce     0x2  iar_startup_lpc82x.o [1]
  .text              ro code  0x000054d0   0x228  hex.o [1]
  .text              ro code  0x000056f8    0x28  memcmp.o [5]
  .text              ro code  0x00005720    0x2a  delay-board.o [1]
  .text              ro code  0x0000574c    0x12  iocon_8xx.o [1]
  .text              ro code  0x00005760    0x26  gpio_8xx.o [1]
  .text              ro code  0x00005788    0x10  chip_8xx.o [1]
  .text              ro code  0x00005798   0x160  uart-board.o [1]
  .text              ro code  0x000058f8   0x170  spi-board.o [1]
  .text              ro code  0x00005a68   0x1d6  ring_buffer.o [1]
  .text              ro code  0x00005c40    0x34  I32ToDbl.o [4]
  .text              ro code  0x00005c74   0x184  DblMul.o [4]
  .text              ro code  0x00005df8   0x1b4  DblAddSub.o [4]
  .text              ro code  0x00005fac    0x52  DblToI32.o [4]
  .text              ro code  0x00005ffe   0x116  FltAddSub.o [4]
  .text              ro code  0x00006114    0x32  FltToDbl.o [4]
  .text              ro code  0x00006148    0x58  floor.o [4]
  .text              ro code  0x000061a0     0x2  IntDivZer.o [5]
  .text              ro code  0x000061a2    0x6a  I64DivMod.o [5]
  .text              ro code  0x0000620c    0x44  spim_8xx.o [1]
  .text              ro code  0x00006250    0x2e  spi_8xx.o [1]
  .text              ro code  0x00006280     0x2  I64DivZer.o [5]
  .text              ro code  0x00006284   0x2d0  sx1276-board.o [1]
  .text              ro code  0x00006554    0x32  DblCmpGe.o [4]
  .text              ro code  0x00006586    0xd8  packbits_init.o [5]
  .text              ro code  0x0000665e     0xa  abort.o [3]
  .text              ro code  0x00006668    0x14  exit.o [6]
  .rodata            const    0x0000667c    0xd4  modem.o [1]
  .rodata            const    0x00006750    0x6c  sx1276-board.o [1]
  .text              ro code  0x000067bc    0x3e  board_sysinit.o [1]
  .text              ro code  0x000067fc    0x14  sysinit_8xx.o [1]
  .text              ro code  0x00006810    0x28  data_init.o [5]
  .iar.init_table    const    0x00006838    0x34  - Linker created -
  .text              ro code  0x0000686c    0x1a  cmain.o [5]
  .text              ro code  0x00006886     0x8  exit.o [3]
  .text              ro code  0x00006890     0xa  cexit.o [5]
  .text              ro code  0x0000689a     0xc  cstartup_M.o [5]
  .text              ro code  0x000068a6     0x8  sysinit.o [1]
  .text              ro code  0x000068b0   0xea4  sx1276.o [1]
  .text              ro code  0x00007754   0x44c  irc_8xx.o [1]
  Initializer bytes  ro data  0x00007ba0    0x26  <for P2 s0>
                            - 0x00007bc6  0x78c6

"P1", part 3 of 3:                         0x36e
  .text              ro code  0x00007c80    0x2a  zero_init3.o [5]
  .text              ro code  0x00007cac    0x28  swm_8xx.o [1]
  .text              ro code  0x00007cd4     0x2  iar_startup_lpc82x.o [1]
  .text              ro code  0x00007cd6    0xe0  I32DivModFast.o [5]
  .text              ro code  0x00007db6     0x2  iar_startup_lpc82x.o [1]
  .text              ro code  0x00007db8    0x40  ABImemset.o [5]
  .text              ro code  0x00007df8    0x3c  wkt_8xx.o [1]
  .text              ro code  0x00007e34    0x60  syscon_8xx.o [1]
  .text              ro code  0x00007e94    0xc2  DblDiv.o [4]
  .text              ro code  0x00007f56     0x4  low_level_init.o [3]
  .text              ro code  0x00007f5a     0x4  iar_startup_lpc82x.o [1]
  .rodata            const    0x00007f5e     0x0  zero_init3.o [5]
  .rodata            const    0x00007f5e     0x0  packbits_init.o [5]
  .text              ro code  0x00007f60    0x10  iar_startup_lpc82x.o [1]
  Initializer bytes  ro data  0x00007f70    0x7e  <for P2 s0>
                            - 0x00007fee   0x36e

"P2":                                     0x1f38
  P2 s0                       0x10000000   0x55c  <Init block>
    .data            inited   0x10000000   0x16c  modem.o [1]
    .data            inited   0x1000016c   0x138  LoRaMacCrypto.o [1]
    .data            inited   0x100002a4   0x114  LoRaMacCrypto.o [1]
    .data            inited   0x100003b8    0xe4  LoRaMac.o [1]
    .data            inited   0x1000049c    0x70  main.o [1]
    .data            inited   0x1000050c    0x20  sx1276.o [1]
    .data            inited   0x1000052c    0x10  RegionCN470.o [1]
    .data            inited   0x1000053c     0xc  board.o [1]
    .data            inited   0x10000548     0x8  RegionCN470.o [1]
    .data            inited   0x10000550     0x8  timer.o [1]
    .data            inited   0x10000558     0x4  utilities.o [1]
  .bss               zero     0x1000055c   0x48c  RegionCN470.o [1]
  .bss               zero     0x100009e8   0x310  modem.o [1]
  .bss               zero     0x10000cf8   0x228  sx1276.o [1]
  .bss               zero     0x10000f20   0x228  uart-board.o [1]
  .bss               zero     0x10001148   0x118  LoRaMac.o [1]
  .bss               zero     0x10001260   0x100  LoRaMac.o [1]
  .bss               zero     0x10001360   0x100  LoRaMac.o [1]
  .bss               zero     0x10001460    0xf4  main.o [1]
  .bss               zero     0x10001554    0x80  eeprom-board.o [1]
  .bss               zero     0x100015d4    0x70  LoRaMac.o [1]
  .bss               zero     0x10001644    0x54  modem.o [1]
  .bss               zero     0x10001698    0x4c  LoRaMac.o [1]
  .bss               zero     0x100016e4    0x15  LoRaMac.o [1]
  .bss               zero     0x100016fa     0x2  irc_8xx.o [1]
  .bss               zero     0x100016fc    0x14  LoRaMac.o [1]
  .bss               zero     0x10001710    0x10  frame.o [1]
  .bss               zero     0x10001720     0xc  RegionCN470.o [1]
  .bss               zero     0x1000172c     0x4  chip_8xx.o [1]
  .bss               zero     0x10001730     0x4  timer.o [1]
  .bss               zero     0x10001734     0x1  board.o [1]
  .bss               zero     0x10001735     0x1  lpc824board.o [1]
  .bss               zero     0x10001736     0x1  modem.o [1]
  .bss               zero     0x10001737     0x1  sx1276-board.o [1]
  CSTACK                      0x10001738   0x800  <Block>
    CSTACK           uninit   0x10001738   0x800  <Block tail>
                            - 0x10001f38  0x1f38


*******************************************************************************
*** INIT TABLE
***

          Address     Size
          -------     ----
Zero (__iar_zero_init3)
    1 destination range, total size 0x11dc:
          0x1000055c  0x11dc

Copy/packbits (__iar_packbits_init3)
    2 source ranges, total size 0xa4 (11% of destination):
          0x00007ba0    0x26
          0x00007f70    0x7e
    1 destination range, total size 0x55c:
          0x10000000   0x55c



*******************************************************************************
*** MODULE SUMMARY
***

    Module                ro code  ro data  rw data
    ------                -------  -------  -------
F:\LoRaProduct\source code\LoRaMac-node\IAR\Debug\Obj: [1]
    LoRaMac.o               6 764       28    1 249
    LoRaMacCrypto.o           648       70      588
    Region.o                  292
    RegionCN470.o           1 768        3    1 200
    RegionCommon.o            726
    aes.o                   1 984
    board.o                   372        1       13
    board_sysinit.o            62
    chip_8xx.o                 16                 4
    clock_8xx.o               608
    cmac.o                    586
    delay-board.o              42
    eeprom-board.o            192               128
    frame.o                   276                16
    gpio_8xx.o                 38
    hex.o                     552
    iap.o                     176
    iar_startup_lpc82x.o      224
    iocon_8xx.o                18
    irc_8xx.o               1 100                 2
    lpc824board.o             696        8        1
    main.o                  1 452       13      356
    modem.o                 2 804      255    1 233
    pmu_8xx.o                 126
    ring_buffer.o             470
    spi-board.o               368
    spi_8xx.o                  46
    spim_8xx.o                 68
    swm_8xx.o                  40
    sx1276-board.o            720      108        1
    sx1276.o                3 748        4      584
    syscon_8xx.o               96
    sysinit.o                   8
    sysinit_8xx.o              20
    timer.o                 1 104        1       12
    uart-board.o              352               552
    uart_8xx.o                458
    utilities.o               136        1        4
    wkt_8xx.o                  60
    wwdt_8xx.o                 94
    -----------------------------------------------
    Total:                 29 310      492    5 943

command line: [2]
    -----------------------------------------------
    Total:

dl6M_tln.a: [3]
    abort.o                    10
    exit.o                      8
    low_level_init.o            4
    -----------------------------------------------
    Total:                     22

m6M_tl.a: [4]
    DblAddSub.o               436
    DblCmpGe.o                 50
    DblDiv.o                  194
    DblMul.o                  388
    DblToI32.o                 82
    FltAddSub.o               278
    FltToDbl.o                 50
    I32ToDbl.o                 52
    I32ToFlt.o                 30
    ceil.o                     88
    floor.o                    88
    -----------------------------------------------
    Total:                  1 736

rt6M_tl.a: [5]
    ABImemcpy.o                92
    ABImemset.o                64
    I32DivModFast.o           224
    I64DivMod.o               106
    I64DivZer.o                 2
    IntDivZer.o                 2
    cexit.o                    10
    cmain.o                    26
    cstartup_M.o               12
    data_init.o                40
    memcmp.o                   40
    packbits_init.o           216
    strlen.o                   16
    zero_init3.o               42
    -----------------------------------------------
    Total:                    892

shb_l.a: [6]
    exit.o                     20
    -----------------------------------------------
    Total:                     20

    Gaps                       30        2        1
    Linker created                      52    2 048
---------------------------------------------------
    Grand Total:           32 010      546    7 992


*******************************************************************************
*** ENTRY LIST
***

Entry                      Address   Size  Type      Object
-----                      -------   ----  ----      ------
?main                   0x0000686d         Code  Gb  cmain.o [5]
AES_CMAC_Final          0x00004579  0x14e  Code  Gb  cmac.o [1]
AES_CMAC_Init           0x0000447d   0x22  Code  Gb  cmac.o [1]
AES_CMAC_SetKey         0x0000449f   0x10  Code  Gb  cmac.o [1]
AES_CMAC_Update         0x000044af   0xca  Code  Gb  cmac.o [1]
AckTimeoutRetries       0x100003d4    0x1  Data  Lc  LoRaMac.o [1]
AckTimeoutRetriesCounter
                        0x100003d5    0x1  Data  Lc  LoRaMac.o [1]
AckTimeoutRetry         0x100003d6    0x1  Data  Lc  LoRaMac.o [1]
AckTimeoutTimer         0x100016b0   0x14  Data  Gb  LoRaMac.o [1]
AdrAckCounter           0x10000404    0x4  Data  Lc  LoRaMac.o [1]
AdrCtrlOn               0x100003ca    0x1  Data  Lc  LoRaMac.o [1]
AesCmacCtx              0x1000018c  0x118  Data  Lc  LoRaMacCrypto.o [1]
AesContext              0x100002c4   0xf4  Data  Lc  LoRaMacCrypto.o [1]
AggregatedDCycle        0x100003e2    0x2  Data  Lc  LoRaMac.o [1]
AggregatedLastTxDoneTime
                        0x10000408    0x4  Data  Lc  LoRaMac.o [1]
AggregatedTimeOff       0x1000040c    0x4  Data  Lc  LoRaMac.o [1]
AppData                 0x10001460   0xf4  Data  Lc  main.o [1]
AppDataSize             0x100004b1    0x1  Data  Lc  main.o [1]
AppEui                  0x100004d4    0x8  Data  Lc  main.o [1]
AppKey                  0x100004dc   0x10  Data  Lc  main.o [1]
AppLedStateOn           0x100004b5    0x1  Data  Lc  main.o [1]
AppPort                 0x100004b0    0x1  Data  Lc  main.o [1]
Bands                   0x1000052c   0x10  Data  Lc  RegionCN470.o [1]
BandwidthsCN470         0x000028f0   0x18  Data  Lc  RegionCN470.o [1]
BoardDisableIrq         0x00003b0d    0xc  Code  Gb  board.o [1]
BoardEnableIrq          0x00003b19   0x12  Code  Gb  board.o [1]
BoardGetRandomSeed      0x00003b7b   0x1c  Code  Gb  board.o [1]
BoardGetUniqueId        0x00003b97   0x16  Code  Gb  board.o [1]
BoardInitMcu            0x00003b2b   0x44  Code  Gb  board.o [1]
BoardResetMcu           0x00003b6f    0xc  Code  Gb  board.o [1]
Board_GPIO_Init         0x00003805  0x1bc  Code  Gb  lpc824board.o [1]
Board_Init              0x000039c9   0x2c  Code  Gb  lpc824board.o [1]
Board_LED_Get           0x000037ed    0x6  Code  Gb  lpc824board.o [1]
Board_LED_Init          0x0000379d   0x2e  Code  Lc  lpc824board.o [1]
Board_LED_Set           0x000037cf   0x1e  Code  Gb  lpc824board.o [1]
Board_SetupClocking     0x000067e3    0xc  Code  Gb  board_sysinit.o [1]
Board_SetupMuxing       0x000067d9    0xa  Code  Gb  board_sysinit.o [1]
Board_SystemInit        0x000067ef    0xc  Code  Gb  board_sysinit.o [1]
CSTACK$$Base            0x10001738          --   Gb  - Linker created -
CSTACK$$Limit           0x10001f38          --   Gb  - Linker created -
CalculateBackOff        0x00000fc9   0x38  Code  Lc  LoRaMac.o [1]
Channel                 0x100003d2    0x1  Data  Lc  LoRaMac.o [1]
Channels                0x1000055c  0x480  Data  Lc  RegionCN470.o [1]
ChannelsDefaultMask     0x10001720    0xc  Data  Lc  RegionCN470.o [1]
ChannelsMask            0x100009dc    0xc  Data  Lc  RegionCN470.o [1]
ChannelsNbRepCounter    0x100003d0    0x1  Data  Lc  LoRaMac.o [1]
CheckToDisableAckTimeout
                        0x00000dd7   0x2c  Code  Lc  LoRaMac.o [1]
Chip_Clock_DisablePeriphClock
                        0x0000374f   0x12  Code  Lc  lpc824board.o [1]
Chip_Clock_DisablePeriphClock
                        0x0000593f   0x12  Code  Lc  spi-board.o [1]
Chip_Clock_DisablePeriphClock
                        0x00001d7f   0x12  Code  Lc  timer.o [1]
Chip_Clock_DisablePeriphClock
                        0x000057b9   0x12  Code  Lc  uart-board.o [1]
Chip_Clock_EnablePeriphClock
                        0x00003afb   0x12  Code  Lc  board.o [1]
Chip_Clock_EnablePeriphClock
                        0x000067bd   0x12  Code  Lc  board_sysinit.o [1]
Chip_Clock_EnablePeriphClock
                        0x00005761   0x12  Code  Lc  gpio_8xx.o [1]
Chip_Clock_EnablePeriphClock
                        0x0000373d   0x12  Code  Lc  lpc824board.o [1]
Chip_Clock_EnablePeriphClock
                        0x00002c97   0x12  Code  Lc  modem.o [1]
Chip_Clock_EnablePeriphClock
                        0x0000592d   0x12  Code  Lc  spi-board.o [1]
Chip_Clock_EnablePeriphClock
                        0x000062ef   0x12  Code  Lc  sx1276-board.o [1]
Chip_Clock_EnablePeriphClock
                        0x00001d6d   0x12  Code  Lc  timer.o [1]
Chip_Clock_EnablePeriphClock
                        0x000057a7   0x12  Code  Lc  uart-board.o [1]
Chip_Clock_EnablePeriphClock
                        0x00003d39   0x12  Code  Lc  uart_8xx.o [1]
Chip_Clock_EnablePeriphClock
                        0x00005471   0x12  Code  Lc  wwdt_8xx.o [1]
Chip_Clock_GetExtClockInRate
                        0x00005279    0x6  Code  Lc  clock_8xx.o [1]
Chip_Clock_GetIntOscRate
                        0x00005275    0x4  Code  Lc  clock_8xx.o [1]
Chip_Clock_GetMainClockRate
                        0x0000531d   0x32  Code  Gb  clock_8xx.o [1]
Chip_Clock_GetMainOscRate
                        0x0000526f    0x6  Code  Lc  clock_8xx.o [1]
Chip_Clock_GetPLLFreq   0x000052a1    0xe  Code  Lc  clock_8xx.o [1]
Chip_Clock_GetSystemClockRate
                        0x0000534f   0x12  Code  Gb  clock_8xx.o [1]
Chip_Clock_GetSystemPLLInClockRate
                        0x000052db   0x2c  Code  Gb  clock_8xx.o [1]
Chip_Clock_GetSystemPLLOutClockRate
                        0x00005307   0x16  Code  Gb  clock_8xx.o [1]
Chip_Clock_GetUARTClockDiv
                        0x0000524b    0x8  Code  Lc  clock_8xx.o [1]
Chip_Clock_GetUSARTNBaseClockRate
                        0x00005361   0x44  Code  Gb  clock_8xx.o [1]
Chip_Clock_GetWDTLFORate
                        0x00005281   0x20  Code  Lc  clock_8xx.o [1]
Chip_Clock_GetWDTOSCRate
                        0x000052cb   0x10  Code  Gb  clock_8xx.o [1]
Chip_Clock_IsSystemPLLLocked
                        0x00007767    0xc  Code  Lc  irc_8xx.o [1]
Chip_Clock_SetMainClockSource
                        0x000052bd    0xe  Code  Gb  clock_8xx.o [1]
Chip_Clock_SetSysClockDiv
                        0x00007773    0x6  Code  Lc  irc_8xx.o [1]
Chip_Clock_SetSystemPLLSource
                        0x000052af    0xe  Code  Gb  clock_8xx.o [1]
Chip_Clock_SetUARTClockDiv
                        0x00005245    0x6  Code  Lc  clock_8xx.o [1]
Chip_Clock_SetUARTClockDiv
                        0x000057cb    0x6  Code  Lc  uart-board.o [1]
Chip_Clock_SetUSARTNBaseClockRate
                        0x000053a5   0x54  Code  Gb  clock_8xx.o [1]
Chip_Clock_SetWDTOSC    0x00002c89    0xe  Code  Lc  modem.o [1]
Chip_Clock_SetupSystemPLL
                        0x00007755   0x12  Code  Lc  irc_8xx.o [1]
Chip_FMC_ComputeSignature
                        0x00002b89   0x14  Code  Lc  eeprom-board.o [1]
Chip_FMC_ComputeSignatureBlocks
                        0x00002b9d    0xc  Code  Lc  eeprom-board.o [1]
Chip_FMC_IsSignatureBusy
                        0x00002ba9    0x8  Code  Lc  eeprom-board.o [1]
Chip_FMC_SetFLASHAccess
                        0x00007779    0x8  Code  Lc  irc_8xx.o [1]
Chip_GPIO_Init          0x0000577d    0xa  Code  Gb  gpio_8xx.o [1]
Chip_GPIO_SetPinDIR     0x00006337   0x12  Code  Lc  sx1276-board.o [1]
Chip_GPIO_SetPinDIRInput
                        0x0000378b   0x10  Code  Lc  lpc824board.o [1]
Chip_GPIO_SetPinDIRInput
                        0x00006327   0x10  Code  Lc  sx1276-board.o [1]
Chip_GPIO_SetPinDIROutput
                        0x0000377b   0x10  Code  Lc  lpc824board.o [1]
Chip_GPIO_SetPinDIROutput
                        0x00006317   0x10  Code  Lc  sx1276-board.o [1]
Chip_GPIO_SetPinOutHigh
                        0x00005951   0x10  Code  Lc  spi-board.o [1]
Chip_GPIO_SetPinOutHigh
                        0x00006349   0x10  Code  Lc  sx1276-board.o [1]
Chip_GPIO_SetPinOutLow  0x00006359   0x10  Code  Lc  sx1276-board.o [1]
Chip_GPIO_SetPinState   0x00003773    0x8  Code  Lc  lpc824board.o [1]
Chip_IAP_CopyRamToFlash
                        0x00005185   0x2c  Code  Gb  iap.o [1]
Chip_IAP_ErasePage      0x000051dd   0x2a  Code  Gb  iap.o [1]
Chip_IAP_PreSectorForReadWrite
                        0x00005169   0x1c  Code  Gb  iap.o [1]
Chip_IAP_ReadUID        0x000051b1   0x2c  Code  Gb  iap.o [1]
Chip_IOCON_PinSetMode   0x0000574d   0x12  Code  Gb  iocon_8xx.o [1]
Chip_IRC_SetFreq        0x000077cd   0x66  Code  Gb  irc_8xx.o [1]
Chip_PININT_ClearIntStatus
                        0x00006313    0x4  Code  Lc  sx1276-board.o [1]
Chip_PININT_EnableIntHigh
                        0x0000630f    0x4  Code  Lc  sx1276-board.o [1]
Chip_PININT_SetPinModeEdge
                        0x00006301    0xe  Code  Lc  sx1276-board.o [1]
Chip_PMU_ClearPowerDownControl
                        0x00002cb5    0xe  Code  Lc  modem.o [1]
Chip_PMU_ClearPowerDownControl
                        0x00001daf    0xe  Code  Lc  timer.o [1]
Chip_PMU_DeepPowerDownState
                        0x00000223   0x16  Code  Gb  pmu_8xx.o [1]
Chip_PMU_DeepSleepState
                        0x000001f7   0x16  Code  Gb  pmu_8xx.o [1]
Chip_PMU_PowerDownState
                        0x0000020d   0x16  Code  Gb  pmu_8xx.o [1]
Chip_PMU_SetPowerDownControl
                        0x00002ca9    0xc  Code  Lc  modem.o [1]
Chip_PMU_SetPowerDownControl
                        0x00001da3    0xc  Code  Lc  timer.o [1]
Chip_PMU_Sleep          0x0000023d   0x26  Code  Gb  pmu_8xx.o [1]
Chip_PMU_SleepState     0x000001e5   0x12  Code  Gb  pmu_8xx.o [1]
Chip_SPIM_GetClockRate  0x0000620d   0x14  Code  Gb  spim_8xx.o [1]
Chip_SPIM_SetClockRate  0x00006221   0x2c  Code  Gb  spim_8xx.o [1]
Chip_SPI_ClearCFGRegBits
                        0x0000596f    0xe  Code  Lc  spi-board.o [1]
Chip_SPI_ClearStatus    0x000068b9    0x4  Code  Lc  sx1276.o [1]
Chip_SPI_ConfigureSPI   0x000059ab   0x1c  Code  Lc  spi-board.o [1]
Chip_SPI_DelayConfig    0x00006251   0x2e  Code  Gb  spi_8xx.o [1]
Chip_SPI_Enable         0x000059a1    0xa  Code  Lc  spi-board.o [1]
Chip_SPI_GetStatus      0x000068b1    0x8  Code  Lc  sx1276.o [1]
Chip_SPI_Init           0x0000597d   0x24  Code  Lc  spi-board.o [1]
Chip_SPI_ReceiveFrame   0x000068e9    0x6  Code  Lc  sx1276.o [1]
Chip_SPI_SendFirstFrame
                        0x000068bd   0x14  Code  Lc  sx1276.o [1]
Chip_SPI_SendLastFrame  0x000068d5   0x14  Code  Lc  sx1276.o [1]
Chip_SPI_SendMidFrame   0x000068d1    0x4  Code  Lc  sx1276.o [1]
Chip_SPI_SetCFGRegBits  0x00005961    0xe  Code  Lc  spi-board.o [1]
Chip_SWM_DisableFixedPin
                        0x00003761   0x12  Code  Lc  lpc824board.o [1]
Chip_SWM_DisableFixedPin
                        0x00001d91   0x12  Code  Lc  timer.o [1]
Chip_SWM_DisableFixedPin
                        0x000057d1   0x12  Code  Lc  uart-board.o [1]
Chip_SWM_MovablePinAssign
                        0x00007cad   0x22  Code  Gb  swm_8xx.o [1]
Chip_SYSCTL_AssertPeriphReset
                        0x00005211   0x12  Code  Lc  clock_8xx.o [1]
Chip_SYSCTL_AssertPeriphReset
                        0x00002c49   0x12  Code  Lc  modem.o [1]
Chip_SYSCTL_AssertPeriphReset
                        0x000058f9   0x12  Code  Lc  spi-board.o [1]
Chip_SYSCTL_AssertPeriphReset
                        0x00003d05   0x12  Code  Lc  uart_8xx.o [1]
Chip_SYSCTL_DeassertPeriphReset
                        0x00005223   0x12  Code  Lc  clock_8xx.o [1]
Chip_SYSCTL_DeassertPeriphReset
                        0x00002c5b   0x12  Code  Lc  modem.o [1]
Chip_SYSCTL_DeassertPeriphReset
                        0x0000590b   0x12  Code  Lc  spi-board.o [1]
Chip_SYSCTL_DeassertPeriphReset
                        0x00003d17   0x12  Code  Lc  uart_8xx.o [1]
Chip_SYSCTL_EnablePINTWakeup
                        0x000062df   0x10  Code  Lc  sx1276-board.o [1]
Chip_SYSCTL_EnablePeriphWakeup
                        0x00002c7d    0xc  Code  Lc  modem.o [1]
Chip_SYSCTL_GetUSARTFRGDivider
                        0x00005259    0x8  Code  Lc  clock_8xx.o [1]
Chip_SYSCTL_GetUSARTFRGMultiplier
                        0x00005267    0x8  Code  Lc  clock_8xx.o [1]
Chip_SYSCTL_PeriphReset
                        0x00005235   0x10  Code  Lc  clock_8xx.o [1]
Chip_SYSCTL_PeriphReset
                        0x00002c6d   0x10  Code  Lc  modem.o [1]
Chip_SYSCTL_PeriphReset
                        0x0000591d   0x10  Code  Lc  spi-board.o [1]
Chip_SYSCTL_PeriphReset
                        0x00003d29   0x10  Code  Lc  uart_8xx.o [1]
Chip_SYSCTL_PowerDown   0x00007e53   0x16  Code  Gb  syscon_8xx.o [1]
Chip_SYSCTL_PowerUp     0x00007e69   0x16  Code  Gb  syscon_8xx.o [1]
Chip_SYSCTL_SetDeepSleepPD
                        0x00007e35    0xe  Code  Gb  syscon_8xx.o [1]
Chip_SYSCTL_SetPinInterrupt
                        0x000062d7    0x8  Code  Lc  sx1276-board.o [1]
Chip_SYSCTL_SetUSARTFRGDivider
                        0x00005253    0x6  Code  Lc  clock_8xx.o [1]
Chip_SYSCTL_SetUSARTFRGMultiplier
                        0x00005261    0x6  Code  Lc  clock_8xx.o [1]
Chip_SYSCTL_SetWakeup   0x00007e43   0x10  Code  Gb  syscon_8xx.o [1]
Chip_SetupIrcClocking   0x000067fd    0xc  Code  Gb  sysinit_8xx.o [1]
Chip_UART_ClearStatus   0x0000580f    0x4  Code  Lc  uart-board.o [1]
Chip_UART_ConfigData    0x00005803    0xc  Code  Lc  uart-board.o [1]
Chip_UART_Enable        0x000057e3    0xe  Code  Lc  uart-board.o [1]
Chip_UART_GetStatus     0x00003d6f    0x8  Code  Lc  uart_8xx.o [1]
Chip_UART_IRQRBHandler  0x00003e9b   0x34  Code  Gb  uart_8xx.o [1]
Chip_UART_Init          0x00003d8f   0x30  Code  Gb  uart_8xx.o [1]
Chip_UART_IntDisable    0x000057ff    0x4  Code  Lc  uart-board.o [1]
Chip_UART_IntDisable    0x00003d6b    0x4  Code  Lc  uart_8xx.o [1]
Chip_UART_IntEnable     0x000057fb    0x4  Code  Lc  uart-board.o [1]
Chip_UART_IntEnable     0x00003d67    0x4  Code  Lc  uart_8xx.o [1]
Chip_UART_RXIntHandlerRB
                        0x00003dd5   0x24  Code  Gb  uart_8xx.o [1]
Chip_UART_ReadByte      0x00003d5f    0x8  Code  Lc  uart_8xx.o [1]
Chip_UART_ReadRB        0x00003e8d    0xe  Code  Gb  uart_8xx.o [1]
Chip_UART_SendByte      0x00003d5b    0x4  Code  Lc  uart_8xx.o [1]
Chip_UART_SendRB        0x00003e23   0x42  Code  Gb  uart_8xx.o [1]
Chip_UART_SetBaud       0x00003dbf   0x16  Code  Gb  uart_8xx.o [1]
Chip_UART_TXEnable      0x000057f1    0xa  Code  Lc  uart-board.o [1]
Chip_UART_TXIntHandlerRB
                        0x00003df9   0x2a  Code  Gb  uart_8xx.o [1]
Chip_WKT_GetClockRate   0x00007e19   0x12  Code  Gb  wkt_8xx.o [1]
Chip_WKT_GetClockSource
                        0x00007df9    0xa  Code  Lc  wkt_8xx.o [1]
Chip_WKT_LoadCount      0x00002cd1    0x4  Code  Lc  modem.o [1]
Chip_WKT_SetClockSource
                        0x00007e03   0x16  Code  Gb  wkt_8xx.o [1]
Chip_WKT_Stop           0x00002cc3    0xe  Code  Lc  modem.o [1]
Chip_WWDT_ClearStatusFlag
                        0x000054b1   0x1e  Code  Gb  wwdt_8xx.o [1]
Chip_WWDT_Feed          0x00002bb1    0xa  Code  Lc  eeprom-board.o [1]
Chip_WWDT_Feed          0x00002cd9    0xa  Code  Lc  modem.o [1]
Chip_WWDT_Feed          0x00001dcd    0xa  Code  Lc  timer.o [1]
Chip_WWDT_Init          0x00005483   0x1c  Code  Gb  wwdt_8xx.o [1]
Chip_WWDT_SetOption     0x00002ceb    0xc  Code  Lc  modem.o [1]
Chip_WWDT_SetTimeOut    0x00002cd5    0x4  Code  Lc  modem.o [1]
Chip_WWDT_SetWarning    0x00002ce3    0x4  Code  Lc  modem.o [1]
Chip_WWDT_SetWindow     0x00002ce7    0x4  Code  Lc  modem.o [1]
Chip_WWDT_Start         0x00002cf7   0x12  Code  Lc  modem.o [1]
ComplianceTest          0x1000049c   0x14  Data  Gb  main.o [1]
CountChannels           0x00004e89   0x26  Code  Lc  RegionCommon.o [1]
CountNbOfEnabledChannels
                        0x000024dd   0x9a  Code  Lc  RegionCN470.o [1]
DataratesCN470          0x00002a68    0x8  Data  Lc  RegionCN470.o [1]
DelayMs                 0x00005721   0x2a  Code  Gb  delay-board.o [1]
DevEui                  0x100004cc    0x8  Data  Lc  main.o [1]
DeviceState             0x100004b8    0x1  Data  Gb  main.o [1]
DioIrq                  0x10000514   0x18  Data  Gb  sx1276.o [1]
DownLinkCounter         0x10000400    0x4  Data  Lc  LoRaMac.o [1]
DutyCycleOn             0x1000115d    0x1  Data  Lc  LoRaMac.o [1]
ExtRateIn               0x000002f0    0x4  Data  Gb  lpc824board.o [1]
GetBandwidth            0x000024b5   0x1e  Code  Lc  RegionCN470.o [1]
GetNextLowerTxDr        0x000024a1   0x14  Code  Lc  RegionCN470.o [1]
InStream_Read           0x00006587   0x22  Code  Lc  packbits_init.o [5]
IrqNestLevel            0x10001734    0x1  Data  Lc  board.o [1]
IsFPortAllowed          0x000010a1    0xc  Code  Lc  LoRaMac.o [1]
IsLastTxConfirmed       0x100004b3    0x1  Data  Lc  main.o [1]
IsLoRaMacNetworkJoined  0x100003c9    0x1  Data  Lc  LoRaMac.o [1]
IsRxWindowsEnabled      0x100003c8    0x1  Data  Lc  LoRaMac.o [1]
IsTxConfirmed           0x100004b2    0x1  Data  Lc  main.o [1]
IsUpLinkCounterFixed    0x100016f8    0x1  Data  Lc  LoRaMac.o [1]
LMIC                    0x10000b18  0x158  Data  Gb  modem.o [1]
LastTxChannel           0x100003d3    0x1  Data  Lc  LoRaMac.o [1]
LastTxIsJoinRequest     0x1000115e    0x1  Data  Lc  LoRaMac.o [1]
Led1Timer_OffLine       0x10000ce4   0x14  Data  Gb  modem.o [1]
LedIndication           0x00002e85   0x1c  Code  Gb  modem.o [1]
LimitTxPower            0x000024d3    0xa  Code  Lc  RegionCN470.o [1]
LoRaMacAppEui           0x100003e8    0x4  Data  Lc  LoRaMac.o [1]
LoRaMacAppKey           0x100003ec    0x4  Data  Lc  LoRaMac.o [1]
LoRaMacAppSKey          0x10000438   0x10  Data  Lc  LoRaMac.o [1]
LoRaMacBuffer           0x10001260  0x100  Data  Lc  LoRaMac.o [1]
LoRaMacBufferPktLen     0x100003e0    0x2  Data  Lc  LoRaMac.o [1]
LoRaMacCallbacks        0x100016e0    0x4  Data  Lc  LoRaMac.o [1]
LoRaMacComputeMic       0x000021bd   0x8a  Code  Gb  LoRaMacCrypto.o [1]
LoRaMacDevAddr          0x100003f4    0x4  Data  Lc  LoRaMac.o [1]
LoRaMacDevEui           0x100003e4    0x4  Data  Lc  LoRaMac.o [1]
LoRaMacDevNonce         0x100003dc    0x2  Data  Lc  LoRaMac.o [1]
LoRaMacDevNonceCopy     0x100003de    0x2  Data  Lc  LoRaMac.o [1]
LoRaMacDeviceClass      0x100003c5    0x1  Data  Lc  LoRaMac.o [1]
LoRaMacFlags            0x100003d8    0x4  Data  Gb  LoRaMac.o [1]
LoRaMacInitialization   0x00001415  0x1f6  Code  Gb  LoRaMac.o [1]
LoRaMacInitializationTime
                        0x10000410    0x4  Data  Lc  LoRaMac.o [1]
LoRaMacJoinComputeMic   0x0000231b   0x4e  Code  Gb  LoRaMacCrypto.o [1]
LoRaMacJoinComputeSKeys
                        0x000023ad   0x8e  Code  Gb  LoRaMacCrypto.o [1]
LoRaMacJoinDecrypt      0x00002369   0x44  Code  Gb  LoRaMacCrypto.o [1]
LoRaMacMcpsRequest      0x00001c11  0x14c  Code  Gb  LoRaMac.o [1]
LoRaMacMibGetRequestConfirm
                        0x000016ed  0x15e  Code  Gb  LoRaMac.o [1]
LoRaMacMibSetRequestConfirm
                        0x00001895  0x2b8  Code  Gb  LoRaMac.o [1]
LoRaMacMlmeRequest      0x00001b5d   0xa4  Code  Gb  LoRaMac.o [1]
LoRaMacNetID            0x100003f0    0x4  Data  Lc  LoRaMac.o [1]
LoRaMacNwkSKey          0x10000428   0x10  Data  Lc  LoRaMac.o [1]
LoRaMacParams           0x100015d4   0x38  Data  Gb  LoRaMac.o [1]
LoRaMacParamsDefaults   0x1000160c   0x38  Data  Gb  LoRaMac.o [1]
LoRaMacPayloadDecrypt   0x00002305   0x16  Code  Gb  LoRaMacCrypto.o [1]
LoRaMacPayloadEncrypt   0x00002247   0xbe  Code  Gb  LoRaMacCrypto.o [1]
LoRaMacPrimitives       0x10000418    0x4  Data  Lc  LoRaMac.o [1]
LoRaMacQueryTxPossible  0x00001615   0xc2  Code  Gb  LoRaMac.o [1]
LoRaMacRegion           0x100003c4    0x1  Data  Lc  LoRaMac.o [1]
LoRaMacRxPayload        0x10001360  0x100  Data  Lc  LoRaMac.o [1]
LoRaMacState            0x10000414    0x4  Data  Gb  LoRaMac.o [1]
LoRaMacTxPayloadLen     0x1000115c    0x1  Data  Lc  LoRaMac.o [1]
MODEM                   0x100009e8  0x130  Data  Lc  modem.o [1]
MacCommandsBuffer       0x10001160   0x80  Data  Lc  LoRaMac.o [1]
MacCommandsBufferIndex  0x100003ce    0x1  Data  Lc  LoRaMac.o [1]
MacCommandsBufferToRepeat
                        0x100011e0   0x80  Data  Lc  LoRaMac.o [1]
MacCommandsBufferToRepeatIndex
                        0x100003cf    0x1  Data  Lc  LoRaMac.o [1]
MacCommandsInNextTx     0x100003cd    0x1  Data  Lc  LoRaMac.o [1]
MacStateCheckTimer      0x10000448   0x14  Data  Lc  LoRaMac.o [1]
MaxDCycle               0x100003d1    0x1  Data  Lc  LoRaMac.o [1]
MaxPayloadOfDatarateCN470
                        0x000029ac    0x8  Data  Lc  RegionCN470.o [1]
MaxPayloadOfDatarateRepeaterCN470
                        0x000029a4    0x8  Data  Lc  RegionCN470.o [1]
McpsConfirm             0x100016e4   0x14  Data  Lc  LoRaMac.o [1]
McpsConfirm             0x00004095   0x42  Code  Lc  main.o [1]
McpsIndication          0x10001698   0x18  Data  Lc  LoRaMac.o [1]
McpsIndication          0x000040d7   0xba  Code  Lc  main.o [1]
Mic                     0x1000017c   0x10  Data  Lc  LoRaMacCrypto.o [1]
MicBlockB0              0x1000016c   0x10  Data  Lc  LoRaMacCrypto.o [1]
MlmeConfirm             0x100003b8    0xc  Data  Lc  LoRaMac.o [1]
MlmeConfirm             0x0000419d   0x7e  Code  Lc  main.o [1]
MlmeIndication          0x10000498    0x4  Data  Lc  LoRaMac.o [1]
MlmeIndication          0x00004221   0x10  Code  Lc  main.o [1]
MulticastChannels       0x100003f8    0x4  Data  Lc  LoRaMac.o [1]
NVIC_EnableIRQ          0x00006285    0xe  Code  Lc  sx1276-board.o [1]
NVIC_EnableIRQ          0x00005799    0xe  Code  Lc  uart-board.o [1]
NVIC_SetPriority        0x00003a7d   0x44  Code  Lc  board.o [1]
NVIC_SetPriority        0x00006293   0x44  Code  Lc  sx1276-board.o [1]
NVIC_SystemReset        0x00003ac1   0x10  Code  Lc  board.o [1]
NextTx                  0x100004b7    0x1  Data  Lc  main.o [1]
NodeAckRequested        0x100003cb    0x1  Data  Lc  LoRaMac.o [1]
OnAckTimeoutTimerEvent  0x00000e09   0x30  Code  Lc  LoRaMac.o [1]
OnLed1TimerEventNetOffline
                        0x00002dd1   0xae  Code  Lc  modem.o [1]
OnMacStateCheckTimerEvent
                        0x00000a81  0x294  Code  Lc  LoRaMac.o [1]
OnRadioRxDone           0x00000431  0x526  Code  Lc  LoRaMac.o [1]
OnRadioRxError          0x00000985   0x76  Code  Lc  LoRaMac.o [1]
OnRadioRxTimeout        0x000009fb   0x76  Code  Lc  LoRaMac.o [1]
OnRadioTxDone           0x00000301   0xe6  Code  Lc  LoRaMac.o [1]
OnRadioTxTimeout        0x00000957   0x2e  Code  Lc  LoRaMac.o [1]
OnRxWindow1TimerEvent   0x00000d31   0x4c  Code  Lc  LoRaMac.o [1]
OnRxWindow2TimerEvent   0x00000d85   0x52  Code  Lc  LoRaMac.o [1]
OnTxDelayedTimerEvent   0x00000d15   0x1c  Code  Lc  LoRaMac.o [1]
OnTxNextPacketTimerEvent
                        0x00004023   0x72  Code  Gb  main.o [1]
OpenContinuousRx2Window
                        0x000010ad    0xe  Code  Lc  LoRaMac.o [1]
OscRateIn               0x000002ec    0x4  Data  Gb  lpc824board.o [1]
PININT0_IRQHandler      0x00006503   0x10  Code  Gb  sx1276-board.o [1]
PININT1_IRQHandler      0x00006513   0x10  Code  Gb  sx1276-board.o [1]
PrepareFrame            0x000010cd  0x2a4  Code  Gb  LoRaMac.o [1]
PrepareRxDoneAbort      0x000003e7   0x34  Code  Lc  LoRaMac.o [1]
PrepareTxFrame          0x00003ed1   0x64  Code  Lc  main.o [1]
ProcessMacCommands      0x00000e8d    0x2  Code  Lc  LoRaMac.o [1]
PublicNetwork           0x100003c6    0x1  Data  Lc  LoRaMac.o [1]
Radio                   0x00006750   0x6c  Data  Gb  sx1276-board.o [1]
RadioEvents             0x100016c4   0x1c  Data  Lc  LoRaMac.o [1]
RadioEvents             0x10000510    0x4  Data  Lc  sx1276.o [1]
RadioIsActive           0x10001737    0x1  Data  Lc  sx1276-board.o [1]
RadioRegsInit           0x00007724   0x30  Data  Gb  sx1276.o [1]
Region$$Table$$Base     0x00006838          --   Gb  - Linker created -
Region$$Table$$Limit    0x0000686c          --   Gb  - Linker created -
RegionAdrNext           0x0000012b   0x1a  Code  Gb  Region.o [1]
RegionAlternateDr       0x00000189   0x12  Code  Gb  Region.o [1]
RegionApplyDrOffset     0x000001c5   0x1a  Code  Gb  Region.o [1]
RegionCN470AdrNext      0x00002811   0x74  Code  Gb  RegionCN470.o [1]
RegionCN470AlternateDr  0x00002a75    0x2  Code  Gb  RegionCN470.o [1]
RegionCN470ApplyDrOffset
                        0x00002b79   0x10  Code  Gb  RegionCN470.o [1]
RegionCN470CalcBackOff  0x00002a77   0x30  Code  Gb  RegionCN470.o [1]
RegionCN470ChanMaskSet  0x00002739   0xac  Code  Gb  RegionCN470.o [1]
RegionCN470ComputeRxWindowParameters
                        0x00002885   0x58  Code  Gb  RegionCN470.o [1]
RegionCN470GetPhyParam  0x00002579   0xa8  Code  Gb  RegionCN470.o [1]
RegionCN470InitDefaults
                        0x00002645   0x60  Code  Gb  RegionCN470.o [1]
RegionCN470NextChannel  0x00002ab1   0xb0  Code  Gb  RegionCN470.o [1]
RegionCN470RxConfig     0x00002909   0x90  Code  Gb  RegionCN470.o [1]
RegionCN470SetBandTxDone
                        0x00002625   0x20  Code  Gb  RegionCN470.o [1]
RegionCN470TxConfig     0x000029b5   0xae  Code  Gb  RegionCN470.o [1]
RegionCN470Verify       0x000026a5   0x5a  Code  Gb  RegionCN470.o [1]
RegionCalcBackOff       0x0000019b   0x10  Code  Gb  Region.o [1]
RegionChanMaskSet       0x00000119   0x12  Code  Gb  Region.o [1]
RegionCommonCalcBackOff
                        0x00005107   0x58  Code  Gb  RegionCommon.o [1]
RegionCommonChanMaskCopy
                        0x00004f07   0x22  Code  Gb  RegionCommon.o [1]
RegionCommonComputeRxWindowParameters
                        0x00005025   0xaa  Code  Gb  RegionCommon.o [1]
RegionCommonComputeSymbolTimeLoRa
                        0x00004fe9   0x2e  Code  Gb  RegionCommon.o [1]
RegionCommonComputeTxPower
                        0x000050dd   0x2a  Code  Gb  RegionCommon.o [1]
RegionCommonCountChannels
                        0x00004ed9   0x2e  Code  Gb  RegionCommon.o [1]
RegionCommonGetJoinDc   0x00004eaf   0x1a  Code  Gb  RegionCommon.o [1]
RegionCommonSetBandTxDone
                        0x00004f29    0xa  Code  Gb  RegionCommon.o [1]
RegionCommonUpdateBandTimeOff
                        0x00004f33   0xb6  Code  Gb  RegionCommon.o [1]
RegionCommonValueInRange
                        0x00004ec9   0x10  Code  Gb  RegionCommon.o [1]
RegionComputeRxWindowParameters
                        0x00000145   0x16  Code  Gb  Region.o [1]
RegionGetPhyParam       0x000000cd   0x16  Code  Gb  Region.o [1]
RegionInitDefaults      0x000000f3   0x10  Code  Gb  Region.o [1]
RegionIsActive          0x000000c1    0xc  Code  Gb  Region.o [1]
RegionNextChannel       0x000001ab   0x1a  Code  Gb  Region.o [1]
RegionRxConfig          0x0000015b   0x16  Code  Gb  Region.o [1]
RegionSetBandTxDone     0x000000e3   0x10  Code  Gb  Region.o [1]
RegionTxConfig          0x00000171   0x18  Code  Gb  Region.o [1]
RegionVerify            0x00000103   0x16  Code  Gb  Region.o [1]
RepeaterSupport         0x100003c7    0x1  Data  Lc  LoRaMac.o [1]
ResetMacParameters      0x00001011   0x82  Code  Lc  LoRaMac.o [1]
RingBuffer_GetCount     0x00005a69    0x8  Code  Lc  ring_buffer.o [1]
RingBuffer_GetFree      0x00005a71    0xe  Code  Lc  ring_buffer.o [1]
RingBuffer_Init         0x00005aa5   0x10  Code  Gb  ring_buffer.o [1]
RingBuffer_Insert       0x00005ab5   0x32  Code  Gb  ring_buffer.o [1]
RingBuffer_InsertMult   0x00005ae7   0x94  Code  Gb  ring_buffer.o [1]
RingBuffer_IsEmpty      0x00005a95   0x10  Code  Lc  ring_buffer.o [1]
RingBuffer_IsEmpty      0x00001dbd   0x10  Code  Lc  timer.o [1]
RingBuffer_IsEmpty      0x00003d4b   0x10  Code  Lc  uart_8xx.o [1]
RingBuffer_IsFull       0x00005a7f   0x16  Code  Lc  ring_buffer.o [1]
RingBuffer_Pop          0x00005b7b   0x32  Code  Gb  ring_buffer.o [1]
RingBuffer_PopMult      0x00005bad   0x92  Code  Gb  ring_buffer.o [1]
RxChainCalibration      0x00006a39   0x8e  Code  Lc  sx1276.o [1]
RxSlot                  0x100003d7    0x1  Data  Lc  LoRaMac.o [1]
RxTimeoutSyncWord       0x10000f0c   0x14  Data  Gb  sx1276.o [1]
RxTimeoutTimer          0x10000ef8   0x14  Data  Gb  sx1276.o [1]
RxTxBuffer              0x10000de4  0x100  Data  Lc  sx1276.o [1]
RxWindow1Config         0x10001148   0x14  Data  Lc  LoRaMac.o [1]
RxWindow1Delay          0x1000041c    0x4  Data  Lc  LoRaMac.o [1]
RxWindow2Config         0x100016fc   0x14  Data  Lc  LoRaMac.o [1]
RxWindow2Delay          0x10000420    0x4  Data  Lc  LoRaMac.o [1]
RxWindowSetup           0x00000e39   0x16  Code  Lc  LoRaMac.o [1]
RxWindowTimer1          0x10000470   0x14  Data  Gb  LoRaMac.o [1]
RxWindowTimer2          0x10000484   0x14  Data  Gb  LoRaMac.o [1]
SX1276                  0x10000cf8   0xec  Data  Gb  sx1276.o [1]
SX1276AntSwDeInit       0x000064c5   0x1a  Code  Gb  sx1276-board.o [1]
SX1276AntSwInit         0x000064ab   0x1a  Code  Gb  sx1276-board.o [1]
SX1276CheckRfFrequency  0x000064ff    0x4  Code  Gb  sx1276-board.o [1]
SX1276GetBoardTcxoWakeupTime
                        0x00006401    0x4  Code  Gb  sx1276-board.o [1]
SX1276GetPaSelect       0x00006473    0xe  Code  Gb  sx1276-board.o [1]
SX1276GetStatus         0x0000696d    0x6  Code  Gb  sx1276.o [1]
SX1276GetTimeOnAir      0x00006de5  0x128  Code  Gb  sx1276.o [1]
SX1276GetWakeupTime     0x000074f1    0xa  Code  Gb  sx1276.o [1]
SX1276Init              0x000068ef   0x7e  Code  Gb  sx1276.o [1]
SX1276IoInit            0x00006369   0x54  Code  Gb  sx1276-board.o [1]
SX1276IoIrqInit         0x000063bd   0x42  Code  Gb  sx1276-board.o [1]
SX1276IsChannelFree     0x000069af   0x48  Code  Gb  sx1276.o [1]
SX1276OnDio0Irq         0x00007589  0x150  Code  Gb  sx1276.o [1]
SX1276OnDio1Irq         0x000076d9   0x3c  Code  Gb  sx1276.o [1]
SX1276OnTimeoutIrq      0x000074fd   0x7c  Code  Gb  sx1276.o [1]
SX1276Random            0x000069f7   0x42  Code  Gb  sx1276.o [1]
SX1276Read              0x00007365   0x10  Code  Gb  sx1276.o [1]
SX1276ReadBuffer        0x000073ff   0x92  Code  Gb  sx1276.o [1]
SX1276ReadFifo          0x0000749f    0xe  Code  Gb  sx1276.o [1]
SX1276ReadRssi          0x0000728b   0x32  Code  Gb  sx1276.o [1]
SX1276Reset             0x00006405   0x28  Code  Gb  sx1276-board.o [1]
SX1276Send              0x00006f11   0x90  Code  Gb  sx1276.o [1]
SX1276SetAntSw          0x000064df   0x20  Code  Gb  sx1276-board.o [1]
SX1276SetAntSwLowPower  0x00006481   0x2a  Code  Gb  sx1276-board.o [1]
SX1276SetBoardTcxo      0x000063ff    0x2  Code  Lc  sx1276-board.o [1]
SX1276SetChannel        0x00006973   0x3c  Code  Gb  sx1276.o [1]
SX1276SetMaxPayloadLength
                        0x000074ad   0x18  Code  Gb  sx1276.o [1]
SX1276SetModem          0x000072ef   0x50  Code  Gb  sx1276.o [1]
SX1276SetOpMode         0x000072bf   0x30  Code  Gb  sx1276.o [1]
SX1276SetPublicNetwork  0x000074c5   0x26  Code  Gb  sx1276.o [1]
SX1276SetRfTxPower      0x0000642d   0x46  Code  Gb  sx1276-board.o [1]
SX1276SetRx             0x00007009  0x1ca  Code  Gb  sx1276.o [1]
SX1276SetRxConfig       0x00006ad5  0x1b2  Code  Gb  sx1276.o [1]
SX1276SetSleep          0x00006fa1   0x26  Code  Gb  sx1276.o [1]
SX1276SetStby           0x00006fc7   0x26  Code  Gb  sx1276.o [1]
SX1276SetTx             0x000071dd   0x72  Code  Gb  sx1276.o [1]
SX1276SetTxConfig       0x00006c99  0x144  Code  Gb  sx1276.o [1]
SX1276StartCad          0x0000725d   0x2e  Code  Gb  sx1276.o [1]
SX1276Write             0x00007359    0xc  Code  Gb  sx1276.o [1]
SX1276WriteBuffer       0x00007375   0x8a  Code  Gb  sx1276.o [1]
SX1276WriteFifo         0x00007491    0xe  Code  Gb  sx1276.o [1]
ScheduleTx              0x00000ec1  0x108  Code  Lc  LoRaMac.o [1]
Send                    0x00000e8f   0x2e  Code  Gb  LoRaMac.o [1]
SendFrame               0x00003f35   0x6e  Code  Lc  main.o [1]
SendFrameOnChannel      0x00001375   0x8e  Code  Gb  LoRaMac.o [1]
SpiInit                 0x000059c7   0x82  Code  Gb  spi-board.o [1]
SrvAckRequested         0x100003cc    0x1  Data  Lc  LoRaMac.o [1]
SysTick_Config          0x00003ad1   0x2a  Code  Lc  board.o [1]
SysTick_Handler         0x00003bad   0x1c  Code  Gb  board.o [1]
SystemCoreClock         0x1000172c    0x4  Data  Gb  chip_8xx.o [1]
SystemCoreClockUpdate   0x00005789   0x10  Code  Gb  chip_8xx.o [1]
SystemInit              0x000068a7    0x8  Code  Gb  sysinit.o [1]
TimerExists             0x00001fa7   0x18  Code  Lc  timer.o [1]
TimerGetCurrentTime     0x00001fdb    0x6  Code  Gb  timer.o [1]
TimerGetElapsedTime     0x00001fe1   0x16  Code  Gb  timer.o [1]
TimerGetValue           0x00001fcf    0xc  Code  Gb  timer.o [1]
TimerInit               0x00001dd7   0x10  Code  Gb  timer.o [1]
TimerInsertNewHeadTimer
                        0x00001ea3   0x22  Code  Lc  timer.o [1]
TimerInsertTimer        0x00001e49   0x5a  Code  Lc  timer.o [1]
TimerIrqHandler         0x00001ec5   0x4e  Code  Gb  timer.o [1]
TimerListHead           0x10001730    0x4  Data  Lc  timer.o [1]
TimerLowPowerHandler    0x0000201d  0x15a  Code  Gb  timer.o [1]
TimerSetTimeout         0x00001ff7   0x12  Code  Lc  timer.o [1]
TimerSetValue           0x00001fbf   0x10  Code  Gb  timer.o [1]
TimerStart              0x00001de7   0x62  Code  Gb  timer.o [1]
TimerStop               0x00001f13   0x94  Code  Gb  timer.o [1]
TxDelayedTimer          0x1000045c   0x14  Data  Gb  LoRaMac.o [1]
TxDutyCycleTime         0x100004c8    0x4  Data  Lc  main.o [1]
TxNextPacketTimer       0x100004ec   0x14  Data  Lc  main.o [1]
TxTimeOnAir             0x10000424    0x4  Data  Gb  LoRaMac.o [1]
TxTimeoutTimer          0x10000ee4   0x14  Data  Gb  sx1276.o [1]
UART0_IRQHandler        0x000058b9   0x10  Code  Gb  uart-board.o [1]
UartMcuInit             0x00005813   0xa6  Code  Gb  uart-board.o [1]
UpLinkCounter           0x100003fc    0x4  Data  Lc  LoRaMac.o [1]
ValidatePayloadLength   0x00000e4f   0x3e  Code  Lc  LoRaMac.o [1]
WakeupTest              0x00002d09   0x44  Code  Gb  modem.o [1]
__Vectors               0x00000000          --   Gb  iar_startup_lpc82x.o [1]
__Vectors_End           0x000000c0         Data  Gb  iar_startup_lpc82x.o [1]
__Vectors_Size {Abs}    0x000000c0          --   Gb  iar_startup_lpc82x.o [1]
__aeabi_cdrcmple        0x00006555         Code  Gb  DblCmpGe.o [4]
__aeabi_d2iz            0x00005fad         Code  Gb  DblToI32.o [4]
__aeabi_d2uiz           0x00005fd1         Code  Gb  DblToI32.o [4]
__aeabi_dadd            0x00005df9         Code  Gb  DblAddSub.o [4]
__aeabi_ddiv            0x00007e95         Code  Gb  DblDiv.o [4]
__aeabi_dmul            0x00005c75         Code  Gb  DblMul.o [4]
__aeabi_dsub            0x00005ebf         Code  Gb  DblAddSub.o [4]
__aeabi_f2d             0x00006115         Code  Gb  FltToDbl.o [4]
__aeabi_fsub            0x00006065         Code  Gb  FltAddSub.o [4]
__aeabi_i2d             0x00005c41         Code  Gb  I32ToDbl.o [4]
__aeabi_idiv            0x00007d03         Code  Gb  I32DivModFast.o [5]
__aeabi_idiv0           0x000061a1         Code  Gb  IntDivZer.o [5]
__aeabi_idivmod         0x00007d03         Code  Gb  I32DivModFast.o [5]
__aeabi_ldiv0           0x00006281         Code  Gb  I64DivZer.o [5]
__aeabi_memclr4         0x00007df5         Code  Gb  ABImemset.o [5]
__aeabi_memclr8         0x00007df5         Code  Gb  ABImemset.o [5]
__aeabi_memcpy          0x00002445         Code  Gb  ABImemcpy.o [5]
__aeabi_memcpy4         0x0000246d         Code  Wk  ABImemcpy.o [5]
__aeabi_memset4         0x00007db9         Code  Gb  ABImemset.o [5]
__aeabi_memset8         0x00007db9         Code  Gb  ABImemset.o [5]
__aeabi_ui2d            0x00005c55         Code  Gb  I32ToDbl.o [4]
__aeabi_ui2f            0x000002cd         Code  Gb  I32ToFlt.o [4]
__aeabi_uidiv           0x00007d09         Code  Gb  I32DivModFast.o [5]
__aeabi_uidivmod        0x00007d09         Code  Gb  I32DivModFast.o [5]
__aeabi_uldivmod        0x000061a3         Code  Gb  I64DivMod.o [5]
__cmain                 0x0000686d         Code  Gb  cmain.o [5]
__exit                  0x00006669   0x14  Code  Gb  exit.o [6]
__iar_Memset4_word      0x00007dc5         Code  Gb  ABImemset.o [5]
__iar_ceil              0x00000275         Code  Gb  ceil.o [4]
__iar_ceill             0x00000275         Code  Gb  ceil.o [4]
__iar_d2uiz             0x00005fd5         Code  Gb  DblToI32.o [4]
__iar_data_init3        0x00006811   0x28  Code  Gb  data_init.o [5]
__iar_floor             0x00006149         Code  Gb  floor.o [4]
__iar_floorl            0x00006149         Code  Gb  floor.o [4]
__iar_packbits_init3    0x000065a9   0xb6  Code  Gb  packbits_init.o [5]
__iar_program_start     0x0000689b         Code  Gb  cstartup_M.o [5]
__iar_ui2d              0x00005c59         Code  Gb  I32ToDbl.o [4]
__iar_ui2f              0x000002d1         Code  Gb  I32ToFlt.o [4]
__iar_zero_init3        0x00007c81   0x2a  Code  Gb  zero_init3.o [5]
__low_level_init        0x00007f57    0x4  Code  Gb  low_level_init.o [3]
__vector_table          0x00000000         Data  Gb  iar_startup_lpc82x.o [1]
__vector_table_0x1c     0x00000010         Data  Gb  iar_startup_lpc82x.o [1]
_call_main              0x00006879         Code  Gb  cmain.o [5]
_exit                   0x00006891         Code  Gb  cexit.o [5]
_main                   0x00006883         Code  Gb  cmain.o [5]
aBlock                  0x100002a4   0x10  Data  Lc  LoRaMacCrypto.o [1]
aLarmTimerTime          0x10000540    0x4  Data  Gb  board.o [1]
abort                   0x0000665f    0xa  Code  Gb  abort.o [3]
add_round_key           0x00004829    0x8  Code  Lc  aes.o [1]
aes_encrypt             0x00004d37   0x52  Code  Gb  aes.o [1]
aes_set_key             0x00004c35  0x102  Code  Gb  aes.o [1]
bitNeedAck              0x100004b4    0x1  Data  Gb  main.o [1]
bitNeedAckTimer         0x100004c4    0x4  Data  Gb  main.o [1]
caculateDr              0x000026ff   0x2e  Code  Gb  RegionCN470.o [1]
ceil                    0x00000275         Code  Gb  ceil.o [4]
ceill                   0x00000275         Code  Gb  ceil.o [4]
config_tab              0x0000784c  0x354  Data  Lc  irc_8xx.o [1]
config_tab_idx          0x100016fa    0x2  Data  Lc  irc_8xx.o [1]
copy_and_key            0x000047a3   0x86  Code  Lc  aes.o [1]
copy_block              0x000046c9   0x42  Code  Lc  aes.o [1]
copy_block_nn           0x0000470b   0x16  Code  Lc  aes.o [1]
cpystr                  0x000055cb   0x18  Code  Gb  hex.o [1]
eeprom_write            0x00002bbb   0x7e  Code  Gb  eeprom-board.o [1]
enableChannelDR         0x100004bc    0x8  Data  Gb  main.o [1]
enableChannelsDRnum     0x100004b6    0x1  Data  Gb  main.o [1]
evnames                 0x1000012c   0x40  Data  Lc  modem.o [1]
exit                    0x00006887    0x8  Code  Gb  exit.o [3]
floor                   0x00006149         Code  Gb  floor.o [4]
floorl                  0x00006149         Code  Gb  floor.o [4]
frame_init              0x00003bf1   0x14  Code  Gb  frame.o [1]
frame_rx                0x00003c05   0xfc  Code  Gb  frame.o [1]
getUARTClockID          0x00003d77   0x18  Code  Lc  uart_8xx.o [1]
gethex                  0x000054d1   0x3e  Code  Gb  hex.o [1]
gfm2_sbox               0x00004b34  0x100  Data  Lc  aes.o [1]
gfm3_sbox               0x00004a34  0x100  Data  Lc  aes.o [1]
hex2int                 0x00005569   0x32  Code  Gb  hex.o [1]
hexval                  0x000055f8  0x100  Data  Lc  hex.o [1]
iap_entry               0x00005161    0x8  Code  Lc  iap.o [1]
int2hex                 0x00005545   0x24  Code  Gb  hex.o [1]
joincfg                 0x10001644   0x24  Data  Lc  modem.o [1]
ledBits                 0x000037cc    0x1  Data  Lc  lpc824board.o [1]
ledstatus               0x10001735    0x1  Data  Lc  lpc824board.o [1]
main                    0x00004231  0x222  Code  Gb  main.o [1]
memcmp                  0x000056f9   0x28  Code  Gb  memcmp.o [5]
memcpy1                 0x00003a3b   0x16  Code  Gb  utilities.o [1]
memcpyr                 0x00003a51   0x1a  Code  Gb  utilities.o [1]
memset1                 0x00003a6b   0x12  Code  Gb  utilities.o [1]
mix_sub_columns         0x00004895  0x19a  Code  Lc  aes.o [1]
modemSendFrame          0x00003fa3   0x80  Code  Gb  main.o [1]
modem_init              0x0000317d   0x30  Code  Gb  modem.o [1]
modem_rxdone            0x000031dd  0x540  Code  Gb  modem.o [1]
modem_wkt_init          0x00002d4d   0x2a  Code  Gb  modem.o [1]
modem_wwdt_init         0x00002d77   0x54  Code  Gb  modem.o [1]
next                    0x10000558    0x4  Data  Lc  utilities.o [1]
onEvent                 0x00002eb9  0x164  Code  Gb  modem.o [1]
os_crc16                0x00003021   0x38  Code  Gb  modem.o [1]
persist                 0x10000c70   0x74  Data  Gb  modem.o [1]
persist_init            0x00003061  0x104  Code  Lc  modem.o [1]
pll_config              0x00007781   0x4a  Code  Lc  irc_8xx.o [1]
puthex                  0x00005511   0x34  Code  Gb  hex.o [1]
rand1                   0x000039f5   0x1a  Code  Gb  utilities.o [1]
randr                   0x00003a25   0x16  Code  Gb  utilities.o [1]
reverse                 0x0000559b   0x22  Code  Gb  hex.o [1]
rxbuff                  0x10000f48  0x100  Data  Gb  uart-board.o [1]
rxframe                 0x10001710   0x10  Data  Gb  frame.o [1]
rxring                  0x10000f34   0x14  Data  Gb  uart-board.o [1]
sBlock                  0x100002b4   0x10  Data  Lc  LoRaMacCrypto.o [1]
sTartAlarmTimerTime     0x10000544    0x4  Data  Gb  board.o [1]
sbox                    0x00004d88  0x100  Data  Lc  aes.o [1]
sesscfg                 0x10001668   0x30  Data  Lc  modem.o [1]
shift_sub_rows          0x00004831   0x64  Code  Lc  aes.o [1]
srand1                  0x00003a0f    0x6  Code  Gb  utilities.o [1]
src_iap_array_data      0x10001554   0x80  Data  Gb  eeprom-board.o [1]
strlen                  0x00000265   0x10  Code  Gb  strlen.o [5]
systick                 0x1000053c    0x4  Data  Gb  board.o [1]
tolower                 0x000055bd    0xe  Code  Gb  hex.o [1]
txbuff                  0x10001048  0x100  Data  Gb  uart-board.o [1]
txring                  0x10000f20   0x14  Data  Gb  uart-board.o [1]
uartflashtimer          0x10000554    0x4  Data  Gb  timer.o [1]
wdtOSCRate              0x00005430   0x40  Data  Lc  clock_8xx.o [1]
xor_block               0x00004721   0x82  Code  Lc  aes.o [1]


[1] = F:\LoRaProduct\source code\LoRaMac-node\IAR\Debug\Obj
[2] = command line
[3] = dl6M_tln.a
[4] = m6M_tl.a
[5] = rt6M_tl.a
[6] = shb_l.a

  32 010 bytes of readonly  code memory
     546 bytes of readonly  data memory
   7 992 bytes of readwrite data memory

Errors: none
Warnings: none
